


ARM Macro Assembler    Page 1 


    1 00000000                 PRESERVE8
    2 00000000                 AREA             rtos_function, CODE, READONLY, 
ALIGN=3
    3 00000000         
    4 00000000                 EXPORT           PendSV_Handler
    5 00000000                 EXTERN           Task_GetCurrentCPU
    6 00000000                 EXTERN           Task_GetNextCPU
    7 00000000                 EXTERN           isIdle_Task
    8 00000000                 EXTERN           Task
    9 00000000         
   10 00000000 00000020 
                       R4_RS   EQU              32
   11 00000000 00000024 
                       R5_RS   EQU              36
   12 00000000 00000028 
                       R6_RS   EQU              40
   13 00000000 0000002C 
                       R7_RS   EQU              44
   14 00000000 00000030 
                       R8_RS   EQU              48
   15 00000000 00000034 
                       R9_RS   EQU              52
   16 00000000 00000038 
                       R10_RS  EQU              56
   17 00000000 0000003C 
                       R11_RS  EQU              60
   18 00000000 00000040 
                       SP_RS   EQU              64
   19 00000000         
   20 00000000         PendSV_Handler
   21 00000000         ; Save current CPU context
   22 00000000 F7FF FFFE       BL               Task_GetCurrentCPU
   23 00000004         
   24 00000004         ; Check isIdle_Task flag
   25 00000004 4A1A            LDR              R2, =isIdle_Task
   26 00000006 6812            LDR              R2, [R2]
   27 00000008 2A01            CMP              R2, #1
   28 0000000A D025            BEQ              IS_IDLE_TASK
   29 0000000C         
   30 0000000C         STR_CPU
   31 0000000C         ; Store current task's CPU context
   32 0000000C 6204            STR              R4,  [R0, #R4_RS]
   33 0000000E 6245            STR              R5,  [R0, #R5_RS]
   34 00000010 6286            STR              R6,  [R0, #R6_RS]
   35 00000012 62C7            STR              R7,  [R0, #R7_RS]
   36 00000014 F8C0 8030       STR              R8,  [R0, #R8_RS]
   37 00000018 F8C0 9034       STR              R9,  [R0, #R9_RS]
   38 0000001C F8C0 A038       STR              R10, [R0, #R10_RS]
   39 00000020 F8C0 B03C       STR              R11, [R0, #R11_RS]
   40 00000024 F3EF 8109       MRS              R1,  PSP
   41 00000028 6401            STR              R1,  [R0, #SP_RS]
   42 0000002A         
   43 0000002A         GET_CPU
   44 0000002A         ; Get next CPU context
   45 0000002A F7FF FFFE       BL               Task_GetNextCPU
   46 0000002E         
   47 0000002E         ; Load next CPU context
   48 0000002E 6A04            LDR              R4,  [R0, #R4_RS]
   49 00000030 6A45            LDR              R5,  [R0, #R5_RS]



ARM Macro Assembler    Page 2 


   50 00000032 6A86            LDR              R6,  [R0, #R6_RS]
   51 00000034 6AC7            LDR              R7,  [R0, #R7_RS]
   52 00000036 F8D0 8030       LDR              R8,  [R0, #R8_RS]
   53 0000003A F8D0 9034       LDR              R9,  [R0, #R9_RS]
   54 0000003E F8D0 A038       LDR              R10, [R0, #R10_RS]
   55 00000042 F8D0 B03C       LDR              R11, [R0, #R11_RS]
   56 00000046 6C01            LDR              R1,  [R0, #SP_RS]
   57 00000048 F381 8809       MSR              PSP, R1
   58 0000004C         
   59 0000004C         ; Check if the next task is Task_idle (assume Task_idle 
                       = Task[0])
   60 0000004C 4B09            LDR              R3, =Task
   61 0000004E 4298            CMP              R0, R3
   62 00000050 D0FF            BEQ              BREAK
   63 00000052         
   64 00000052         BREAK
   65 00000052 F06F 0E02       MOV              LR, #0xFFFFFFFD
   66 00000056 4770            BX               LR
   67 00000058         
   68 00000058         
   69 00000058         IS_IDLE_TASK
   70 00000058         ; Initialize SP for idle task
   71 00000058 F04F 0C02       MOV              R12, #2
   72 0000005C F38C 8814       MSR              CONTROL, R12
   73 00000060         
   74 00000060 6C02            LDR              R2, [R0, #SP_RS]
   75 00000062 F382 8809       MSR              PSP, R2
   76 00000066 4902            LDR              R1, =isIdle_Task
   77 00000068 F04F 0200       MOV              R2, #0
   78 0000006C 600A            STR              R2, [R1]
   79 0000006E E7CD            B                STR_CPU     ; <-- Ðã s?a l?i dú
                                                            ng nhãn
   80 00000070         
   81 00000070                 END
              00000000 
              00000000 
Command Line: --debug --xref --diag_suppress=9931 --cpu=Cortex-M3 --apcs=interw
ork --depend=.\stm32_nolibrary\switch.d -o.\stm32_nolibrary\switch.o -I.\RTE\_S
TM32_FreeRTOS -IC:\Users\ADMIN\AppData\Local\Arm\Packs\ARM\CMSIS\5.7.0\CMSIS\Co
re\Include -IC:\Users\ADMIN\AppData\Local\Arm\Packs\Keil\STM32F1xx_DFP\2.4.1\De
vice\Include --predefine="__EVAL SETA 1" --predefine="__UVISION_VERSION SETA 53
1" --predefine="_RTE_ SETA 1" --predefine="STM32F10X_MD SETA 1" --predefine="_R
TE_ SETA 1" --list=..\output\switch.lst ..\Component\switch.asm



ARM Macro Assembler    Page 1 Alphabetic symbol ordering
Relocatable symbols

BREAK 00000052

Symbol: BREAK
   Definitions
      At line 64 in file ..\Component\switch.asm
   Uses
      At line 62 in file ..\Component\switch.asm
Comment: BREAK used once
GET_CPU 0000002A

Symbol: GET_CPU
   Definitions
      At line 43 in file ..\Component\switch.asm
   Uses
      None
Comment: GET_CPU unused
IS_IDLE_TASK 00000058

Symbol: IS_IDLE_TASK
   Definitions
      At line 69 in file ..\Component\switch.asm
   Uses
      At line 28 in file ..\Component\switch.asm
Comment: IS_IDLE_TASK used once
PendSV_Handler 00000000

Symbol: PendSV_Handler
   Definitions
      At line 20 in file ..\Component\switch.asm
   Uses
      At line 4 in file ..\Component\switch.asm
Comment: PendSV_Handler used once
STR_CPU 0000000C

Symbol: STR_CPU
   Definitions
      At line 30 in file ..\Component\switch.asm
   Uses
      At line 79 in file ..\Component\switch.asm
Comment: STR_CPU used once
rtos_function 00000000

Symbol: rtos_function
   Definitions
      At line 2 in file ..\Component\switch.asm
   Uses
      None
Comment: rtos_function unused
6 symbols



ARM Macro Assembler    Page 1 Alphabetic symbol ordering
Absolute symbols

R10_RS 00000038

Symbol: R10_RS
   Definitions
      At line 16 in file ..\Component\switch.asm
   Uses
      At line 38 in file ..\Component\switch.asm
      At line 54 in file ..\Component\switch.asm

R11_RS 0000003C

Symbol: R11_RS
   Definitions
      At line 17 in file ..\Component\switch.asm
   Uses
      At line 39 in file ..\Component\switch.asm
      At line 55 in file ..\Component\switch.asm

R4_RS 00000020

Symbol: R4_RS
   Definitions
      At line 10 in file ..\Component\switch.asm
   Uses
      At line 32 in file ..\Component\switch.asm
      At line 48 in file ..\Component\switch.asm

R5_RS 00000024

Symbol: R5_RS
   Definitions
      At line 11 in file ..\Component\switch.asm
   Uses
      At line 33 in file ..\Component\switch.asm
      At line 49 in file ..\Component\switch.asm

R6_RS 00000028

Symbol: R6_RS
   Definitions
      At line 12 in file ..\Component\switch.asm
   Uses
      At line 34 in file ..\Component\switch.asm
      At line 50 in file ..\Component\switch.asm

R7_RS 0000002C

Symbol: R7_RS
   Definitions
      At line 13 in file ..\Component\switch.asm
   Uses
      At line 35 in file ..\Component\switch.asm
      At line 51 in file ..\Component\switch.asm

R8_RS 00000030

Symbol: R8_RS
   Definitions
      At line 14 in file ..\Component\switch.asm



ARM Macro Assembler    Page 2 Alphabetic symbol ordering
Absolute symbols

   Uses
      At line 36 in file ..\Component\switch.asm
      At line 52 in file ..\Component\switch.asm

R9_RS 00000034

Symbol: R9_RS
   Definitions
      At line 15 in file ..\Component\switch.asm
   Uses
      At line 37 in file ..\Component\switch.asm
      At line 53 in file ..\Component\switch.asm

SP_RS 00000040

Symbol: SP_RS
   Definitions
      At line 18 in file ..\Component\switch.asm
   Uses
      At line 41 in file ..\Component\switch.asm
      At line 56 in file ..\Component\switch.asm
      At line 74 in file ..\Component\switch.asm

9 symbols



ARM Macro Assembler    Page 1 Alphabetic symbol ordering
External symbols

Task 00000000

Symbol: Task
   Definitions
      At line 8 in file ..\Component\switch.asm
   Uses
      At line 60 in file ..\Component\switch.asm
Comment: Task used once
Task_GetCurrentCPU 00000000

Symbol: Task_GetCurrentCPU
   Definitions
      At line 5 in file ..\Component\switch.asm
   Uses
      At line 22 in file ..\Component\switch.asm
Comment: Task_GetCurrentCPU used once
Task_GetNextCPU 00000000

Symbol: Task_GetNextCPU
   Definitions
      At line 6 in file ..\Component\switch.asm
   Uses
      At line 45 in file ..\Component\switch.asm
Comment: Task_GetNextCPU used once
isIdle_Task 00000000

Symbol: isIdle_Task
   Definitions
      At line 7 in file ..\Component\switch.asm
   Uses
      At line 25 in file ..\Component\switch.asm
      At line 76 in file ..\Component\switch.asm

4 symbols
355 symbols in table
