Archive member included to satisfy reference by file (symbol)

c:/gnu_toolchain/gcc_new/bin/../lib/gcc/arm-none-eabi/10.3.1/thumb/v7-m/nofp\libgcc.a(_arm_mulsf3.o)
                              ./Output/Component/Uart_Lib/UART_Handmade.o (__aeabi_fmul)
c:/gnu_toolchain/gcc_new/bin/../lib/gcc/arm-none-eabi/10.3.1/thumb/v7-m/nofp\libgcc.a(_arm_addsubsf3.o)
                              ./Output/Component/Uart_Lib/UART_Handmade.o (__aeabi_fsub)
c:/gnu_toolchain/gcc_new/bin/../lib/gcc/arm-none-eabi/10.3.1/thumb/v7-m/nofp\libgcc.a(_arm_muldivsf3.o)
                              ./Output/Component/Uart_Lib/UART_Handmade.o (__aeabi_fdiv)
c:/gnu_toolchain/gcc_new/bin/../lib/gcc/arm-none-eabi/10.3.1/thumb/v7-m/nofp\libgcc.a(_arm_fixunssfsi.o)
                              ./Output/Component/Uart_Lib/UART_Handmade.o (__aeabi_f2uiz)
c:/gnu_toolchain/gcc_new/bin/../lib/gcc/arm-none-eabi/10.3.1/../../../../arm-none-eabi/lib/thumb/v7-m/nofp\libc_nano.a(lib_a-errno.o)
                              ./Output/Component/Syscall/Syscall_Handmade.o (__errno)
c:/gnu_toolchain/gcc_new/bin/../lib/gcc/arm-none-eabi/10.3.1/../../../../arm-none-eabi/lib/thumb/v7-m/nofp\libc_nano.a(lib_a-impure.o)
                              c:/gnu_toolchain/gcc_new/bin/../lib/gcc/arm-none-eabi/10.3.1/../../../../arm-none-eabi/lib/thumb/v7-m/nofp\libc_nano.a(lib_a-errno.o) (_impure_ptr)
c:/gnu_toolchain/gcc_new/bin/../lib/gcc/arm-none-eabi/10.3.1/../../../../arm-none-eabi/lib/thumb/v7-m/nofp\libc_nano.a(lib_a-memcpy-stub.o)
                              ./Output/main/STM32_Startup.o (memcpy)
c:/gnu_toolchain/gcc_new/bin/../lib/gcc/arm-none-eabi/10.3.1/../../../../arm-none-eabi/lib/thumb/v7-m/nofp\libc_nano.a(lib_a-memset.o)
                              ./Output/main/STM32_Startup.o (memset)

Discarded input sections

 .text          0x00000000        0x0 ./Output/main/main.o
 .data          0x00000000        0x0 ./Output/main/main.o
 .bss           0x00000000        0x0 ./Output/main/main.o
 .bss.ADC_Buffer
                0x00000000        0x4 ./Output/main/main.o
 .data.GPIO_PWM
                0x00000000        0x4 ./Output/main/main.o
 .data.PWMconfig
                0x00000000       0x20 ./Output/main/main.o
 .data.adcConfig_2_PinADC
                0x00000000       0x3a ./Output/main/main.o
 .data.dmaADC_2_Pin
                0x00000000       0x18 ./Output/main/main.o
 .text          0x00000000        0x0 ./Output/main/STM32_Startup.o
 .data          0x00000000        0x0 ./Output/main/STM32_Startup.o
 .bss           0x00000000        0x0 ./Output/main/STM32_Startup.o
 .text          0x00000000        0x0 ./Output/Component/Adc_Lib/ADC_Handmade.o
 .data          0x00000000        0x0 ./Output/Component/Adc_Lib/ADC_Handmade.o
 .bss           0x00000000        0x0 ./Output/Component/Adc_Lib/ADC_Handmade.o
 .text.ADC_EnableClock
                0x00000000       0x30 ./Output/Component/Adc_Lib/ADC_Handmade.o
 .text.ADC_Init
                0x00000000      0x474 ./Output/Component/Adc_Lib/ADC_Handmade.o
 .text.ADC_ReadMultiple
                0x00000000       0x58 ./Output/Component/Adc_Lib/ADC_Handmade.o
 .text.ADC_DMA_Start
                0x00000000       0x24 ./Output/Component/Adc_Lib/ADC_Handmade.o
 .comment       0x00000000       0x4a ./Output/Component/Adc_Lib/ADC_Handmade.o
 .ARM.attributes
                0x00000000       0x2d ./Output/Component/Adc_Lib/ADC_Handmade.o
 .text          0x00000000        0x0 ./Output/Component/Config_Manager/Config.o
 .data          0x00000000        0x0 ./Output/Component/Config_Manager/Config.o
 .bss           0x00000000        0x0 ./Output/Component/Config_Manager/Config.o
 .text.uint16_to_char
                0x00000000       0xac ./Output/Component/Config_Manager/Config.o
 .text.memset_custom
                0x00000000        0x8 ./Output/Component/Config_Manager/Config.o
 .text          0x00000000        0x0 ./Output/Component/DMA_Lib/DMA_Handmade.o
 .data          0x00000000        0x0 ./Output/Component/DMA_Lib/DMA_Handmade.o
 .bss           0x00000000        0x0 ./Output/Component/DMA_Lib/DMA_Handmade.o
 .text.DMA_Init
                0x00000000       0xf8 ./Output/Component/DMA_Lib/DMA_Handmade.o
 .text.DMA_Start
                0x00000000       0x40 ./Output/Component/DMA_Lib/DMA_Handmade.o
 .comment       0x00000000       0x4a ./Output/Component/DMA_Lib/DMA_Handmade.o
 .ARM.attributes
                0x00000000       0x2d ./Output/Component/DMA_Lib/DMA_Handmade.o
 .text          0x00000000        0x0 ./Output/Component/Flash_Lib/Flash_Handmade.o
 .data          0x00000000        0x0 ./Output/Component/Flash_Lib/Flash_Handmade.o
 .bss           0x00000000        0x0 ./Output/Component/Flash_Lib/Flash_Handmade.o
 .text.Flash_Unlock
                0x00000000       0x18 ./Output/Component/Flash_Lib/Flash_Handmade.o
 .text.Flash_Lock
                0x00000000       0x10 ./Output/Component/Flash_Lib/Flash_Handmade.o
 .text.Flash_ErasePage
                0x00000000       0x58 ./Output/Component/Flash_Lib/Flash_Handmade.o
 .text.Flash_WriteHalfWord
                0x00000000       0x4c ./Output/Component/Flash_Lib/Flash_Handmade.o
 .text          0x00000000        0x0 ./Output/Component/GPIO_Lib/GPIO_Handmade.o
 .data          0x00000000        0x0 ./Output/Component/GPIO_Lib/GPIO_Handmade.o
 .bss           0x00000000        0x0 ./Output/Component/GPIO_Lib/GPIO_Handmade.o
 .text.ReadPin  0x00000000       0x20 ./Output/Component/GPIO_Lib/GPIO_Handmade.o
 .text.TogglePin
                0x00000000       0x30 ./Output/Component/GPIO_Lib/GPIO_Handmade.o
 .text.WriteMultiPins
                0x00000000       0x28 ./Output/Component/GPIO_Lib/GPIO_Handmade.o
 .text.ReadMultiPins
                0x00000000       0x68 ./Output/Component/GPIO_Lib/GPIO_Handmade.o
 .text.enableSWD
                0x00000000       0x34 ./Output/Component/GPIO_Lib/GPIO_Handmade.o
 .text          0x00000000        0x0 ./Output/Component/HexFileProcessing/HexFileProcessing.o
 .data          0x00000000        0x0 ./Output/Component/HexFileProcessing/HexFileProcessing.o
 .bss           0x00000000        0x0 ./Output/Component/HexFileProcessing/HexFileProcessing.o
 .text.CalculateChecksum
                0x00000000       0xd0 ./Output/Component/HexFileProcessing/HexFileProcessing.o
 .text.parseHex
                0x00000000      0x13c ./Output/Component/HexFileProcessing/HexFileProcessing.o
 .text          0x00000000        0x0 ./Output/Component/Nvic_Lib/NVIC_Handmade.o
 .data          0x00000000        0x0 ./Output/Component/Nvic_Lib/NVIC_Handmade.o
 .bss           0x00000000        0x0 ./Output/Component/Nvic_Lib/NVIC_Handmade.o
 .text.Disable_Intterupt_NVIC
                0x00000000       0x20 ./Output/Component/Nvic_Lib/NVIC_Handmade.o
 .text.setPriorityInterrupt
                0x00000000       0x34 ./Output/Component/Nvic_Lib/NVIC_Handmade.o
 .text          0x00000000        0x0 ./Output/Component/RCC_Lib/RCC_Handmade.o
 .data          0x00000000        0x0 ./Output/Component/RCC_Lib/RCC_Handmade.o
 .bss           0x00000000        0x0 ./Output/Component/RCC_Lib/RCC_Handmade.o
 .text.Enable_Clock_RCC_AHB
                0x00000000       0x1c ./Output/Component/RCC_Lib/RCC_Handmade.o
 .text.Select_Prescaler_RCC
                0x00000000       0xb4 ./Output/Component/RCC_Lib/RCC_Handmade.o
 .text.Select_Sources_Clock
                0x00000000       0x48 ./Output/Component/RCC_Lib/RCC_Handmade.o
 .text.getFrequencyAHB
                0x00000000       0x30 ./Output/Component/RCC_Lib/RCC_Handmade.o
 .text          0x00000000        0x0 ./Output/Component/Syscall/Syscall_Handmade.o
 .data          0x00000000        0x0 ./Output/Component/Syscall/Syscall_Handmade.o
 .bss           0x00000000        0x0 ./Output/Component/Syscall/Syscall_Handmade.o
 .text._sbrk    0x00000000       0x30 ./Output/Component/Syscall/Syscall_Handmade.o
 .text.get_free_flash
                0x00000000       0x10 ./Output/Component/Syscall/Syscall_Handmade.o
 .text.get_free_ram
                0x00000000       0x10 ./Output/Component/Syscall/Syscall_Handmade.o
 .text.get_free_heap
                0x00000000       0x14 ./Output/Component/Syscall/Syscall_Handmade.o
 .text.get_free_stack
                0x00000000       0x10 ./Output/Component/Syscall/Syscall_Handmade.o
 .text.get_flash_used_percentage
                0x00000000        0x4 ./Output/Component/Syscall/Syscall_Handmade.o
 .text.get_ram_used_percentage
                0x00000000       0x24 ./Output/Component/Syscall/Syscall_Handmade.o
 .text.get_heap_used_percentage
                0x00000000       0x24 ./Output/Component/Syscall/Syscall_Handmade.o
 .text.get_stack_used_percentage
                0x00000000       0x20 ./Output/Component/Syscall/Syscall_Handmade.o
 .data.heap_end
                0x00000000        0x4 ./Output/Component/Syscall/Syscall_Handmade.o
 .comment       0x00000000       0x4a ./Output/Component/Syscall/Syscall_Handmade.o
 .ARM.attributes
                0x00000000       0x2d ./Output/Component/Syscall/Syscall_Handmade.o
 .text          0x00000000        0x0 ./Output/Component/SysTick_Lib/Systick_Handmade.o
 .data          0x00000000        0x0 ./Output/Component/SysTick_Lib/Systick_Handmade.o
 .bss           0x00000000        0x0 ./Output/Component/SysTick_Lib/Systick_Handmade.o
 .text          0x00000000        0x0 ./Output/Component/Timer_Lib/Timer_Handmade.o
 .data          0x00000000        0x0 ./Output/Component/Timer_Lib/Timer_Handmade.o
 .bss           0x00000000        0x0 ./Output/Component/Timer_Lib/Timer_Handmade.o
 .text.initTimer
                0x00000000      0x138 ./Output/Component/Timer_Lib/Timer_Handmade.o
 .text.StartPWMNormal
                0x00000000       0x80 ./Output/Component/Timer_Lib/Timer_Handmade.o
 .text.SetDutyCycle
                0x00000000       0x30 ./Output/Component/Timer_Lib/Timer_Handmade.o
 .bss.ValueAutoReload
                0x00000000        0x4 ./Output/Component/Timer_Lib/Timer_Handmade.o
 .rodata.TIMx   0x00000000       0x10 ./Output/Component/Timer_Lib/Timer_Handmade.o
 .comment       0x00000000       0x4a ./Output/Component/Timer_Lib/Timer_Handmade.o
 .ARM.attributes
                0x00000000       0x2d ./Output/Component/Timer_Lib/Timer_Handmade.o
 .text          0x00000000        0x0 ./Output/Component/Uart_Lib/UART_Handmade.o
 .data          0x00000000        0x0 ./Output/Component/Uart_Lib/UART_Handmade.o
 .bss           0x00000000        0x0 ./Output/Component/Uart_Lib/UART_Handmade.o
 .text.ReceiveDataUART
                0x00000000       0x40 ./Output/Component/Uart_Lib/UART_Handmade.o
 .text.interruptEnable
                0x00000000       0x14 ./Output/Component/Uart_Lib/UART_Handmade.o
 .text.interruptDisable
                0x00000000       0x14 ./Output/Component/Uart_Lib/UART_Handmade.o
 .text.ReceiveDataUART_IT
                0x00000000       0x50 ./Output/Component/Uart_Lib/UART_Handmade.o
 .bss.idx.0     0x00000000        0x1 ./Output/Component/Uart_Lib/UART_Handmade.o
 .text          0x00000000      0x168 c:/gnu_toolchain/gcc_new/bin/../lib/gcc/arm-none-eabi/10.3.1/thumb/v7-m/nofp\libgcc.a(_arm_mulsf3.o)
 .data          0x00000000        0x0 c:/gnu_toolchain/gcc_new/bin/../lib/gcc/arm-none-eabi/10.3.1/thumb/v7-m/nofp\libgcc.a(_arm_mulsf3.o)
 .bss           0x00000000        0x0 c:/gnu_toolchain/gcc_new/bin/../lib/gcc/arm-none-eabi/10.3.1/thumb/v7-m/nofp\libgcc.a(_arm_mulsf3.o)
 .debug_frame   0x00000000       0x24 c:/gnu_toolchain/gcc_new/bin/../lib/gcc/arm-none-eabi/10.3.1/thumb/v7-m/nofp\libgcc.a(_arm_mulsf3.o)
 .ARM.attributes
                0x00000000       0x1d c:/gnu_toolchain/gcc_new/bin/../lib/gcc/arm-none-eabi/10.3.1/thumb/v7-m/nofp\libgcc.a(_arm_mulsf3.o)
 .data          0x00000000        0x0 c:/gnu_toolchain/gcc_new/bin/../lib/gcc/arm-none-eabi/10.3.1/thumb/v7-m/nofp\libgcc.a(_arm_addsubsf3.o)
 .bss           0x00000000        0x0 c:/gnu_toolchain/gcc_new/bin/../lib/gcc/arm-none-eabi/10.3.1/thumb/v7-m/nofp\libgcc.a(_arm_addsubsf3.o)
 .data          0x00000000        0x0 c:/gnu_toolchain/gcc_new/bin/../lib/gcc/arm-none-eabi/10.3.1/thumb/v7-m/nofp\libgcc.a(_arm_muldivsf3.o)
 .bss           0x00000000        0x0 c:/gnu_toolchain/gcc_new/bin/../lib/gcc/arm-none-eabi/10.3.1/thumb/v7-m/nofp\libgcc.a(_arm_muldivsf3.o)
 .data          0x00000000        0x0 c:/gnu_toolchain/gcc_new/bin/../lib/gcc/arm-none-eabi/10.3.1/thumb/v7-m/nofp\libgcc.a(_arm_fixunssfsi.o)
 .bss           0x00000000        0x0 c:/gnu_toolchain/gcc_new/bin/../lib/gcc/arm-none-eabi/10.3.1/thumb/v7-m/nofp\libgcc.a(_arm_fixunssfsi.o)
 .text          0x00000000        0x0 c:/gnu_toolchain/gcc_new/bin/../lib/gcc/arm-none-eabi/10.3.1/../../../../arm-none-eabi/lib/thumb/v7-m/nofp\libc_nano.a(lib_a-errno.o)
 .data          0x00000000        0x0 c:/gnu_toolchain/gcc_new/bin/../lib/gcc/arm-none-eabi/10.3.1/../../../../arm-none-eabi/lib/thumb/v7-m/nofp\libc_nano.a(lib_a-errno.o)
 .bss           0x00000000        0x0 c:/gnu_toolchain/gcc_new/bin/../lib/gcc/arm-none-eabi/10.3.1/../../../../arm-none-eabi/lib/thumb/v7-m/nofp\libc_nano.a(lib_a-errno.o)
 .text.__errno  0x00000000        0xc c:/gnu_toolchain/gcc_new/bin/../lib/gcc/arm-none-eabi/10.3.1/../../../../arm-none-eabi/lib/thumb/v7-m/nofp\libc_nano.a(lib_a-errno.o)
 .debug_frame   0x00000000       0x20 c:/gnu_toolchain/gcc_new/bin/../lib/gcc/arm-none-eabi/10.3.1/../../../../arm-none-eabi/lib/thumb/v7-m/nofp\libc_nano.a(lib_a-errno.o)
 .ARM.attributes
                0x00000000       0x2d c:/gnu_toolchain/gcc_new/bin/../lib/gcc/arm-none-eabi/10.3.1/../../../../arm-none-eabi/lib/thumb/v7-m/nofp\libc_nano.a(lib_a-errno.o)
 .text          0x00000000        0x0 c:/gnu_toolchain/gcc_new/bin/../lib/gcc/arm-none-eabi/10.3.1/../../../../arm-none-eabi/lib/thumb/v7-m/nofp\libc_nano.a(lib_a-impure.o)
 .data          0x00000000        0x0 c:/gnu_toolchain/gcc_new/bin/../lib/gcc/arm-none-eabi/10.3.1/../../../../arm-none-eabi/lib/thumb/v7-m/nofp\libc_nano.a(lib_a-impure.o)
 .bss           0x00000000        0x0 c:/gnu_toolchain/gcc_new/bin/../lib/gcc/arm-none-eabi/10.3.1/../../../../arm-none-eabi/lib/thumb/v7-m/nofp\libc_nano.a(lib_a-impure.o)
 .data._impure_ptr
                0x00000000        0x4 c:/gnu_toolchain/gcc_new/bin/../lib/gcc/arm-none-eabi/10.3.1/../../../../arm-none-eabi/lib/thumb/v7-m/nofp\libc_nano.a(lib_a-impure.o)
 .data.impure_data
                0x00000000       0x60 c:/gnu_toolchain/gcc_new/bin/../lib/gcc/arm-none-eabi/10.3.1/../../../../arm-none-eabi/lib/thumb/v7-m/nofp\libc_nano.a(lib_a-impure.o)
 .rodata._global_impure_ptr
                0x00000000        0x4 c:/gnu_toolchain/gcc_new/bin/../lib/gcc/arm-none-eabi/10.3.1/../../../../arm-none-eabi/lib/thumb/v7-m/nofp\libc_nano.a(lib_a-impure.o)
 .ARM.attributes
                0x00000000       0x2d c:/gnu_toolchain/gcc_new/bin/../lib/gcc/arm-none-eabi/10.3.1/../../../../arm-none-eabi/lib/thumb/v7-m/nofp\libc_nano.a(lib_a-impure.o)
 .text          0x00000000        0x0 c:/gnu_toolchain/gcc_new/bin/../lib/gcc/arm-none-eabi/10.3.1/../../../../arm-none-eabi/lib/thumb/v7-m/nofp\libc_nano.a(lib_a-memcpy-stub.o)
 .data          0x00000000        0x0 c:/gnu_toolchain/gcc_new/bin/../lib/gcc/arm-none-eabi/10.3.1/../../../../arm-none-eabi/lib/thumb/v7-m/nofp\libc_nano.a(lib_a-memcpy-stub.o)
 .bss           0x00000000        0x0 c:/gnu_toolchain/gcc_new/bin/../lib/gcc/arm-none-eabi/10.3.1/../../../../arm-none-eabi/lib/thumb/v7-m/nofp\libc_nano.a(lib_a-memcpy-stub.o)
 .text          0x00000000        0x0 c:/gnu_toolchain/gcc_new/bin/../lib/gcc/arm-none-eabi/10.3.1/../../../../arm-none-eabi/lib/thumb/v7-m/nofp\libc_nano.a(lib_a-memset.o)
 .data          0x00000000        0x0 c:/gnu_toolchain/gcc_new/bin/../lib/gcc/arm-none-eabi/10.3.1/../../../../arm-none-eabi/lib/thumb/v7-m/nofp\libc_nano.a(lib_a-memset.o)
 .bss           0x00000000        0x0 c:/gnu_toolchain/gcc_new/bin/../lib/gcc/arm-none-eabi/10.3.1/../../../../arm-none-eabi/lib/thumb/v7-m/nofp\libc_nano.a(lib_a-memset.o)

Memory Configuration

Name             Origin             Length             Attributes
FLASH            0x08002000         0x0000e000         xr
RAM              0x20000000         0x00005000         xrw
*default*        0x00000000         0xffffffff

Linker script and memory map

LOAD c:/gnu_toolchain/gcc_new/bin/../lib/gcc/arm-none-eabi/10.3.1/../../../../arm-none-eabi/lib/thumb/v7-m/nofp\libc_nano.a
LOAD c:/gnu_toolchain/gcc_new/bin/../lib/gcc/arm-none-eabi/10.3.1/thumb/v7-m/nofp\libgcc.a
LOAD c:/gnu_toolchain/gcc_new/bin/../lib/gcc/arm-none-eabi/10.3.1/../../../../arm-none-eabi/lib/thumb/v7-m/nofp\libnosys.a
LOAD ./Output/main/main.o
LOAD ./Output/main/STM32_Startup.o
LOAD ./Output/Component/Adc_Lib/ADC_Handmade.o
LOAD ./Output/Component/Config_Manager/Config.o
LOAD ./Output/Component/DMA_Lib/DMA_Handmade.o
LOAD ./Output/Component/Flash_Lib/Flash_Handmade.o
LOAD ./Output/Component/GPIO_Lib/GPIO_Handmade.o
LOAD ./Output/Component/HexFileProcessing/HexFileProcessing.o
LOAD ./Output/Component/Nvic_Lib/NVIC_Handmade.o
LOAD ./Output/Component/RCC_Lib/RCC_Handmade.o
LOAD ./Output/Component/Syscall/Syscall_Handmade.o
LOAD ./Output/Component/SysTick_Lib/Systick_Handmade.o
LOAD ./Output/Component/Timer_Lib/Timer_Handmade.o
LOAD ./Output/Component/Uart_Lib/UART_Handmade.o
START GROUP
LOAD c:/gnu_toolchain/gcc_new/bin/../lib/gcc/arm-none-eabi/10.3.1/thumb/v7-m/nofp\libgcc.a
LOAD c:/gnu_toolchain/gcc_new/bin/../lib/gcc/arm-none-eabi/10.3.1/../../../../arm-none-eabi/lib/thumb/v7-m/nofp\libc_nano.a
END GROUP
START GROUP
LOAD c:/gnu_toolchain/gcc_new/bin/../lib/gcc/arm-none-eabi/10.3.1/thumb/v7-m/nofp\libgcc.a
LOAD c:/gnu_toolchain/gcc_new/bin/../lib/gcc/arm-none-eabi/10.3.1/../../../../arm-none-eabi/lib/thumb/v7-m/nofp\libc_nano.a
END GROUP
                0x00000800                _heap_size = 0x800
                0x00000800                _stack_size = 0x800

.isr_vector     0x20000000      0x130 load address 0x08002000
                0x20000000                _sisr = .
 *(.isr_vector)
 .isr_vector    0x20000000      0x130 ./Output/main/STM32_Startup.o
                0x20000000                vectors
                0x20000130                _eisr = .
                0x08002000                _la_isr = LOADADDR (.isr_vector)

.text           0x08002130     0x1210
 *(.text*)
 .text.USART1_IRQHandler
                0x08002130       0x2c ./Output/main/main.o
                0x08002130                USART1_IRQHandler
 .text.startup.main
                0x0800215c       0xc4 ./Output/main/main.o
                0x0800215c                main
 .text.Default_Handler
                0x08002220        0x4 ./Output/main/STM32_Startup.o
                0x08002220                RTC_Alarm_IRQHandler
                0x08002220                EXTI2_IRQHandler
                0x08002220                TIM8_TRG_COM_IRQHandler
                0x08002220                TIM8_CC_IRQHandler
                0x08002220                DebugMon_Handler
                0x08002220                TIM1_CC_IRQHandler
                0x08002220                HardFault_Handler
                0x08002220                TIM6_IRQHandler
                0x08002220                SysTick_Handler
                0x08002220                PVD_IRQHandler
                0x08002220                SDIO_IRQHandler
                0x08002220                PendSV_Handler
                0x08002220                NMI_Handler
                0x08002220                EXTI3_IRQHandler
                0x08002220                EXTI0_IRQHandler
                0x08002220                I2C2_EV_IRQHandler
                0x08002220                UsageFault_Handler
                0x08002220                ADC1_2_IRQHandler
                0x08002220                SPI1_IRQHandler
                0x08002220                TAMPER_IRQHandler
                0x08002220                TIM8_UP_IRQHandler
                0x08002220                DMA2_Channel2_IRQHandler
                0x08002220                DMA1_Channel4_IRQHandler
                0x08002220                USART3_IRQHandler
                0x08002220                RTC_IRQHandler
                0x08002220                DMA1_Channel7_IRQHandler
                0x08002220                CAN1_RX1_IRQHandler
                0x08002220                UART5_IRQHandler
                0x08002220                ADC3_IRQHandler
                0x08002220                USBWakeup_IRQHandler
                0x08002220                TIM4_IRQHandler
                0x08002220                DMA2_Channel1_IRQHandler
                0x08002220                I2C1_EV_IRQHandler
                0x08002220                DMA1_Channel6_IRQHandler
                0x08002220                UART4_IRQHandler
                0x08002220                TIM3_IRQHandler
                0x08002220                RCC_IRQHandler
                0x08002220                TIM1_TRG_COM_IRQHandler
                0x08002220                DMA1_Channel1_IRQHandler
                0x08002220                Default_Handler
                0x08002220                EXTI15_10_IRQHandler
                0x08002220                TIM7_IRQHandler
                0x08002220                TIM5_IRQHandler
                0x08002220                EXTI9_5_IRQHandler
                0x08002220                SPI2_IRQHandler
                0x08002220                MemManage_Handler
                0x08002220                SVC_Handler
                0x08002220                DMA1_Channel5_IRQHandler
                0x08002220                EXTI4_IRQHandler
                0x08002220                USB_LP_CAN1_RX0_IRQHandler
                0x08002220                USB_HP_CAN1_TX_IRQHandler
                0x08002220                DMA1_Channel3_IRQHandler
                0x08002220                FSMC_IRQHandler
                0x08002220                TIM1_UP_IRQHandler
                0x08002220                WWDG_IRQHandler
                0x08002220                TIM2_IRQHandler
                0x08002220                TIM1_BRK_IRQHandler
                0x08002220                EXTI1_IRQHandler
                0x08002220                DMA2_Channel4_5_IRQHandler
                0x08002220                USART2_IRQHandler
                0x08002220                I2C2_ER_IRQHandler
                0x08002220                DMA1_Channel2_IRQHandler
                0x08002220                TIM8_BRK_IRQHandler
                0x08002220                CAN1_SCE_IRQHandler
                0x08002220                FLASH_IRQHandler
                0x08002220                BusFault_Handler
                0x08002220                SPI3_IRQHandler
                0x08002220                I2C1_ER_IRQHandler
                0x08002220                DMA2_Channel3_IRQHandler
 .text.Reset_Handler
                0x08002224       0x60 ./Output/main/STM32_Startup.o
                0x08002224                Reset_Handler
 .text.strlen_custom
                0x08002284       0x1c ./Output/Component/Config_Manager/Config.o
                0x08002284                strlen_custom
 .text.InitDataToESP32
                0x080022a0      0x144 ./Output/Component/Config_Manager/Config.o
                0x080022a0                InitDataToESP32
 .text.InitGPIO_Control_Device
                0x080023e4       0x3c ./Output/Component/Config_Manager/Config.o
                0x080023e4                InitGPIO_Control_Device
 .text.ReciveUART
                0x08002420       0x30 ./Output/Component/Config_Manager/Config.o
                0x08002420                ReciveUART
 .text.getDataSensor_ControlDevice
                0x08002450       0x9c ./Output/Component/Config_Manager/Config.o
                0x08002450                getDataSensor_ControlDevice
 .text.Flash_AdjustForCLK
                0x080024ec       0x88 ./Output/Component/Flash_Lib/Flash_Handmade.o
                0x080024ec                Flash_AdjustForCLK
 .text.Flash_Write
                0x08002574       0x58 ./Output/Component/Flash_Lib/Flash_Handmade.o
                0x08002574                Flash_Write
 .text.InitGPIO
                0x080025cc       0x98 ./Output/Component/GPIO_Lib/GPIO_Handmade.o
                0x080025cc                InitGPIO
 .text.WritePin
                0x08002664       0x5c ./Output/Component/GPIO_Lib/GPIO_Handmade.o
                0x08002664                WritePin
 .text.LoadDataToFlash
                0x080026c0      0x170 ./Output/Component/HexFileProcessing/HexFileProcessing.o
                0x080026c0                LoadDataToFlash
 .text.receiveDataToOTA
                0x08002830       0x28 ./Output/Component/HexFileProcessing/HexFileProcessing.o
                0x08002830                receiveDataToOTA
 .text.Enable_Intterupt_NVIC
                0x08002858       0x20 ./Output/Component/Nvic_Lib/NVIC_Handmade.o
                0x08002858                Enable_Intterupt_NVIC
 .text.Enable_Clock_RCC_APB2
                0x08002878       0x1c ./Output/Component/RCC_Lib/RCC_Handmade.o
                0x08002878                Enable_Clock_RCC_APB2
 .text.Enable_Clock_RCC_APB1
                0x08002894       0x1c ./Output/Component/RCC_Lib/RCC_Handmade.o
                0x08002894                Enable_Clock_RCC_APB1
 .text.Select_Frequency_CLK
                0x080028b0      0x120 ./Output/Component/RCC_Lib/RCC_Handmade.o
                0x080028b0                Select_Frequency_CLK
 .text.init_RCC
                0x080029d0       0x90 ./Output/Component/RCC_Lib/RCC_Handmade.o
                0x080029d0                init_RCC
 .text.getFrequencyAPB1
                0x08002a60       0x30 ./Output/Component/RCC_Lib/RCC_Handmade.o
                0x08002a60                getFrequencyAPB1
 .text.getFrequencyAPB2
                0x08002a90       0x30 ./Output/Component/RCC_Lib/RCC_Handmade.o
                0x08002a90                getFrequencyAPB2
 .text.getFrequencyRCC
                0x08002ac0        0xc ./Output/Component/RCC_Lib/RCC_Handmade.o
                0x08002ac0                getFrequencyRCC
 .text.SysTick_Init
                0x08002acc       0x50 ./Output/Component/SysTick_Lib/Systick_Handmade.o
                0x08002acc                SysTick_Init
 .text.Delay_SysTick
                0x08002b1c       0x44 ./Output/Component/SysTick_Lib/Systick_Handmade.o
                0x08002b1c                Delay_SysTick
 .text.UARTInit
                0x08002b60      0x220 ./Output/Component/Uart_Lib/UART_Handmade.o
                0x08002b60                UARTInit
 .text.TransmitDataUART
                0x08002d80       0x40 ./Output/Component/Uart_Lib/UART_Handmade.o
                0x08002d80                TransmitDataUART
 .text.EnableInterrupt_RX_UARTx
                0x08002dc0       0x30 ./Output/Component/Uart_Lib/UART_Handmade.o
                0x08002dc0                EnableInterrupt_RX_UARTx
 .text          0x08002df0      0x21c c:/gnu_toolchain/gcc_new/bin/../lib/gcc/arm-none-eabi/10.3.1/thumb/v7-m/nofp\libgcc.a(_arm_addsubsf3.o)
                0x08002df0                __aeabi_frsub
                0x08002df8                __subsf3
                0x08002df8                __aeabi_fsub
                0x08002dfc                __aeabi_fadd
                0x08002dfc                __addsf3
                0x08002f5c                __aeabi_ui2f
                0x08002f5c                __floatunsisf
                0x08002f64                __aeabi_i2f
                0x08002f64                __floatsisf
                0x08002f80                __aeabi_ul2f
                0x08002f80                __floatundisf
                0x08002f90                __aeabi_l2f
                0x08002f90                __floatdisf
 .text          0x0800300c      0x2a0 c:/gnu_toolchain/gcc_new/bin/../lib/gcc/arm-none-eabi/10.3.1/thumb/v7-m/nofp\libgcc.a(_arm_muldivsf3.o)
                0x0800300c                __mulsf3
                0x0800300c                __aeabi_fmul
                0x08003174                __aeabi_fdiv
                0x08003174                __divsf3
 .text          0x080032ac       0x40 c:/gnu_toolchain/gcc_new/bin/../lib/gcc/arm-none-eabi/10.3.1/thumb/v7-m/nofp\libgcc.a(_arm_fixunssfsi.o)
                0x080032ac                __fixunssfsi
                0x080032ac                __aeabi_f2uiz
 .text.memcpy   0x080032ec       0x1c c:/gnu_toolchain/gcc_new/bin/../lib/gcc/arm-none-eabi/10.3.1/../../../../arm-none-eabi/lib/thumb/v7-m/nofp\libc_nano.a(lib_a-memcpy-stub.o)
                0x080032ec                memcpy
 .text.memset   0x08003308       0x10 c:/gnu_toolchain/gcc_new/bin/../lib/gcc/arm-none-eabi/10.3.1/../../../../arm-none-eabi/lib/thumb/v7-m/nofp\libc_nano.a(lib_a-memset.o)
                0x08003308                memset
 *(.rodata*)
 .rodata.InitDataToESP32.str1.4
                0x08003318        0x7 ./Output/Component/Config_Manager/Config.o
 *fill*         0x0800331f        0x1 
 .rodata        0x08003320        0x4 ./Output/Component/Config_Manager/Config.o
 .rodata.GPIO_List
                0x08003324       0x1c ./Output/Component/GPIO_Lib/GPIO_Handmade.o
                0x08003340                . = ALIGN (0x4)
                0x08003340                _etext = .
                0x08003340                _la_data = LOADADDR (.data)

.glue_7         0x08003340        0x0
 .glue_7        0x08003340        0x0 linker stubs

.glue_7t        0x08003340        0x0
 .glue_7t       0x08003340        0x0 linker stubs

.vfp11_veneer   0x08003340        0x0
 .vfp11_veneer  0x08003340        0x0 linker stubs

.v4_bx          0x08003340        0x0
 .v4_bx         0x08003340        0x0 linker stubs

.iplt           0x08003340        0x0
 .iplt          0x08003340        0x0 ./Output/main/main.o

.rel.dyn        0x08003340        0x0
 .rel.iplt      0x08003340        0x0 ./Output/main/main.o

.data           0x20000130       0xd0 load address 0x08003340
                0x20000130                _sdata = .
 *(.data*)
 .data.DataManager
                0x20000130       0x7c ./Output/main/main.o
                0x20000130                DataManager
 .data.LED      0x200001ac        0x4 ./Output/main/main.o
                0x200001ac                LED
 .data.SysTickConfigDefault
                0x200001b0        0x8 ./Output/main/main.o
                0x200001b0                SysTickConfigDefault
 .data.rccconfigDefault
                0x200001b8        0x8 ./Output/main/main.o
                0x200001b8                rccconfigDefault
 .data.uartConfigDefault
                0x200001c0       0x34 ./Output/main/main.o
                0x200001c0                uartConfigDefault
 .data.UART_List
                0x200001f4        0xc ./Output/Component/Uart_Lib/UART_Handmade.o
                0x200001f4                UART_List
                0x20000200                . = ALIGN (0x4)
                0x20000200                _edata = .

.igot.plt       0x20000200        0x0 load address 0x08003410
 .igot.plt      0x20000200        0x0 ./Output/main/main.o

.bss            0x20000200       0x4c load address 0x08003410
                0x20000200                _sbss = .
 *(.bss*)
 .bss.DataToOTA
                0x20000200       0x3c ./Output/main/main.o
                0x20000200                DataToOTA
 .bss.Address   0x2000023c        0x4 ./Output/Component/HexFileProcessing/HexFileProcessing.o
                0x2000023c                Address
 .bss.DataMask  0x20000240        0x4 ./Output/Component/HexFileProcessing/HexFileProcessing.o
                0x20000240                DataMask
 .bss.Frequency_RCC
                0x20000244        0x4 ./Output/Component/RCC_Lib/RCC_Handmade.o
                0x20000244                Frequency_RCC
 .bss.HPRE_Prescaler
                0x20000248        0x1 ./Output/Component/RCC_Lib/RCC_Handmade.o
                0x20000248                HPRE_Prescaler
 .bss.PPRE1_Prescaler
                0x20000249        0x1 ./Output/Component/RCC_Lib/RCC_Handmade.o
                0x20000249                PPRE1_Prescaler
 .bss.PPRE2_Prescaler
                0x2000024a        0x1 ./Output/Component/RCC_Lib/RCC_Handmade.o
                0x2000024a                PPRE2_Prescaler
 *(COMMON)
                0x2000024c                . = ALIGN (0x4)
 *fill*         0x2000024b        0x1 
                0x2000024c                _ebss = .

.heap           0x2000024c      0x804 load address 0x08003410
                0x20000250                . = ALIGN (0x8)
 *fill*         0x2000024c        0x4 
                0x20000250                _sheap = .
                0x20000a50                . = (. + _heap_size)
 *fill*         0x20000250      0x800 
                0x20000a50                _eheap = .

.stack          0x20000a50        0x0 load address 0x08003410
                0x20005000                _estack = (ORIGIN (RAM) + LENGTH (RAM))
                0x20004800                _sstack = (_estack - _stack_size)
OUTPUT(Output/STM32_RUN.elf elf32-littlearm)
LOAD linker stubs

.comment        0x00000000       0x49
 .comment       0x00000000       0x49 ./Output/main/main.o
                                 0x4a (size before relaxing)
 .comment       0x00000049       0x4a ./Output/main/STM32_Startup.o
 .comment       0x00000049       0x4a ./Output/Component/Config_Manager/Config.o
 .comment       0x00000049       0x4a ./Output/Component/Flash_Lib/Flash_Handmade.o
 .comment       0x00000049       0x4a ./Output/Component/GPIO_Lib/GPIO_Handmade.o
 .comment       0x00000049       0x4a ./Output/Component/HexFileProcessing/HexFileProcessing.o
 .comment       0x00000049       0x4a ./Output/Component/Nvic_Lib/NVIC_Handmade.o
 .comment       0x00000049       0x4a ./Output/Component/RCC_Lib/RCC_Handmade.o
 .comment       0x00000049       0x4a ./Output/Component/SysTick_Lib/Systick_Handmade.o
 .comment       0x00000049       0x4a ./Output/Component/Uart_Lib/UART_Handmade.o

.ARM.attributes
                0x00000000       0x2d
 .ARM.attributes
                0x00000000       0x2d ./Output/main/main.o
 .ARM.attributes
                0x0000002d       0x2d ./Output/main/STM32_Startup.o
 .ARM.attributes
                0x0000005a       0x2d ./Output/Component/Config_Manager/Config.o
 .ARM.attributes
                0x00000087       0x2d ./Output/Component/Flash_Lib/Flash_Handmade.o
 .ARM.attributes
                0x000000b4       0x2d ./Output/Component/GPIO_Lib/GPIO_Handmade.o
 .ARM.attributes
                0x000000e1       0x2d ./Output/Component/HexFileProcessing/HexFileProcessing.o
 .ARM.attributes
                0x0000010e       0x2d ./Output/Component/Nvic_Lib/NVIC_Handmade.o
 .ARM.attributes
                0x0000013b       0x2d ./Output/Component/RCC_Lib/RCC_Handmade.o
 .ARM.attributes
                0x00000168       0x2d ./Output/Component/SysTick_Lib/Systick_Handmade.o
 .ARM.attributes
                0x00000195       0x2d ./Output/Component/Uart_Lib/UART_Handmade.o
 .ARM.attributes
                0x000001c2       0x1d c:/gnu_toolchain/gcc_new/bin/../lib/gcc/arm-none-eabi/10.3.1/thumb/v7-m/nofp\libgcc.a(_arm_addsubsf3.o)
 .ARM.attributes
                0x000001df       0x1d c:/gnu_toolchain/gcc_new/bin/../lib/gcc/arm-none-eabi/10.3.1/thumb/v7-m/nofp\libgcc.a(_arm_muldivsf3.o)
 .ARM.attributes
                0x000001fc       0x1d c:/gnu_toolchain/gcc_new/bin/../lib/gcc/arm-none-eabi/10.3.1/thumb/v7-m/nofp\libgcc.a(_arm_fixunssfsi.o)
 .ARM.attributes
                0x00000219       0x2d c:/gnu_toolchain/gcc_new/bin/../lib/gcc/arm-none-eabi/10.3.1/../../../../arm-none-eabi/lib/thumb/v7-m/nofp\libc_nano.a(lib_a-memcpy-stub.o)
 .ARM.attributes
                0x00000246       0x2d c:/gnu_toolchain/gcc_new/bin/../lib/gcc/arm-none-eabi/10.3.1/../../../../arm-none-eabi/lib/thumb/v7-m/nofp\libc_nano.a(lib_a-memset.o)

.debug_frame    0x00000000       0xf0
 .debug_frame   0x00000000       0x4c c:/gnu_toolchain/gcc_new/bin/../lib/gcc/arm-none-eabi/10.3.1/thumb/v7-m/nofp\libgcc.a(_arm_addsubsf3.o)
 .debug_frame   0x0000004c       0x38 c:/gnu_toolchain/gcc_new/bin/../lib/gcc/arm-none-eabi/10.3.1/thumb/v7-m/nofp\libgcc.a(_arm_muldivsf3.o)
 .debug_frame   0x00000084       0x24 c:/gnu_toolchain/gcc_new/bin/../lib/gcc/arm-none-eabi/10.3.1/thumb/v7-m/nofp\libgcc.a(_arm_fixunssfsi.o)
 .debug_frame   0x000000a8       0x28 c:/gnu_toolchain/gcc_new/bin/../lib/gcc/arm-none-eabi/10.3.1/../../../../arm-none-eabi/lib/thumb/v7-m/nofp\libc_nano.a(lib_a-memcpy-stub.o)
 .debug_frame   0x000000d0       0x20 c:/gnu_toolchain/gcc_new/bin/../lib/gcc/arm-none-eabi/10.3.1/../../../../arm-none-eabi/lib/thumb/v7-m/nofp\libc_nano.a(lib_a-memset.o)

Cross Reference Table

Symbol                                            File
ADC1_2_IRQHandler                                 ./Output/main/STM32_Startup.o
ADC3_IRQHandler                                   ./Output/main/STM32_Startup.o
ADC_Buffer                                        ./Output/main/main.o
ADC_DMA_Start                                     ./Output/Component/Adc_Lib/ADC_Handmade.o
ADC_EnableClock                                   ./Output/Component/Adc_Lib/ADC_Handmade.o
ADC_Init                                          ./Output/Component/Adc_Lib/ADC_Handmade.o
ADC_ReadMultiple                                  ./Output/Component/Adc_Lib/ADC_Handmade.o
Address                                           ./Output/Component/HexFileProcessing/HexFileProcessing.o
BusFault_Handler                                  ./Output/main/STM32_Startup.o
CAN1_RX1_IRQHandler                               ./Output/main/STM32_Startup.o
CAN1_SCE_IRQHandler                               ./Output/main/STM32_Startup.o
CalculateChecksum                                 ./Output/Component/HexFileProcessing/HexFileProcessing.o
DMA1_Channel1_IRQHandler                          ./Output/main/STM32_Startup.o
DMA1_Channel2_IRQHandler                          ./Output/main/STM32_Startup.o
DMA1_Channel3_IRQHandler                          ./Output/main/STM32_Startup.o
DMA1_Channel4_IRQHandler                          ./Output/main/STM32_Startup.o
DMA1_Channel5_IRQHandler                          ./Output/main/STM32_Startup.o
DMA1_Channel6_IRQHandler                          ./Output/main/STM32_Startup.o
DMA1_Channel7_IRQHandler                          ./Output/main/STM32_Startup.o
DMA2_Channel1_IRQHandler                          ./Output/main/STM32_Startup.o
DMA2_Channel2_IRQHandler                          ./Output/main/STM32_Startup.o
DMA2_Channel3_IRQHandler                          ./Output/main/STM32_Startup.o
DMA2_Channel4_5_IRQHandler                        ./Output/main/STM32_Startup.o
DMA_Init                                          ./Output/Component/DMA_Lib/DMA_Handmade.o
DMA_Start                                         ./Output/Component/DMA_Lib/DMA_Handmade.o
DataManager                                       ./Output/main/main.o
DataMask                                          ./Output/Component/HexFileProcessing/HexFileProcessing.o
DataToOTA                                         ./Output/main/main.o
DebugMon_Handler                                  ./Output/main/STM32_Startup.o
Default_Handler                                   ./Output/main/STM32_Startup.o
Delay_SysTick                                     ./Output/Component/SysTick_Lib/Systick_Handmade.o
                                                  ./Output/main/main.o
Disable_Intterupt_NVIC                            ./Output/Component/Nvic_Lib/NVIC_Handmade.o
EXTI0_IRQHandler                                  ./Output/main/STM32_Startup.o
EXTI15_10_IRQHandler                              ./Output/main/STM32_Startup.o
EXTI1_IRQHandler                                  ./Output/main/STM32_Startup.o
EXTI2_IRQHandler                                  ./Output/main/STM32_Startup.o
EXTI3_IRQHandler                                  ./Output/main/STM32_Startup.o
EXTI4_IRQHandler                                  ./Output/main/STM32_Startup.o
EXTI9_5_IRQHandler                                ./Output/main/STM32_Startup.o
EnableInterrupt_RX_UARTx                          ./Output/Component/Uart_Lib/UART_Handmade.o
                                                  ./Output/main/main.o
Enable_Clock_RCC_AHB                              ./Output/Component/RCC_Lib/RCC_Handmade.o
                                                  ./Output/Component/DMA_Lib/DMA_Handmade.o
Enable_Clock_RCC_APB1                             ./Output/Component/RCC_Lib/RCC_Handmade.o
                                                  ./Output/Component/Uart_Lib/UART_Handmade.o
                                                  ./Output/Component/Timer_Lib/Timer_Handmade.o
Enable_Clock_RCC_APB2                             ./Output/Component/RCC_Lib/RCC_Handmade.o
                                                  ./Output/Component/Uart_Lib/UART_Handmade.o
                                                  ./Output/Component/GPIO_Lib/GPIO_Handmade.o
                                                  ./Output/Component/Adc_Lib/ADC_Handmade.o
Enable_Intterupt_NVIC                             ./Output/Component/Nvic_Lib/NVIC_Handmade.o
                                                  ./Output/Component/Uart_Lib/UART_Handmade.o
FLASH_IRQHandler                                  ./Output/main/STM32_Startup.o
FSMC_IRQHandler                                   ./Output/main/STM32_Startup.o
Flash_AdjustForCLK                                ./Output/Component/Flash_Lib/Flash_Handmade.o
                                                  ./Output/Component/RCC_Lib/RCC_Handmade.o
Flash_ErasePage                                   ./Output/Component/Flash_Lib/Flash_Handmade.o
Flash_Lock                                        ./Output/Component/Flash_Lib/Flash_Handmade.o
Flash_Unlock                                      ./Output/Component/Flash_Lib/Flash_Handmade.o
Flash_Write                                       ./Output/Component/Flash_Lib/Flash_Handmade.o
                                                  ./Output/Component/HexFileProcessing/HexFileProcessing.o
Flash_WriteHalfWord                               ./Output/Component/Flash_Lib/Flash_Handmade.o
Frequency_RCC                                     ./Output/Component/RCC_Lib/RCC_Handmade.o
GPIO_PWM                                          ./Output/main/main.o
HPRE_Prescaler                                    ./Output/Component/RCC_Lib/RCC_Handmade.o
HardFault_Handler                                 ./Output/main/STM32_Startup.o
I2C1_ER_IRQHandler                                ./Output/main/STM32_Startup.o
I2C1_EV_IRQHandler                                ./Output/main/STM32_Startup.o
I2C2_ER_IRQHandler                                ./Output/main/STM32_Startup.o
I2C2_EV_IRQHandler                                ./Output/main/STM32_Startup.o
InitDataToESP32                                   ./Output/Component/Config_Manager/Config.o
                                                  ./Output/main/main.o
InitGPIO                                          ./Output/Component/GPIO_Lib/GPIO_Handmade.o
                                                  ./Output/Component/Uart_Lib/UART_Handmade.o
                                                  ./Output/Component/Config_Manager/Config.o
                                                  ./Output/Component/Adc_Lib/ADC_Handmade.o
                                                  ./Output/main/main.o
InitGPIO_Control_Device                           ./Output/Component/Config_Manager/Config.o
                                                  ./Output/main/main.o
LED                                               ./Output/main/main.o
LoadDataToFlash                                   ./Output/Component/HexFileProcessing/HexFileProcessing.o
                                                  ./Output/main/main.o
MemManage_Handler                                 ./Output/main/STM32_Startup.o
NMI_Handler                                       ./Output/main/STM32_Startup.o
PPRE1_Prescaler                                   ./Output/Component/RCC_Lib/RCC_Handmade.o
PPRE2_Prescaler                                   ./Output/Component/RCC_Lib/RCC_Handmade.o
PVD_IRQHandler                                    ./Output/main/STM32_Startup.o
PWMconfig                                         ./Output/main/main.o
PendSV_Handler                                    ./Output/main/STM32_Startup.o
RCC_IRQHandler                                    ./Output/main/STM32_Startup.o
RTC_Alarm_IRQHandler                              ./Output/main/STM32_Startup.o
RTC_IRQHandler                                    ./Output/main/STM32_Startup.o
ReadMultiPins                                     ./Output/Component/GPIO_Lib/GPIO_Handmade.o
ReadPin                                           ./Output/Component/GPIO_Lib/GPIO_Handmade.o
ReceiveDataUART                                   ./Output/Component/Uart_Lib/UART_Handmade.o
ReceiveDataUART_IT                                ./Output/Component/Uart_Lib/UART_Handmade.o
ReciveUART                                        ./Output/Component/Config_Manager/Config.o
                                                  ./Output/main/main.o
Reset_Handler                                     ./Output/main/STM32_Startup.o
SDIO_IRQHandler                                   ./Output/main/STM32_Startup.o
SPI1_IRQHandler                                   ./Output/main/STM32_Startup.o
SPI2_IRQHandler                                   ./Output/main/STM32_Startup.o
SPI3_IRQHandler                                   ./Output/main/STM32_Startup.o
SVC_Handler                                       ./Output/main/STM32_Startup.o
Select_Frequency_CLK                              ./Output/Component/RCC_Lib/RCC_Handmade.o
Select_Prescaler_RCC                              ./Output/Component/RCC_Lib/RCC_Handmade.o
                                                  ./Output/Component/Adc_Lib/ADC_Handmade.o
Select_Sources_Clock                              ./Output/Component/RCC_Lib/RCC_Handmade.o
SetDutyCycle                                      ./Output/Component/Timer_Lib/Timer_Handmade.o
StartPWMNormal                                    ./Output/Component/Timer_Lib/Timer_Handmade.o
SysTickConfigDefault                              ./Output/main/main.o
SysTick_Handler                                   ./Output/main/STM32_Startup.o
SysTick_Init                                      ./Output/Component/SysTick_Lib/Systick_Handmade.o
                                                  ./Output/main/main.o
TAMPER_IRQHandler                                 ./Output/main/STM32_Startup.o
TIM1_BRK_IRQHandler                               ./Output/main/STM32_Startup.o
TIM1_CC_IRQHandler                                ./Output/main/STM32_Startup.o
TIM1_TRG_COM_IRQHandler                           ./Output/main/STM32_Startup.o
TIM1_UP_IRQHandler                                ./Output/main/STM32_Startup.o
TIM2_IRQHandler                                   ./Output/main/STM32_Startup.o
TIM3_IRQHandler                                   ./Output/main/STM32_Startup.o
TIM4_IRQHandler                                   ./Output/main/STM32_Startup.o
TIM5_IRQHandler                                   ./Output/main/STM32_Startup.o
TIM6_IRQHandler                                   ./Output/main/STM32_Startup.o
TIM7_IRQHandler                                   ./Output/main/STM32_Startup.o
TIM8_BRK_IRQHandler                               ./Output/main/STM32_Startup.o
TIM8_CC_IRQHandler                                ./Output/main/STM32_Startup.o
TIM8_TRG_COM_IRQHandler                           ./Output/main/STM32_Startup.o
TIM8_UP_IRQHandler                                ./Output/main/STM32_Startup.o
TogglePin                                         ./Output/Component/GPIO_Lib/GPIO_Handmade.o
TransmitDataUART                                  ./Output/Component/Uart_Lib/UART_Handmade.o
                                                  ./Output/main/main.o
UART4_IRQHandler                                  ./Output/main/STM32_Startup.o
UART5_IRQHandler                                  ./Output/main/STM32_Startup.o
UARTInit                                          ./Output/Component/Uart_Lib/UART_Handmade.o
                                                  ./Output/main/main.o
UART_List                                         ./Output/Component/Uart_Lib/UART_Handmade.o
USART1_IRQHandler                                 ./Output/main/main.o
USART2_IRQHandler                                 ./Output/main/STM32_Startup.o
USART3_IRQHandler                                 ./Output/main/STM32_Startup.o
USBWakeup_IRQHandler                              ./Output/main/STM32_Startup.o
USB_HP_CAN1_TX_IRQHandler                         ./Output/main/STM32_Startup.o
USB_LP_CAN1_RX0_IRQHandler                        ./Output/main/STM32_Startup.o
UsageFault_Handler                                ./Output/main/STM32_Startup.o
ValueAutoReload                                   ./Output/Component/Timer_Lib/Timer_Handmade.o
WWDG_IRQHandler                                   ./Output/main/STM32_Startup.o
WriteMultiPins                                    ./Output/Component/GPIO_Lib/GPIO_Handmade.o
WritePin                                          ./Output/Component/GPIO_Lib/GPIO_Handmade.o
                                                  ./Output/Component/Config_Manager/Config.o
                                                  ./Output/main/main.o
__addsf3                                          c:/gnu_toolchain/gcc_new/bin/../lib/gcc/arm-none-eabi/10.3.1/thumb/v7-m/nofp\libgcc.a(_arm_addsubsf3.o)
__aeabi_f2uiz                                     c:/gnu_toolchain/gcc_new/bin/../lib/gcc/arm-none-eabi/10.3.1/thumb/v7-m/nofp\libgcc.a(_arm_fixunssfsi.o)
                                                  ./Output/Component/Uart_Lib/UART_Handmade.o
__aeabi_fadd                                      c:/gnu_toolchain/gcc_new/bin/../lib/gcc/arm-none-eabi/10.3.1/thumb/v7-m/nofp\libgcc.a(_arm_addsubsf3.o)
__aeabi_fdiv                                      c:/gnu_toolchain/gcc_new/bin/../lib/gcc/arm-none-eabi/10.3.1/thumb/v7-m/nofp\libgcc.a(_arm_muldivsf3.o)
                                                  ./Output/Component/Uart_Lib/UART_Handmade.o
__aeabi_fmul                                      c:/gnu_toolchain/gcc_new/bin/../lib/gcc/arm-none-eabi/10.3.1/thumb/v7-m/nofp\libgcc.a(_arm_muldivsf3.o)
                                                  c:/gnu_toolchain/gcc_new/bin/../lib/gcc/arm-none-eabi/10.3.1/thumb/v7-m/nofp\libgcc.a(_arm_mulsf3.o)
                                                  ./Output/Component/Uart_Lib/UART_Handmade.o
__aeabi_frsub                                     c:/gnu_toolchain/gcc_new/bin/../lib/gcc/arm-none-eabi/10.3.1/thumb/v7-m/nofp\libgcc.a(_arm_addsubsf3.o)
__aeabi_fsub                                      c:/gnu_toolchain/gcc_new/bin/../lib/gcc/arm-none-eabi/10.3.1/thumb/v7-m/nofp\libgcc.a(_arm_addsubsf3.o)
                                                  ./Output/Component/Uart_Lib/UART_Handmade.o
__aeabi_i2f                                       c:/gnu_toolchain/gcc_new/bin/../lib/gcc/arm-none-eabi/10.3.1/thumb/v7-m/nofp\libgcc.a(_arm_addsubsf3.o)
                                                  ./Output/Component/Uart_Lib/UART_Handmade.o
__aeabi_l2f                                       c:/gnu_toolchain/gcc_new/bin/../lib/gcc/arm-none-eabi/10.3.1/thumb/v7-m/nofp\libgcc.a(_arm_addsubsf3.o)
__aeabi_ui2f                                      c:/gnu_toolchain/gcc_new/bin/../lib/gcc/arm-none-eabi/10.3.1/thumb/v7-m/nofp\libgcc.a(_arm_addsubsf3.o)
                                                  ./Output/Component/Uart_Lib/UART_Handmade.o
__aeabi_ul2f                                      c:/gnu_toolchain/gcc_new/bin/../lib/gcc/arm-none-eabi/10.3.1/thumb/v7-m/nofp\libgcc.a(_arm_addsubsf3.o)
__divsf3                                          c:/gnu_toolchain/gcc_new/bin/../lib/gcc/arm-none-eabi/10.3.1/thumb/v7-m/nofp\libgcc.a(_arm_muldivsf3.o)
__errno                                           c:/gnu_toolchain/gcc_new/bin/../lib/gcc/arm-none-eabi/10.3.1/../../../../arm-none-eabi/lib/thumb/v7-m/nofp\libc_nano.a(lib_a-errno.o)
                                                  ./Output/Component/Syscall/Syscall_Handmade.o
__fixunssfsi                                      c:/gnu_toolchain/gcc_new/bin/../lib/gcc/arm-none-eabi/10.3.1/thumb/v7-m/nofp\libgcc.a(_arm_fixunssfsi.o)
__floatdisf                                       c:/gnu_toolchain/gcc_new/bin/../lib/gcc/arm-none-eabi/10.3.1/thumb/v7-m/nofp\libgcc.a(_arm_addsubsf3.o)
__floatsisf                                       c:/gnu_toolchain/gcc_new/bin/../lib/gcc/arm-none-eabi/10.3.1/thumb/v7-m/nofp\libgcc.a(_arm_addsubsf3.o)
__floatundisf                                     c:/gnu_toolchain/gcc_new/bin/../lib/gcc/arm-none-eabi/10.3.1/thumb/v7-m/nofp\libgcc.a(_arm_addsubsf3.o)
__floatunsisf                                     c:/gnu_toolchain/gcc_new/bin/../lib/gcc/arm-none-eabi/10.3.1/thumb/v7-m/nofp\libgcc.a(_arm_addsubsf3.o)
__mulsf3                                          c:/gnu_toolchain/gcc_new/bin/../lib/gcc/arm-none-eabi/10.3.1/thumb/v7-m/nofp\libgcc.a(_arm_muldivsf3.o)
                                                  c:/gnu_toolchain/gcc_new/bin/../lib/gcc/arm-none-eabi/10.3.1/thumb/v7-m/nofp\libgcc.a(_arm_mulsf3.o)
__sf_fake_stderr                                  c:/gnu_toolchain/gcc_new/bin/../lib/gcc/arm-none-eabi/10.3.1/../../../../arm-none-eabi/lib/thumb/v7-m/nofp\libc_nano.a(lib_a-impure.o)
__sf_fake_stdin                                   c:/gnu_toolchain/gcc_new/bin/../lib/gcc/arm-none-eabi/10.3.1/../../../../arm-none-eabi/lib/thumb/v7-m/nofp\libc_nano.a(lib_a-impure.o)
__sf_fake_stdout                                  c:/gnu_toolchain/gcc_new/bin/../lib/gcc/arm-none-eabi/10.3.1/../../../../arm-none-eabi/lib/thumb/v7-m/nofp\libc_nano.a(lib_a-impure.o)
__subsf3                                          c:/gnu_toolchain/gcc_new/bin/../lib/gcc/arm-none-eabi/10.3.1/thumb/v7-m/nofp\libgcc.a(_arm_addsubsf3.o)
_ebss                                             ./Output/Component/Syscall/Syscall_Handmade.o
                                                  ./Output/main/STM32_Startup.o
_edata                                            ./Output/main/STM32_Startup.o
_eheap                                            ./Output/Component/Syscall/Syscall_Handmade.o
_eisr                                             ./Output/main/STM32_Startup.o
_estack                                           ./Output/Component/Syscall/Syscall_Handmade.o
                                                  ./Output/main/STM32_Startup.o
_etext                                            ./Output/Component/Syscall/Syscall_Handmade.o
_global_impure_ptr                                c:/gnu_toolchain/gcc_new/bin/../lib/gcc/arm-none-eabi/10.3.1/../../../../arm-none-eabi/lib/thumb/v7-m/nofp\libc_nano.a(lib_a-impure.o)
_impure_ptr                                       c:/gnu_toolchain/gcc_new/bin/../lib/gcc/arm-none-eabi/10.3.1/../../../../arm-none-eabi/lib/thumb/v7-m/nofp\libc_nano.a(lib_a-impure.o)
                                                  c:/gnu_toolchain/gcc_new/bin/../lib/gcc/arm-none-eabi/10.3.1/../../../../arm-none-eabi/lib/thumb/v7-m/nofp\libc_nano.a(lib_a-errno.o)
_la_data                                          ./Output/main/STM32_Startup.o
_la_isr                                           ./Output/main/STM32_Startup.o
_sbrk                                             ./Output/Component/Syscall/Syscall_Handmade.o
_sbss                                             ./Output/main/STM32_Startup.o
_sdata                                            ./Output/main/STM32_Startup.o
_sheap                                            ./Output/Component/Syscall/Syscall_Handmade.o
_sisr                                             ./Output/main/STM32_Startup.o
_sstack                                           ./Output/Component/Syscall/Syscall_Handmade.o
adcConfig_2_PinADC                                ./Output/main/main.o
dmaADC_2_Pin                                      ./Output/main/main.o
enableSWD                                         ./Output/Component/GPIO_Lib/GPIO_Handmade.o
getDataSensor_ControlDevice                       ./Output/Component/Config_Manager/Config.o
                                                  ./Output/main/main.o
getFrequencyAHB                                   ./Output/Component/RCC_Lib/RCC_Handmade.o
getFrequencyAPB1                                  ./Output/Component/RCC_Lib/RCC_Handmade.o
                                                  ./Output/Component/Uart_Lib/UART_Handmade.o
                                                  ./Output/Component/Timer_Lib/Timer_Handmade.o
getFrequencyAPB2                                  ./Output/Component/RCC_Lib/RCC_Handmade.o
                                                  ./Output/Component/Uart_Lib/UART_Handmade.o
getFrequencyRCC                                   ./Output/Component/RCC_Lib/RCC_Handmade.o
                                                  ./Output/Component/Timer_Lib/Timer_Handmade.o
                                                  ./Output/Component/SysTick_Lib/Systick_Handmade.o
get_flash_used_percentage                         ./Output/Component/Syscall/Syscall_Handmade.o
get_free_flash                                    ./Output/Component/Syscall/Syscall_Handmade.o
get_free_heap                                     ./Output/Component/Syscall/Syscall_Handmade.o
get_free_ram                                      ./Output/Component/Syscall/Syscall_Handmade.o
get_free_stack                                    ./Output/Component/Syscall/Syscall_Handmade.o
get_heap_used_percentage                          ./Output/Component/Syscall/Syscall_Handmade.o
get_ram_used_percentage                           ./Output/Component/Syscall/Syscall_Handmade.o
get_stack_used_percentage                         ./Output/Component/Syscall/Syscall_Handmade.o
initTimer                                         ./Output/Component/Timer_Lib/Timer_Handmade.o
init_RCC                                          ./Output/Component/RCC_Lib/RCC_Handmade.o
                                                  ./Output/main/main.o
interruptDisable                                  ./Output/Component/Uart_Lib/UART_Handmade.o
interruptEnable                                   ./Output/Component/Uart_Lib/UART_Handmade.o
main                                              ./Output/main/main.o
                                                  ./Output/main/STM32_Startup.o
memcpy                                            c:/gnu_toolchain/gcc_new/bin/../lib/gcc/arm-none-eabi/10.3.1/../../../../arm-none-eabi/lib/thumb/v7-m/nofp\libc_nano.a(lib_a-memcpy-stub.o)
                                                  ./Output/main/STM32_Startup.o
memset                                            c:/gnu_toolchain/gcc_new/bin/../lib/gcc/arm-none-eabi/10.3.1/../../../../arm-none-eabi/lib/thumb/v7-m/nofp\libc_nano.a(lib_a-memset.o)
                                                  ./Output/Component/Config_Manager/Config.o
                                                  ./Output/main/STM32_Startup.o
memset_custom                                     ./Output/Component/Config_Manager/Config.o
parseHex                                          ./Output/Component/HexFileProcessing/HexFileProcessing.o
rccconfigDefault                                  ./Output/main/main.o
receiveDataToOTA                                  ./Output/Component/HexFileProcessing/HexFileProcessing.o
                                                  ./Output/main/main.o
setPriorityInterrupt                              ./Output/Component/Nvic_Lib/NVIC_Handmade.o
strlen_custom                                     ./Output/Component/Config_Manager/Config.o
                                                  ./Output/main/main.o
uartConfigDefault                                 ./Output/main/main.o
uint16_to_char                                    ./Output/Component/Config_Manager/Config.o
vectors                                           ./Output/main/STM32_Startup.o
