Removed Pin From Net: NetName=ROW4 Pin=MT1-3
Removed Pin From Net: NetName=ROW6 Pin=MT1-4
Removed Pin From Net: NetName=ROW1 Pin=MT1-6
Removed Pin From Net: NetName=ROW5 Pin=MT1-7
Removed Pin From Net: NetName=ROW2 Pin=MT1-8
Removed Pin From Net: NetName=ROW3 Pin=MT1-12
Removed Pin From Net: NetName=NetMT1_5 Pin=R22-1
Removed Pin From Net: NetName=NetMT1_2 Pin=R23-1
Removed Pin From Net: NetName=NetMT1_1 Pin=R24-1
Removed Pin From Net: NetName=NetMT1_14 Pin=R25-1
Removed Pin From Net: NetName=NetMT1_9 Pin=R26-1
Added Pin To Net: NetName=ROW2 Pin=MT1-3
Added Pin To Net: NetName=ROW3 Pin=MT1-4
Added Pin To Net: NetName=ROW5 Pin=MT1-6
Added Pin To Net: NetName=ROW4 Pin=MT1-10
Added Pin To Net: NetName=ROW6 Pin=MT1-11
Added Pin To Net: NetName=ROW1 Pin=MT1-13
Added Pin To Net: NetName=NetMT1_5 Pin=R24-1
Added Pin To Net: NetName=NetMT1_2 Pin=R25-1
Added Pin To Net: NetName=NetMT1_1 Pin=R26-1
Added Pin To Net: NetName=NetMT1_9 Pin=R27-2
Added Pin To Net: NetName=NetMT1_14 Pin=R29-2
Added Pin To Net: NetName=NetMT1_7 Pin=MT1-7
Added Pin To Net: NetName=NetMT1_7 Pin=R23-1
Added Net: Name=NetMT1_7
Added Pin To Net: NetName=NetMT1_8 Pin=MT1-8
Added Pin To Net: NetName=NetMT1_8 Pin=R22-1
Added Net: Name=NetMT1_8
Added Pin To Net: NetName=NetMT1_12 Pin=MT1-12
Added Pin To Net: NetName=NetMT1_12 Pin=R28-2
Added Net: Name=NetMT1_12
