Removed Pin From Net: NetName=VP Pin=U3-1
Removed Pin From Net: NetName=VN Pin=U3-2
Removed Pin From Net: NetName=23 Pin=U3-3
Removed Pin From Net: NetName=SCL Pin=U3-4
Removed Pin From Net: NetName=SDA Pin=U3-7
Removed Pin From Net: NetName=19 Pin=U3-8
Removed Pin From Net: NetName=18 Pin=U3-9
Removed Pin From Net: NetName=5 Pin=U3-10
Removed Pin From Net: NetName=RX_UART1 Pin=U3-11
Removed Pin From Net: NetName=TX_UART1 Pin=U3-12
Removed Pin From Net: NetName=EN Pin=U3-13
Removed Pin From Net: NetName=35 Pin=U3-14
Removed Pin From Net: NetName=32 Pin=U3-15
Removed Pin From Net: NetName=33 Pin=U3-16
Removed Pin From Net: NetName=25 Pin=U3-17
Removed Pin From Net: NetName=26 Pin=U3-18
Removed Pin From Net: NetName=14 Pin=U3-19
Removed Pin From Net: NetName=12 Pin=U3-20
Removed Pin From Net: NetName=13 Pin=U3-21
Removed Pin From Net: NetName=3V3 Pin=U3-22
Removed Pin From Net: NetName=GND Pin=U3-23
Removed Pin From Net: NetName=+5 Pin=U3-24
Removed Member From Class: ClassName=FishTalk_Schematic_1 Member=U3
Added Component: Designator=U?(ESP32_Module_Screen_24Pin_N3D)
Added Pin To Net: NetName=VP Pin=U?-1
Added Pin To Net: NetName=VN Pin=U?-2
Added Pin To Net: NetName=23 Pin=U?-3
Added Pin To Net: NetName=SCL Pin=U?-4
Added Pin To Net: NetName=SDA Pin=U?-7
Added Pin To Net: NetName=19 Pin=U?-8
Added Pin To Net: NetName=18 Pin=U?-9
Added Pin To Net: NetName=5 Pin=U?-10
Added Pin To Net: NetName=RX_UART1 Pin=U?-11
Added Pin To Net: NetName=TX_UART1 Pin=U?-12
Added Pin To Net: NetName=EN Pin=U?-13
Added Pin To Net: NetName=35 Pin=U?-14
Added Pin To Net: NetName=32 Pin=U?-15
Added Pin To Net: NetName=33 Pin=U?-16
Added Pin To Net: NetName=25 Pin=U?-17
Added Pin To Net: NetName=26 Pin=U?-18
Added Pin To Net: NetName=14 Pin=U?-19
Added Pin To Net: NetName=12 Pin=U?-20
Added Pin To Net: NetName=13 Pin=U?-21
Added Pin To Net: NetName=3V3 Pin=U?-22
Added Pin To Net: NetName=GND Pin=U?-23
Added Pin To Net: NetName=+5 Pin=U?-24
Added Member To Class: ClassName=FishTalk_Schematic_1 Member=Component U? ESP32_Screen_24Pin
