Change Component Comment : Designator=R22 Old Comment=100k New Comment=560R
Change Component Comment : Designator=R23 Old Comment=100k New Comment=560R
Change Component Comment : Designator=R24 Old Comment=100k New Comment=560R
Change Component Comment : Designator=R25 Old Comment=100k New Comment=560R
Change Component Comment : Designator=R26 Old Comment=100k New Comment=560R
Change Component Comment : Designator=R27 Old Comment=100k New Comment=560R
Change Component Comment : Designator=R28 Old Comment=100k New Comment=560R
Change Component Comment : Designator=R29 Old Comment=100k New Comment=560R
Change Component Designator: OldDesignator=U? NewDesignator=U3
Added Pin To Net: NetName=GND Pin=U10-8
Added Pin To Net: NetName=+5 Pin=U10-10
Added Pin To Net: NetName=GND Pin=U10-13
Added Pin To Net: NetName=+5 Pin=U10-16
Added Pin To Net: NetName=GND Pin=U11-8
Added Pin To Net: NetName=+5 Pin=U11-10
Added Pin To Net: NetName=GND Pin=U11-13
Added Pin To Net: NetName=+5 Pin=U11-16
Added Pin To Net: NetName=COLUM1 Pin=R24-2
Added Pin To Net: NetName=COLUM1 Pin=U10-15
Added Net: Name=COLUM1
Added Pin To Net: NetName=COLUM2 Pin=R25-2
Added Pin To Net: NetName=COLUM2 Pin=U10-1
Added Net: Name=COLUM2
Added Pin To Net: NetName=COLUM3 Pin=R23-2
Added Pin To Net: NetName=COLUM3 Pin=U10-2
Added Net: Name=COLUM3
Added Pin To Net: NetName=COLUM4 Pin=R26-2
Added Pin To Net: NetName=COLUM4 Pin=U10-3
Added Net: Name=COLUM4
Added Pin To Net: NetName=COLUM5 Pin=R28-1
Added Pin To Net: NetName=COLUM5 Pin=U10-4
Added Net: Name=COLUM5
Added Pin To Net: NetName=COLUM6 Pin=R22-2
Added Pin To Net: NetName=COLUM6 Pin=U10-5
Added Net: Name=COLUM6
Added Pin To Net: NetName=COLUM7 Pin=R29-1
Added Pin To Net: NetName=COLUM7 Pin=U10-6
Added Net: Name=COLUM7
Added Pin To Net: NetName=COLUM8 Pin=R27-1
Added Pin To Net: NetName=COLUM8 Pin=U10-7
Added Net: Name=COLUM8
Added Pin To Net: NetName=DS Pin=H8-10
Added Pin To Net: NetName=DS Pin=U3-3
Added Pin To Net: NetName=DS Pin=U10-14
Added Net: Name=DS
Added Pin To Net: NetName=NetMT1_6 Pin=MT1-6
Added Pin To Net: NetName=NetMT1_6 Pin=R28-2
Added Net: Name=NetMT1_6
Added Pin To Net: NetName=NetMT1_9 Pin=MT1-9
Added Pin To Net: NetName=NetMT1_9 Pin=R22-1
Added Net: Name=NetMT1_9
Added Pin To Net: NetName=NetU10_9 Pin=U10-9
Added Pin To Net: NetName=NetU10_9 Pin=U11-14
Added Net: Name=NetU10_9
Added Pin To Net: NetName=ROW1 Pin=MT1-10
Added Pin To Net: NetName=ROW1 Pin=U11-15
Added Net: Name=ROW1
Added Pin To Net: NetName=ROW2 Pin=MT1-7
Added Pin To Net: NetName=ROW2 Pin=U11-1
Added Net: Name=ROW2
Added Pin To Net: NetName=ROW3 Pin=MT1-1
Added Pin To Net: NetName=ROW3 Pin=U11-2
Added Net: Name=ROW3
Added Pin To Net: NetName=ROW4 Pin=MT1-15
Added Pin To Net: NetName=ROW4 Pin=U11-3
Added Net: Name=ROW4
Added Pin To Net: NetName=ROW5 Pin=MT1-8
Added Pin To Net: NetName=ROW5 Pin=U11-4
Added Net: Name=ROW5
Added Pin To Net: NetName=ROW6 Pin=MT1-11
Added Pin To Net: NetName=ROW6 Pin=U11-5
Added Net: Name=ROW6
Added Pin To Net: NetName=ROW7 Pin=MT1-3
Added Pin To Net: NetName=ROW7 Pin=U11-6
Added Net: Name=ROW7
Added Pin To Net: NetName=ROW8 Pin=MT1-13
Added Pin To Net: NetName=ROW8 Pin=U11-7
Added Net: Name=ROW8
Added Pin To Net: NetName=SHCP Pin=H8-4
Added Pin To Net: NetName=SHCP Pin=U3-9
Added Pin To Net: NetName=SHCP Pin=U10-11
Added Pin To Net: NetName=SHCP Pin=U11-11
Added Net: Name=SHCP
Added Pin To Net: NetName=STCP Pin=H8-3
Added Pin To Net: NetName=STCP Pin=U3-10
Added Pin To Net: NetName=STCP Pin=U10-12
Added Pin To Net: NetName=STCP Pin=U11-12
Added Net: Name=STCP
