Removed Pin From Net: NetName=ROW3 Pin=MT1-1
Removed Pin From Net: NetName=ROW7 Pin=MT1-3
Removed Pin From Net: NetName=ROW2 Pin=MT1-7
Removed Pin From Net: NetName=ROW5 Pin=MT1-8
Removed Pin From Net: NetName=ROW1 Pin=MT1-10
Removed Pin From Net: NetName=ROW6 Pin=MT1-11
Removed Pin From Net: NetName=ROW8 Pin=MT1-13
Removed Pin From Net: NetName=ROW4 Pin=MT1-15
Removed Pin From Net: NetName=NetMT1_9 Pin=R22-1
Removed Pin From Net: NetName=NetMT1_14 Pin=R23-1
Removed Pin From Net: NetName=NetMT1_2 Pin=R25-1
Removed Pin From Net: NetName=NetMT1_5 Pin=R26-1
Added Pin To Net: NetName=ROW4 Pin=MT1-3
Added Pin To Net: NetName=ROW6 Pin=MT1-4
Added Pin To Net: NetName=ROW1 Pin=MT1-6
Added Pin To Net: NetName=ROW5 Pin=MT1-7
Added Pin To Net: NetName=ROW2 Pin=MT1-8
Added Pin To Net: NetName=ROW3 Pin=MT1-12
Added Pin To Net: NetName=ROW7 Pin=MT1-15
Added Pin To Net: NetName=ROW8 Pin=MT1-16
Added Pin To Net: NetName=NetMT1_5 Pin=R22-1
Added Pin To Net: NetName=NetMT1_2 Pin=R23-1
Added Pin To Net: NetName=NetMT1_14 Pin=R25-1
Added Pin To Net: NetName=NetMT1_9 Pin=R26-1
Added Pin To Net: NetName=NetMT1_1 Pin=MT1-1
Added Pin To Net: NetName=NetMT1_1 Pin=R24-1
Added Net: Name=NetMT1_1
Added Pin To Net: NetName=NetMT1_10 Pin=MT1-10
Added Pin To Net: NetName=NetMT1_10 Pin=R28-2
Added Net: Name=NetMT1_10
Added Pin To Net: NetName=NetMT1_11 Pin=MT1-11
Added Pin To Net: NetName=NetMT1_11 Pin=R29-2
Added Net: Name=NetMT1_11
Added Pin To Net: NetName=NetMT1_13 Pin=MT1-13
Added Pin To Net: NetName=NetMT1_13 Pin=R27-2
Added Net: Name=NetMT1_13
