Archive member included to satisfy reference by file (symbol)

c:/gnu_toolchain/gcc_new/bin/../lib/gcc/arm-none-eabi/10.3.1/thumb/v7-m/nofp\libgcc.a(_arm_mulsf3.o)
                              ./Output/Component/Uart_Lib/UART_Handmade.o (__aeabi_fmul)
c:/gnu_toolchain/gcc_new/bin/../lib/gcc/arm-none-eabi/10.3.1/thumb/v7-m/nofp\libgcc.a(_arm_addsubsf3.o)
                              ./Output/Component/Uart_Lib/UART_Handmade.o (__aeabi_fsub)
c:/gnu_toolchain/gcc_new/bin/../lib/gcc/arm-none-eabi/10.3.1/thumb/v7-m/nofp\libgcc.a(_arm_muldivsf3.o)
                              ./Output/Component/Uart_Lib/UART_Handmade.o (__aeabi_fdiv)
c:/gnu_toolchain/gcc_new/bin/../lib/gcc/arm-none-eabi/10.3.1/thumb/v7-m/nofp\libgcc.a(_arm_fixunssfsi.o)
                              ./Output/Component/Uart_Lib/UART_Handmade.o (__aeabi_f2uiz)
c:/gnu_toolchain/gcc_new/bin/../lib/gcc/arm-none-eabi/10.3.1/../../../../arm-none-eabi/lib/thumb/v7-m/nofp\libc_nano.a(lib_a-memcpy-stub.o)
                              ./Output/main/STM32_Startup.o (memcpy)
c:/gnu_toolchain/gcc_new/bin/../lib/gcc/arm-none-eabi/10.3.1/../../../../arm-none-eabi/lib/thumb/v7-m/nofp\libc_nano.a(lib_a-memset.o)
                              ./Output/main/STM32_Startup.o (memset)

Discarded input sections

 .text          0x00000000        0x0 ./Output/main/main.o
 .data          0x00000000        0x0 ./Output/main/main.o
 .bss           0x00000000        0x0 ./Output/main/main.o
 .text          0x00000000        0x0 ./Output/main/STM32_Startup.o
 .data          0x00000000        0x0 ./Output/main/STM32_Startup.o
 .bss           0x00000000        0x0 ./Output/main/STM32_Startup.o
 .text          0x00000000        0x0 ./Output/Component/Adc_Lib/ADC_Handmade.o
 .data          0x00000000        0x0 ./Output/Component/Adc_Lib/ADC_Handmade.o
 .bss           0x00000000        0x0 ./Output/Component/Adc_Lib/ADC_Handmade.o
 .text.ADC_EnableClock
                0x00000000       0x30 ./Output/Component/Adc_Lib/ADC_Handmade.o
 .text.ADC_ReadMultiple
                0x00000000       0x58 ./Output/Component/Adc_Lib/ADC_Handmade.o
 .text          0x00000000        0x0 ./Output/Component/DMA_Lib/DMA_Handmade.o
 .data          0x00000000        0x0 ./Output/Component/DMA_Lib/DMA_Handmade.o
 .bss           0x00000000        0x0 ./Output/Component/DMA_Lib/DMA_Handmade.o
 .text.AddressMemory
                0x00000000       0x18 ./Output/Component/DMA_Lib/DMA_Handmade.o
 .text          0x00000000        0x0 ./Output/Component/Flash_Lib/Flash_Handmade.o
 .data          0x00000000        0x0 ./Output/Component/Flash_Lib/Flash_Handmade.o
 .bss           0x00000000        0x0 ./Output/Component/Flash_Lib/Flash_Handmade.o
 .text.Flash_Unlock
                0x00000000       0x18 ./Output/Component/Flash_Lib/Flash_Handmade.o
 .text.Flash_Lock
                0x00000000       0x10 ./Output/Component/Flash_Lib/Flash_Handmade.o
 .text.Flash_Write
                0x00000000       0x60 ./Output/Component/Flash_Lib/Flash_Handmade.o
 .text.Flash_EraseRange
                0x00000000       0x24 ./Output/Component/Flash_Lib/Flash_Handmade.o
 .text          0x00000000        0x0 ./Output/Component/GPIO_Lib/GPIO_Handmade.o
 .data          0x00000000        0x0 ./Output/Component/GPIO_Lib/GPIO_Handmade.o
 .bss           0x00000000        0x0 ./Output/Component/GPIO_Lib/GPIO_Handmade.o
 .text.ReadPin  0x00000000       0x20 ./Output/Component/GPIO_Lib/GPIO_Handmade.o
 .text.TogglePin
                0x00000000       0x30 ./Output/Component/GPIO_Lib/GPIO_Handmade.o
 .text.WriteMultiPins
                0x00000000       0x28 ./Output/Component/GPIO_Lib/GPIO_Handmade.o
 .text.ReadMultiPins
                0x00000000       0x68 ./Output/Component/GPIO_Lib/GPIO_Handmade.o
 .text.enableSWD
                0x00000000       0x34 ./Output/Component/GPIO_Lib/GPIO_Handmade.o
 .text          0x00000000        0x0 ./Output/Component/InitSystemPeripheral/InitSystemPeripheral.o
 .data          0x00000000        0x0 ./Output/Component/InitSystemPeripheral/InitSystemPeripheral.o
 .bss           0x00000000        0x0 ./Output/Component/InitSystemPeripheral/InitSystemPeripheral.o
 .text.InitGPIO_Control_Device
                0x00000000       0x44 ./Output/Component/InitSystemPeripheral/InitSystemPeripheral.o
 .bss.ADC_Buff  0x00000000        0xa ./Output/Component/InitSystemPeripheral/InitSystemPeripheral.o
 .data.GPIO_PWM_Servo_Feeder
                0x00000000        0x4 ./Output/Component/InitSystemPeripheral/InitSystemPeripheral.o
 .data.PWM_Servo_Feeder
                0x00000000       0x20 ./Output/Component/InitSystemPeripheral/InitSystemPeripheral.o
 .text          0x00000000        0x0 ./Output/Component/Nvic_Lib/NVIC_Handmade.o
 .data          0x00000000        0x0 ./Output/Component/Nvic_Lib/NVIC_Handmade.o
 .bss           0x00000000        0x0 ./Output/Component/Nvic_Lib/NVIC_Handmade.o
 .text.Disable_Intterupt_NVIC
                0x00000000       0x20 ./Output/Component/Nvic_Lib/NVIC_Handmade.o
 .text.setPriorityInterrupt
                0x00000000       0x34 ./Output/Component/Nvic_Lib/NVIC_Handmade.o
 .text.DisableAllInterrupt
                0x00000000        0x4 ./Output/Component/Nvic_Lib/NVIC_Handmade.o
 .text.EnableAllInterrupt
                0x00000000        0x4 ./Output/Component/Nvic_Lib/NVIC_Handmade.o
 .text          0x00000000        0x0 ./Output/Component/RCC_Lib/RCC_Handmade.o
 .data          0x00000000        0x0 ./Output/Component/RCC_Lib/RCC_Handmade.o
 .bss           0x00000000        0x0 ./Output/Component/RCC_Lib/RCC_Handmade.o
 .text.Select_Sources_Clock
                0x00000000       0x48 ./Output/Component/RCC_Lib/RCC_Handmade.o
 .text.getFrequencyAHB
                0x00000000       0x30 ./Output/Component/RCC_Lib/RCC_Handmade.o
 .text          0x00000000        0x0 ./Output/Component/SCB_Base/SCB_Base.o
 .data          0x00000000        0x0 ./Output/Component/SCB_Base/SCB_Base.o
 .bss           0x00000000        0x0 ./Output/Component/SCB_Base/SCB_Base.o
 .text.NVIC_SetVectorTable
                0x00000000        0xc ./Output/Component/SCB_Base/SCB_Base.o
 .text          0x00000000        0x0 ./Output/Component/SysTick_Lib/Systick_Handmade.o
 .data          0x00000000        0x0 ./Output/Component/SysTick_Lib/Systick_Handmade.o
 .bss           0x00000000        0x0 ./Output/Component/SysTick_Lib/Systick_Handmade.o
 .text          0x00000000        0x0 ./Output/Component/Timer_Lib/Timer_Handmade.o
 .data          0x00000000        0x0 ./Output/Component/Timer_Lib/Timer_Handmade.o
 .bss           0x00000000        0x0 ./Output/Component/Timer_Lib/Timer_Handmade.o
 .text.initTimer
                0x00000000      0x138 ./Output/Component/Timer_Lib/Timer_Handmade.o
 .text.StartPWMNormal
                0x00000000       0x80 ./Output/Component/Timer_Lib/Timer_Handmade.o
 .text.SetDutyCycle
                0x00000000       0x30 ./Output/Component/Timer_Lib/Timer_Handmade.o
 .bss.ValueAutoReload
                0x00000000        0x4 ./Output/Component/Timer_Lib/Timer_Handmade.o
 .rodata.TIMx   0x00000000       0x10 ./Output/Component/Timer_Lib/Timer_Handmade.o
 .comment       0x00000000       0x4a ./Output/Component/Timer_Lib/Timer_Handmade.o
 .ARM.attributes
                0x00000000       0x2d ./Output/Component/Timer_Lib/Timer_Handmade.o
 .text          0x00000000        0x0 ./Output/Component/Uart_Lib/UART_Handmade.o
 .data          0x00000000        0x0 ./Output/Component/Uart_Lib/UART_Handmade.o
 .bss           0x00000000        0x0 ./Output/Component/Uart_Lib/UART_Handmade.o
 .text.ReceiveDataUART
                0x00000000       0x40 ./Output/Component/Uart_Lib/UART_Handmade.o
 .text.interruptEnable
                0x00000000       0x14 ./Output/Component/Uart_Lib/UART_Handmade.o
 .text.interruptDisable
                0x00000000       0x14 ./Output/Component/Uart_Lib/UART_Handmade.o
 .text.ReceiveDataUART_IT
                0x00000000       0x50 ./Output/Component/Uart_Lib/UART_Handmade.o
 .bss.idx.0     0x00000000        0x1 ./Output/Component/Uart_Lib/UART_Handmade.o
 .text          0x00000000        0x0 ./Output/Component/UartDataManager/UART_Data_Manager.o
 .data          0x00000000        0x0 ./Output/Component/UartDataManager/UART_Data_Manager.o
 .bss           0x00000000        0x0 ./Output/Component/UartDataManager/UART_Data_Manager.o
 .text.SignalModeNormal_LED
                0x00000000       0x6c ./Output/Component/UartDataManager/UART_Data_Manager.o
 .text          0x00000000      0x168 c:/gnu_toolchain/gcc_new/bin/../lib/gcc/arm-none-eabi/10.3.1/thumb/v7-m/nofp\libgcc.a(_arm_mulsf3.o)
 .data          0x00000000        0x0 c:/gnu_toolchain/gcc_new/bin/../lib/gcc/arm-none-eabi/10.3.1/thumb/v7-m/nofp\libgcc.a(_arm_mulsf3.o)
 .bss           0x00000000        0x0 c:/gnu_toolchain/gcc_new/bin/../lib/gcc/arm-none-eabi/10.3.1/thumb/v7-m/nofp\libgcc.a(_arm_mulsf3.o)
 .debug_frame   0x00000000       0x24 c:/gnu_toolchain/gcc_new/bin/../lib/gcc/arm-none-eabi/10.3.1/thumb/v7-m/nofp\libgcc.a(_arm_mulsf3.o)
 .ARM.attributes
                0x00000000       0x1d c:/gnu_toolchain/gcc_new/bin/../lib/gcc/arm-none-eabi/10.3.1/thumb/v7-m/nofp\libgcc.a(_arm_mulsf3.o)
 .data          0x00000000        0x0 c:/gnu_toolchain/gcc_new/bin/../lib/gcc/arm-none-eabi/10.3.1/thumb/v7-m/nofp\libgcc.a(_arm_addsubsf3.o)
 .bss           0x00000000        0x0 c:/gnu_toolchain/gcc_new/bin/../lib/gcc/arm-none-eabi/10.3.1/thumb/v7-m/nofp\libgcc.a(_arm_addsubsf3.o)
 .data          0x00000000        0x0 c:/gnu_toolchain/gcc_new/bin/../lib/gcc/arm-none-eabi/10.3.1/thumb/v7-m/nofp\libgcc.a(_arm_muldivsf3.o)
 .bss           0x00000000        0x0 c:/gnu_toolchain/gcc_new/bin/../lib/gcc/arm-none-eabi/10.3.1/thumb/v7-m/nofp\libgcc.a(_arm_muldivsf3.o)
 .data          0x00000000        0x0 c:/gnu_toolchain/gcc_new/bin/../lib/gcc/arm-none-eabi/10.3.1/thumb/v7-m/nofp\libgcc.a(_arm_fixunssfsi.o)
 .bss           0x00000000        0x0 c:/gnu_toolchain/gcc_new/bin/../lib/gcc/arm-none-eabi/10.3.1/thumb/v7-m/nofp\libgcc.a(_arm_fixunssfsi.o)
 .text          0x00000000        0x0 c:/gnu_toolchain/gcc_new/bin/../lib/gcc/arm-none-eabi/10.3.1/../../../../arm-none-eabi/lib/thumb/v7-m/nofp\libc_nano.a(lib_a-memcpy-stub.o)
 .data          0x00000000        0x0 c:/gnu_toolchain/gcc_new/bin/../lib/gcc/arm-none-eabi/10.3.1/../../../../arm-none-eabi/lib/thumb/v7-m/nofp\libc_nano.a(lib_a-memcpy-stub.o)
 .bss           0x00000000        0x0 c:/gnu_toolchain/gcc_new/bin/../lib/gcc/arm-none-eabi/10.3.1/../../../../arm-none-eabi/lib/thumb/v7-m/nofp\libc_nano.a(lib_a-memcpy-stub.o)
 .text          0x00000000        0x0 c:/gnu_toolchain/gcc_new/bin/../lib/gcc/arm-none-eabi/10.3.1/../../../../arm-none-eabi/lib/thumb/v7-m/nofp\libc_nano.a(lib_a-memset.o)
 .data          0x00000000        0x0 c:/gnu_toolchain/gcc_new/bin/../lib/gcc/arm-none-eabi/10.3.1/../../../../arm-none-eabi/lib/thumb/v7-m/nofp\libc_nano.a(lib_a-memset.o)
 .bss           0x00000000        0x0 c:/gnu_toolchain/gcc_new/bin/../lib/gcc/arm-none-eabi/10.3.1/../../../../arm-none-eabi/lib/thumb/v7-m/nofp\libc_nano.a(lib_a-memset.o)

Memory Configuration

Name             Origin             Length             Attributes
FLASH            0x08002000         0x00006c00         xr
RAM              0x20000000         0x00005000         xrw
*default*        0x00000000         0xffffffff

Linker script and memory map

LOAD c:/gnu_toolchain/gcc_new/bin/../lib/gcc/arm-none-eabi/10.3.1/../../../../arm-none-eabi/lib/thumb/v7-m/nofp\libc_nano.a
LOAD c:/gnu_toolchain/gcc_new/bin/../lib/gcc/arm-none-eabi/10.3.1/thumb/v7-m/nofp\libgcc.a
LOAD c:/gnu_toolchain/gcc_new/bin/../lib/gcc/arm-none-eabi/10.3.1/../../../../arm-none-eabi/lib/thumb/v7-m/nofp\libnosys.a
LOAD ./Output/main/main.o
LOAD ./Output/main/STM32_Startup.o
LOAD ./Output/Component/Adc_Lib/ADC_Handmade.o
LOAD ./Output/Component/DMA_Lib/DMA_Handmade.o
LOAD ./Output/Component/Flash_Lib/Flash_Handmade.o
LOAD ./Output/Component/GPIO_Lib/GPIO_Handmade.o
LOAD ./Output/Component/InitSystemPeripheral/InitSystemPeripheral.o
LOAD ./Output/Component/Nvic_Lib/NVIC_Handmade.o
LOAD ./Output/Component/RCC_Lib/RCC_Handmade.o
LOAD ./Output/Component/SCB_Base/SCB_Base.o
LOAD ./Output/Component/SysTick_Lib/Systick_Handmade.o
LOAD ./Output/Component/Timer_Lib/Timer_Handmade.o
LOAD ./Output/Component/Uart_Lib/UART_Handmade.o
LOAD ./Output/Component/UartDataManager/UART_Data_Manager.o
START GROUP
LOAD c:/gnu_toolchain/gcc_new/bin/../lib/gcc/arm-none-eabi/10.3.1/thumb/v7-m/nofp\libgcc.a
LOAD c:/gnu_toolchain/gcc_new/bin/../lib/gcc/arm-none-eabi/10.3.1/../../../../arm-none-eabi/lib/thumb/v7-m/nofp\libc_nano.a
END GROUP
START GROUP
LOAD c:/gnu_toolchain/gcc_new/bin/../lib/gcc/arm-none-eabi/10.3.1/thumb/v7-m/nofp\libgcc.a
LOAD c:/gnu_toolchain/gcc_new/bin/../lib/gcc/arm-none-eabi/10.3.1/../../../../arm-none-eabi/lib/thumb/v7-m/nofp\libc_nano.a
END GROUP
                0x00000800                _heap_size = 0x800
                0x00000800                _stack_size = 0x800

.isr_vector     0x08002000      0x130
 *(.isr_vector)
 .isr_vector    0x08002000      0x130 ./Output/main/STM32_Startup.o
                0x08002000                vectors

.text           0x08002130     0x1850
 *(.text*)
 .text.USART1_IRQHandler
                0x08002130       0x10 ./Output/main/main.o
                0x08002130                USART1_IRQHandler
 .text.startup.main
                0x08002140       0x4c ./Output/main/main.o
                0x08002140                main
 .text.Default_Handler
                0x0800218c        0x4 ./Output/main/STM32_Startup.o
                0x0800218c                RTC_Alarm_IRQHandler
                0x0800218c                EXTI2_IRQHandler
                0x0800218c                TIM8_TRG_COM_IRQHandler
                0x0800218c                TIM8_CC_IRQHandler
                0x0800218c                DebugMon_Handler
                0x0800218c                TIM1_CC_IRQHandler
                0x0800218c                HardFault_Handler
                0x0800218c                TIM6_IRQHandler
                0x0800218c                SysTick_Handler
                0x0800218c                PVD_IRQHandler
                0x0800218c                SDIO_IRQHandler
                0x0800218c                PendSV_Handler
                0x0800218c                NMI_Handler
                0x0800218c                EXTI3_IRQHandler
                0x0800218c                EXTI0_IRQHandler
                0x0800218c                I2C2_EV_IRQHandler
                0x0800218c                UsageFault_Handler
                0x0800218c                ADC1_2_IRQHandler
                0x0800218c                SPI1_IRQHandler
                0x0800218c                TAMPER_IRQHandler
                0x0800218c                TIM8_UP_IRQHandler
                0x0800218c                DMA2_Channel2_IRQHandler
                0x0800218c                DMA1_Channel4_IRQHandler
                0x0800218c                USART3_IRQHandler
                0x0800218c                RTC_IRQHandler
                0x0800218c                DMA1_Channel7_IRQHandler
                0x0800218c                CAN1_RX1_IRQHandler
                0x0800218c                UART5_IRQHandler
                0x0800218c                ADC3_IRQHandler
                0x0800218c                USBWakeup_IRQHandler
                0x0800218c                TIM4_IRQHandler
                0x0800218c                DMA2_Channel1_IRQHandler
                0x0800218c                I2C1_EV_IRQHandler
                0x0800218c                DMA1_Channel6_IRQHandler
                0x0800218c                UART4_IRQHandler
                0x0800218c                TIM3_IRQHandler
                0x0800218c                RCC_IRQHandler
                0x0800218c                TIM1_TRG_COM_IRQHandler
                0x0800218c                DMA1_Channel1_IRQHandler
                0x0800218c                Default_Handler
                0x0800218c                EXTI15_10_IRQHandler
                0x0800218c                TIM7_IRQHandler
                0x0800218c                TIM5_IRQHandler
                0x0800218c                EXTI9_5_IRQHandler
                0x0800218c                SPI2_IRQHandler
                0x0800218c                MemManage_Handler
                0x0800218c                SVC_Handler
                0x0800218c                DMA1_Channel5_IRQHandler
                0x0800218c                EXTI4_IRQHandler
                0x0800218c                USB_LP_CAN1_RX0_IRQHandler
                0x0800218c                USB_HP_CAN1_TX_IRQHandler
                0x0800218c                DMA1_Channel3_IRQHandler
                0x0800218c                FSMC_IRQHandler
                0x0800218c                TIM1_UP_IRQHandler
                0x0800218c                WWDG_IRQHandler
                0x0800218c                TIM2_IRQHandler
                0x0800218c                TIM1_BRK_IRQHandler
                0x0800218c                EXTI1_IRQHandler
                0x0800218c                DMA2_Channel4_5_IRQHandler
                0x0800218c                USART2_IRQHandler
                0x0800218c                I2C2_ER_IRQHandler
                0x0800218c                DMA1_Channel2_IRQHandler
                0x0800218c                TIM8_BRK_IRQHandler
                0x0800218c                CAN1_SCE_IRQHandler
                0x0800218c                FLASH_IRQHandler
                0x0800218c                BusFault_Handler
                0x0800218c                SPI3_IRQHandler
                0x0800218c                I2C1_ER_IRQHandler
                0x0800218c                DMA2_Channel3_IRQHandler
 .text.Reset_Handler
                0x08002190       0x3c ./Output/main/STM32_Startup.o
                0x08002190                Reset_Handler
 .text.ADC_Init
                0x080021cc      0x474 ./Output/Component/Adc_Lib/ADC_Handmade.o
                0x080021cc                ADC_Init
 .text.ADC_DMA_Start
                0x08002640       0x24 ./Output/Component/Adc_Lib/ADC_Handmade.o
                0x08002640                ADC_DMA_Start
 .text.DMA_Init
                0x08002664       0xf8 ./Output/Component/DMA_Lib/DMA_Handmade.o
                0x08002664                DMA_Init
 .text.DMA_Start
                0x0800275c       0x40 ./Output/Component/DMA_Lib/DMA_Handmade.o
                0x0800275c                DMA_Start
 .text.AddressPeripheral
                0x0800279c       0x18 ./Output/Component/DMA_Lib/DMA_Handmade.o
                0x0800279c                AddressPeripheral
 .text.Flash_AdjustForCLK
                0x080027b4       0x88 ./Output/Component/Flash_Lib/Flash_Handmade.o
                0x080027b4                Flash_AdjustForCLK
 .text.Flash_ErasePage
                0x0800283c       0x84 ./Output/Component/Flash_Lib/Flash_Handmade.o
                0x0800283c                Flash_ErasePage
 .text.Flash_WriteHalfWord
                0x080028c0       0x4c ./Output/Component/Flash_Lib/Flash_Handmade.o
                0x080028c0                Flash_WriteHalfWord
 .text.InitGPIO
                0x0800290c       0x98 ./Output/Component/GPIO_Lib/GPIO_Handmade.o
                0x0800290c                InitGPIO
 .text.WritePin
                0x080029a4       0x5c ./Output/Component/GPIO_Lib/GPIO_Handmade.o
                0x080029a4                WritePin
 .text.ON_Led_Hardware
                0x08002a00       0x18 ./Output/Component/GPIO_Lib/GPIO_Handmade.o
                0x08002a00                ON_Led_Hardware
 .text.OFF_Led_Hardware
                0x08002a18       0x18 ./Output/Component/GPIO_Lib/GPIO_Handmade.o
                0x08002a18                OFF_Led_Hardware
 .text.InitSystemPeripheral
                0x08002a30       0xa4 ./Output/Component/InitSystemPeripheral/InitSystemPeripheral.o
                0x08002a30                InitSystemPeripheral
 .text.Enable_Intterupt_NVIC
                0x08002ad4       0x20 ./Output/Component/Nvic_Lib/NVIC_Handmade.o
                0x08002ad4                Enable_Intterupt_NVIC
 .text.Enable_Clock_RCC_APB2
                0x08002af4       0x1c ./Output/Component/RCC_Lib/RCC_Handmade.o
                0x08002af4                Enable_Clock_RCC_APB2
 .text.Enable_Clock_RCC_APB1
                0x08002b10       0x1c ./Output/Component/RCC_Lib/RCC_Handmade.o
                0x08002b10                Enable_Clock_RCC_APB1
 .text.Enable_Clock_RCC_AHB
                0x08002b2c       0x1c ./Output/Component/RCC_Lib/RCC_Handmade.o
                0x08002b2c                Enable_Clock_RCC_AHB
 .text.Select_Prescaler_RCC
                0x08002b48       0xb4 ./Output/Component/RCC_Lib/RCC_Handmade.o
                0x08002b48                Select_Prescaler_RCC
 .text.Select_Frequency_CLK
                0x08002bfc      0x120 ./Output/Component/RCC_Lib/RCC_Handmade.o
                0x08002bfc                Select_Frequency_CLK
 .text.init_RCC
                0x08002d1c       0x90 ./Output/Component/RCC_Lib/RCC_Handmade.o
                0x08002d1c                init_RCC
 .text.getFrequencyAPB1
                0x08002dac       0x30 ./Output/Component/RCC_Lib/RCC_Handmade.o
                0x08002dac                getFrequencyAPB1
 .text.getFrequencyAPB2
                0x08002ddc       0x30 ./Output/Component/RCC_Lib/RCC_Handmade.o
                0x08002ddc                getFrequencyAPB2
 .text.getFrequencyRCC
                0x08002e0c        0xc ./Output/Component/RCC_Lib/RCC_Handmade.o
                0x08002e0c                getFrequencyRCC
 .text.NVIC_SystemReset
                0x08002e18       0x18 ./Output/Component/SCB_Base/SCB_Base.o
                0x08002e18                NVIC_SystemReset
 .text.SysTick_Init
                0x08002e30       0x50 ./Output/Component/SysTick_Lib/Systick_Handmade.o
                0x08002e30                SysTick_Init
 .text.Delay_SysTick
                0x08002e80       0x44 ./Output/Component/SysTick_Lib/Systick_Handmade.o
                0x08002e80                Delay_SysTick
 .text.UARTInit
                0x08002ec4      0x220 ./Output/Component/Uart_Lib/UART_Handmade.o
                0x08002ec4                UARTInit
 .text.TransmitDataUART
                0x080030e4       0x40 ./Output/Component/Uart_Lib/UART_Handmade.o
                0x080030e4                TransmitDataUART
 .text.EnableInterrupt_RX_UARTx
                0x08003124       0x30 ./Output/Component/Uart_Lib/UART_Handmade.o
                0x08003124                EnableInterrupt_RX_UARTx
 .text.InitDataToESP32
                0x08003154      0x14c ./Output/Component/UartDataManager/UART_Data_Manager.o
                0x08003154                InitDataToESP32
 .text.ReciveUART
                0x080032a0       0x34 ./Output/Component/UartDataManager/UART_Data_Manager.o
                0x080032a0                ReciveUART
 .text.ControlDevice
                0x080032d4       0x8c ./Output/Component/UartDataManager/UART_Data_Manager.o
                0x080032d4                ControlDevice
 .text.InitDataManager
                0x08003360       0x28 ./Output/Component/UartDataManager/UART_Data_Manager.o
                0x08003360                InitDataManager
 .text.UART_Controller
                0x08003388       0xa8 ./Output/Component/UartDataManager/UART_Data_Manager.o
                0x08003388                UART_Controller
 .text          0x08003430      0x21c c:/gnu_toolchain/gcc_new/bin/../lib/gcc/arm-none-eabi/10.3.1/thumb/v7-m/nofp\libgcc.a(_arm_addsubsf3.o)
                0x08003430                __aeabi_frsub
                0x08003438                __subsf3
                0x08003438                __aeabi_fsub
                0x0800343c                __aeabi_fadd
                0x0800343c                __addsf3
                0x0800359c                __aeabi_ui2f
                0x0800359c                __floatunsisf
                0x080035a4                __aeabi_i2f
                0x080035a4                __floatsisf
                0x080035c0                __aeabi_ul2f
                0x080035c0                __floatundisf
                0x080035d0                __aeabi_l2f
                0x080035d0                __floatdisf
 .text          0x0800364c      0x2a0 c:/gnu_toolchain/gcc_new/bin/../lib/gcc/arm-none-eabi/10.3.1/thumb/v7-m/nofp\libgcc.a(_arm_muldivsf3.o)
                0x0800364c                __mulsf3
                0x0800364c                __aeabi_fmul
                0x080037b4                __aeabi_fdiv
                0x080037b4                __divsf3
 .text          0x080038ec       0x40 c:/gnu_toolchain/gcc_new/bin/../lib/gcc/arm-none-eabi/10.3.1/thumb/v7-m/nofp\libgcc.a(_arm_fixunssfsi.o)
                0x080038ec                __fixunssfsi
                0x080038ec                __aeabi_f2uiz
 .text.memcpy   0x0800392c       0x1c c:/gnu_toolchain/gcc_new/bin/../lib/gcc/arm-none-eabi/10.3.1/../../../../arm-none-eabi/lib/thumb/v7-m/nofp\libc_nano.a(lib_a-memcpy-stub.o)
                0x0800392c                memcpy
 .text.memset   0x08003948       0x10 c:/gnu_toolchain/gcc_new/bin/../lib/gcc/arm-none-eabi/10.3.1/../../../../arm-none-eabi/lib/thumb/v7-m/nofp\libc_nano.a(lib_a-memset.o)
                0x08003948                memset
 *(.rodata*)
 .rodata.GPIO_List
                0x08003958       0x1c ./Output/Component/GPIO_Lib/GPIO_Handmade.o
 .rodata        0x08003974        0x4 ./Output/Component/InitSystemPeripheral/InitSystemPeripheral.o
 .rodata.InitDataToESP32.str1.4
                0x08003978        0x7 ./Output/Component/UartDataManager/UART_Data_Manager.o
                0x08003980                . = ALIGN (0x4)
 *fill*         0x0800397f        0x1 
                0x08003980                _etext = .
                0x08003980                _la_data = LOADADDR (.data)

.glue_7         0x08003980        0x0
 .glue_7        0x08003980        0x0 linker stubs

.glue_7t        0x08003980        0x0
 .glue_7t       0x08003980        0x0 linker stubs

.vfp11_veneer   0x08003980        0x0
 .vfp11_veneer  0x08003980        0x0 linker stubs

.v4_bx          0x08003980        0x0
 .v4_bx         0x08003980        0x0 linker stubs

.iplt           0x08003980        0x0
 .iplt          0x08003980        0x0 ./Output/main/main.o

.rel.dyn        0x08003980        0x0
 .rel.iplt      0x08003980        0x0 ./Output/main/main.o

.data           0x20000000      0x124 load address 0x08003980
                0x20000000                _sdata = .
 *(.data*)
 .data.Data_Manager
                0x20000000       0x7c ./Output/main/main.o
                0x20000000                Data_Manager
 .data.ADC_Config_5_SENSOR
                0x2000007c       0x3a ./Output/Component/InitSystemPeripheral/InitSystemPeripheral.o
                0x2000007c                ADC_Config_5_SENSOR
 *fill*         0x200000b6        0x2 
 .data.DMA_ADC_5_SENSOR
                0x200000b8       0x18 ./Output/Component/InitSystemPeripheral/InitSystemPeripheral.o
                0x200000b8                DMA_ADC_5_SENSOR
 .data.LED_Hardware
                0x200000d0        0x4 ./Output/Component/InitSystemPeripheral/InitSystemPeripheral.o
                0x200000d0                LED_Hardware
 .data.SysTickConfigDefault
                0x200000d4        0x8 ./Output/Component/InitSystemPeripheral/InitSystemPeripheral.o
                0x200000d4                SysTickConfigDefault
 .data.rccconfigDefault
                0x200000dc        0x8 ./Output/Component/InitSystemPeripheral/InitSystemPeripheral.o
                0x200000dc                rccconfigDefault
 .data.uartConfigDefault
                0x200000e4       0x34 ./Output/Component/InitSystemPeripheral/InitSystemPeripheral.o
                0x200000e4                uartConfigDefault
 .data.UART_List
                0x20000118        0xc ./Output/Component/Uart_Lib/UART_Handmade.o
                0x20000118                UART_List
                0x20000124                . = ALIGN (0x4)
                0x20000124                _edata = .

.igot.plt       0x20000124        0x0 load address 0x08003aa4
 .igot.plt      0x20000124        0x0 ./Output/main/main.o

.bss            0x20000124       0x10 load address 0x08003aa4
                0x20000124                _sbss = .
 *(.bss*)
 .bss._Data_Manager
                0x20000124        0x4 ./Output/Component/InitSystemPeripheral/InitSystemPeripheral.o
                0x20000124                _Data_Manager
 .bss.Frequency_RCC
                0x20000128        0x4 ./Output/Component/RCC_Lib/RCC_Handmade.o
                0x20000128                Frequency_RCC
 .bss.HPRE_Prescaler
                0x2000012c        0x1 ./Output/Component/RCC_Lib/RCC_Handmade.o
                0x2000012c                HPRE_Prescaler
 .bss.PPRE1_Prescaler
                0x2000012d        0x1 ./Output/Component/RCC_Lib/RCC_Handmade.o
                0x2000012d                PPRE1_Prescaler
 .bss.PPRE2_Prescaler
                0x2000012e        0x1 ./Output/Component/RCC_Lib/RCC_Handmade.o
                0x2000012e                PPRE2_Prescaler
 *fill*         0x2000012f        0x1 
 .bss.DataManager
                0x20000130        0x4 ./Output/Component/UartDataManager/UART_Data_Manager.o
                0x20000130                DataManager
 *(COMMON)
                0x20000134                . = ALIGN (0x4)
                0x20000134                _ebss = .

.heap           0x20000134      0x804 load address 0x08003aa4
                0x20000138                . = ALIGN (0x8)
 *fill*         0x20000134        0x4 
                0x20000138                _sheap = .
                0x20000938                . = (. + _heap_size)
 *fill*         0x20000138      0x800 
                0x20000938                _eheap = .

.stack          0x20000938        0x0 load address 0x08003aa4
                0x20005000                _estack = (ORIGIN (RAM) + LENGTH (RAM))
                0x20004800                _sstack = (_estack - _stack_size)
OUTPUT(Output/STM32_RUN.elf elf32-littlearm)
LOAD linker stubs

.comment        0x00000000       0x49
 .comment       0x00000000       0x49 ./Output/main/main.o
                                 0x4a (size before relaxing)
 .comment       0x00000049       0x4a ./Output/main/STM32_Startup.o
 .comment       0x00000049       0x4a ./Output/Component/Adc_Lib/ADC_Handmade.o
 .comment       0x00000049       0x4a ./Output/Component/DMA_Lib/DMA_Handmade.o
 .comment       0x00000049       0x4a ./Output/Component/Flash_Lib/Flash_Handmade.o
 .comment       0x00000049       0x4a ./Output/Component/GPIO_Lib/GPIO_Handmade.o
 .comment       0x00000049       0x4a ./Output/Component/InitSystemPeripheral/InitSystemPeripheral.o
 .comment       0x00000049       0x4a ./Output/Component/Nvic_Lib/NVIC_Handmade.o
 .comment       0x00000049       0x4a ./Output/Component/RCC_Lib/RCC_Handmade.o
 .comment       0x00000049       0x4a ./Output/Component/SCB_Base/SCB_Base.o
 .comment       0x00000049       0x4a ./Output/Component/SysTick_Lib/Systick_Handmade.o
 .comment       0x00000049       0x4a ./Output/Component/Uart_Lib/UART_Handmade.o
 .comment       0x00000049       0x4a ./Output/Component/UartDataManager/UART_Data_Manager.o

.ARM.attributes
                0x00000000       0x2d
 .ARM.attributes
                0x00000000       0x2d ./Output/main/main.o
 .ARM.attributes
                0x0000002d       0x2d ./Output/main/STM32_Startup.o
 .ARM.attributes
                0x0000005a       0x2d ./Output/Component/Adc_Lib/ADC_Handmade.o
 .ARM.attributes
                0x00000087       0x2d ./Output/Component/DMA_Lib/DMA_Handmade.o
 .ARM.attributes
                0x000000b4       0x2d ./Output/Component/Flash_Lib/Flash_Handmade.o
 .ARM.attributes
                0x000000e1       0x2d ./Output/Component/GPIO_Lib/GPIO_Handmade.o
 .ARM.attributes
                0x0000010e       0x2d ./Output/Component/InitSystemPeripheral/InitSystemPeripheral.o
 .ARM.attributes
                0x0000013b       0x2d ./Output/Component/Nvic_Lib/NVIC_Handmade.o
 .ARM.attributes
                0x00000168       0x2d ./Output/Component/RCC_Lib/RCC_Handmade.o
 .ARM.attributes
                0x00000195       0x2d ./Output/Component/SCB_Base/SCB_Base.o
 .ARM.attributes
                0x000001c2       0x2d ./Output/Component/SysTick_Lib/Systick_Handmade.o
 .ARM.attributes
                0x000001ef       0x2d ./Output/Component/Uart_Lib/UART_Handmade.o
 .ARM.attributes
                0x0000021c       0x2d ./Output/Component/UartDataManager/UART_Data_Manager.o
 .ARM.attributes
                0x00000249       0x1d c:/gnu_toolchain/gcc_new/bin/../lib/gcc/arm-none-eabi/10.3.1/thumb/v7-m/nofp\libgcc.a(_arm_addsubsf3.o)
 .ARM.attributes
                0x00000266       0x1d c:/gnu_toolchain/gcc_new/bin/../lib/gcc/arm-none-eabi/10.3.1/thumb/v7-m/nofp\libgcc.a(_arm_muldivsf3.o)
 .ARM.attributes
                0x00000283       0x1d c:/gnu_toolchain/gcc_new/bin/../lib/gcc/arm-none-eabi/10.3.1/thumb/v7-m/nofp\libgcc.a(_arm_fixunssfsi.o)
 .ARM.attributes
                0x000002a0       0x2d c:/gnu_toolchain/gcc_new/bin/../lib/gcc/arm-none-eabi/10.3.1/../../../../arm-none-eabi/lib/thumb/v7-m/nofp\libc_nano.a(lib_a-memcpy-stub.o)
 .ARM.attributes
                0x000002cd       0x2d c:/gnu_toolchain/gcc_new/bin/../lib/gcc/arm-none-eabi/10.3.1/../../../../arm-none-eabi/lib/thumb/v7-m/nofp\libc_nano.a(lib_a-memset.o)

.debug_frame    0x00000000       0xf0
 .debug_frame   0x00000000       0x4c c:/gnu_toolchain/gcc_new/bin/../lib/gcc/arm-none-eabi/10.3.1/thumb/v7-m/nofp\libgcc.a(_arm_addsubsf3.o)
 .debug_frame   0x0000004c       0x38 c:/gnu_toolchain/gcc_new/bin/../lib/gcc/arm-none-eabi/10.3.1/thumb/v7-m/nofp\libgcc.a(_arm_muldivsf3.o)
 .debug_frame   0x00000084       0x24 c:/gnu_toolchain/gcc_new/bin/../lib/gcc/arm-none-eabi/10.3.1/thumb/v7-m/nofp\libgcc.a(_arm_fixunssfsi.o)
 .debug_frame   0x000000a8       0x28 c:/gnu_toolchain/gcc_new/bin/../lib/gcc/arm-none-eabi/10.3.1/../../../../arm-none-eabi/lib/thumb/v7-m/nofp\libc_nano.a(lib_a-memcpy-stub.o)
 .debug_frame   0x000000d0       0x20 c:/gnu_toolchain/gcc_new/bin/../lib/gcc/arm-none-eabi/10.3.1/../../../../arm-none-eabi/lib/thumb/v7-m/nofp\libc_nano.a(lib_a-memset.o)

Cross Reference Table

Symbol                                            File
ADC1_2_IRQHandler                                 ./Output/main/STM32_Startup.o
ADC3_IRQHandler                                   ./Output/main/STM32_Startup.o
ADC_Buff                                          ./Output/Component/InitSystemPeripheral/InitSystemPeripheral.o
ADC_Config_5_SENSOR                               ./Output/Component/InitSystemPeripheral/InitSystemPeripheral.o
ADC_DMA_Start                                     ./Output/Component/Adc_Lib/ADC_Handmade.o
                                                  ./Output/Component/InitSystemPeripheral/InitSystemPeripheral.o
ADC_EnableClock                                   ./Output/Component/Adc_Lib/ADC_Handmade.o
ADC_Init                                          ./Output/Component/Adc_Lib/ADC_Handmade.o
                                                  ./Output/Component/InitSystemPeripheral/InitSystemPeripheral.o
ADC_ReadMultiple                                  ./Output/Component/Adc_Lib/ADC_Handmade.o
AddressMemory                                     ./Output/Component/DMA_Lib/DMA_Handmade.o
AddressPeripheral                                 ./Output/Component/DMA_Lib/DMA_Handmade.o
                                                  ./Output/Component/UartDataManager/UART_Data_Manager.o
BusFault_Handler                                  ./Output/main/STM32_Startup.o
CAN1_RX1_IRQHandler                               ./Output/main/STM32_Startup.o
CAN1_SCE_IRQHandler                               ./Output/main/STM32_Startup.o
ControlDevice                                     ./Output/Component/UartDataManager/UART_Data_Manager.o
DMA1_Channel1_IRQHandler                          ./Output/main/STM32_Startup.o
DMA1_Channel2_IRQHandler                          ./Output/main/STM32_Startup.o
DMA1_Channel3_IRQHandler                          ./Output/main/STM32_Startup.o
DMA1_Channel4_IRQHandler                          ./Output/main/STM32_Startup.o
DMA1_Channel5_IRQHandler                          ./Output/main/STM32_Startup.o
DMA1_Channel6_IRQHandler                          ./Output/main/STM32_Startup.o
DMA1_Channel7_IRQHandler                          ./Output/main/STM32_Startup.o
DMA2_Channel1_IRQHandler                          ./Output/main/STM32_Startup.o
DMA2_Channel2_IRQHandler                          ./Output/main/STM32_Startup.o
DMA2_Channel3_IRQHandler                          ./Output/main/STM32_Startup.o
DMA2_Channel4_5_IRQHandler                        ./Output/main/STM32_Startup.o
DMA_ADC_5_SENSOR                                  ./Output/Component/InitSystemPeripheral/InitSystemPeripheral.o
DMA_Init                                          ./Output/Component/DMA_Lib/DMA_Handmade.o
                                                  ./Output/Component/InitSystemPeripheral/InitSystemPeripheral.o
DMA_Start                                         ./Output/Component/DMA_Lib/DMA_Handmade.o
                                                  ./Output/Component/InitSystemPeripheral/InitSystemPeripheral.o
DataManager                                       ./Output/Component/UartDataManager/UART_Data_Manager.o
Data_Manager                                      ./Output/main/main.o
DebugMon_Handler                                  ./Output/main/STM32_Startup.o
Default_Handler                                   ./Output/main/STM32_Startup.o
Delay_SysTick                                     ./Output/Component/SysTick_Lib/Systick_Handmade.o
                                                  ./Output/Component/UartDataManager/UART_Data_Manager.o
DisableAllInterrupt                               ./Output/Component/Nvic_Lib/NVIC_Handmade.o
Disable_Intterupt_NVIC                            ./Output/Component/Nvic_Lib/NVIC_Handmade.o
EXTI0_IRQHandler                                  ./Output/main/STM32_Startup.o
EXTI15_10_IRQHandler                              ./Output/main/STM32_Startup.o
EXTI1_IRQHandler                                  ./Output/main/STM32_Startup.o
EXTI2_IRQHandler                                  ./Output/main/STM32_Startup.o
EXTI3_IRQHandler                                  ./Output/main/STM32_Startup.o
EXTI4_IRQHandler                                  ./Output/main/STM32_Startup.o
EXTI9_5_IRQHandler                                ./Output/main/STM32_Startup.o
EnableAllInterrupt                                ./Output/Component/Nvic_Lib/NVIC_Handmade.o
EnableInterrupt_RX_UARTx                          ./Output/Component/Uart_Lib/UART_Handmade.o
                                                  ./Output/Component/InitSystemPeripheral/InitSystemPeripheral.o
Enable_Clock_RCC_AHB                              ./Output/Component/RCC_Lib/RCC_Handmade.o
                                                  ./Output/Component/DMA_Lib/DMA_Handmade.o
Enable_Clock_RCC_APB1                             ./Output/Component/RCC_Lib/RCC_Handmade.o
                                                  ./Output/Component/Uart_Lib/UART_Handmade.o
                                                  ./Output/Component/Timer_Lib/Timer_Handmade.o
Enable_Clock_RCC_APB2                             ./Output/Component/RCC_Lib/RCC_Handmade.o
                                                  ./Output/Component/Uart_Lib/UART_Handmade.o
                                                  ./Output/Component/GPIO_Lib/GPIO_Handmade.o
                                                  ./Output/Component/Adc_Lib/ADC_Handmade.o
Enable_Intterupt_NVIC                             ./Output/Component/Nvic_Lib/NVIC_Handmade.o
                                                  ./Output/Component/Uart_Lib/UART_Handmade.o
FLASH_IRQHandler                                  ./Output/main/STM32_Startup.o
FSMC_IRQHandler                                   ./Output/main/STM32_Startup.o
Flash_AdjustForCLK                                ./Output/Component/Flash_Lib/Flash_Handmade.o
                                                  ./Output/Component/RCC_Lib/RCC_Handmade.o
Flash_ErasePage                                   ./Output/Component/Flash_Lib/Flash_Handmade.o
                                                  ./Output/main/main.o
Flash_EraseRange                                  ./Output/Component/Flash_Lib/Flash_Handmade.o
Flash_Lock                                        ./Output/Component/Flash_Lib/Flash_Handmade.o
Flash_Unlock                                      ./Output/Component/Flash_Lib/Flash_Handmade.o
Flash_Write                                       ./Output/Component/Flash_Lib/Flash_Handmade.o
Flash_WriteHalfWord                               ./Output/Component/Flash_Lib/Flash_Handmade.o
                                                  ./Output/main/main.o
Frequency_RCC                                     ./Output/Component/RCC_Lib/RCC_Handmade.o
GPIO_PWM_Servo_Feeder                             ./Output/Component/InitSystemPeripheral/InitSystemPeripheral.o
HPRE_Prescaler                                    ./Output/Component/RCC_Lib/RCC_Handmade.o
HardFault_Handler                                 ./Output/main/STM32_Startup.o
I2C1_ER_IRQHandler                                ./Output/main/STM32_Startup.o
I2C1_EV_IRQHandler                                ./Output/main/STM32_Startup.o
I2C2_ER_IRQHandler                                ./Output/main/STM32_Startup.o
I2C2_EV_IRQHandler                                ./Output/main/STM32_Startup.o
InitDataManager                                   ./Output/Component/UartDataManager/UART_Data_Manager.o
                                                  ./Output/main/main.o
InitDataToESP32                                   ./Output/Component/UartDataManager/UART_Data_Manager.o
InitGPIO                                          ./Output/Component/GPIO_Lib/GPIO_Handmade.o
                                                  ./Output/Component/Uart_Lib/UART_Handmade.o
                                                  ./Output/Component/InitSystemPeripheral/InitSystemPeripheral.o
                                                  ./Output/Component/Adc_Lib/ADC_Handmade.o
InitGPIO_Control_Device                           ./Output/Component/InitSystemPeripheral/InitSystemPeripheral.o
InitSystemPeripheral                              ./Output/Component/InitSystemPeripheral/InitSystemPeripheral.o
                                                  ./Output/main/main.o
LED_Hardware                                      ./Output/Component/InitSystemPeripheral/InitSystemPeripheral.o
MemManage_Handler                                 ./Output/main/STM32_Startup.o
NMI_Handler                                       ./Output/main/STM32_Startup.o
NVIC_SetVectorTable                               ./Output/Component/SCB_Base/SCB_Base.o
NVIC_SystemReset                                  ./Output/Component/SCB_Base/SCB_Base.o
                                                  ./Output/main/main.o
OFF_Led_Hardware                                  ./Output/Component/GPIO_Lib/GPIO_Handmade.o
                                                  ./Output/Component/UartDataManager/UART_Data_Manager.o
ON_Led_Hardware                                   ./Output/Component/GPIO_Lib/GPIO_Handmade.o
                                                  ./Output/Component/UartDataManager/UART_Data_Manager.o
PPRE1_Prescaler                                   ./Output/Component/RCC_Lib/RCC_Handmade.o
PPRE2_Prescaler                                   ./Output/Component/RCC_Lib/RCC_Handmade.o
PVD_IRQHandler                                    ./Output/main/STM32_Startup.o
PWM_Servo_Feeder                                  ./Output/Component/InitSystemPeripheral/InitSystemPeripheral.o
PendSV_Handler                                    ./Output/main/STM32_Startup.o
RCC_IRQHandler                                    ./Output/main/STM32_Startup.o
RTC_Alarm_IRQHandler                              ./Output/main/STM32_Startup.o
RTC_IRQHandler                                    ./Output/main/STM32_Startup.o
ReadMultiPins                                     ./Output/Component/GPIO_Lib/GPIO_Handmade.o
ReadPin                                           ./Output/Component/GPIO_Lib/GPIO_Handmade.o
ReceiveDataUART                                   ./Output/Component/Uart_Lib/UART_Handmade.o
ReceiveDataUART_IT                                ./Output/Component/Uart_Lib/UART_Handmade.o
ReciveUART                                        ./Output/Component/UartDataManager/UART_Data_Manager.o
                                                  ./Output/main/main.o
Reset_Handler                                     ./Output/main/STM32_Startup.o
SDIO_IRQHandler                                   ./Output/main/STM32_Startup.o
SPI1_IRQHandler                                   ./Output/main/STM32_Startup.o
SPI2_IRQHandler                                   ./Output/main/STM32_Startup.o
SPI3_IRQHandler                                   ./Output/main/STM32_Startup.o
SVC_Handler                                       ./Output/main/STM32_Startup.o
Select_Frequency_CLK                              ./Output/Component/RCC_Lib/RCC_Handmade.o
Select_Prescaler_RCC                              ./Output/Component/RCC_Lib/RCC_Handmade.o
                                                  ./Output/Component/Adc_Lib/ADC_Handmade.o
Select_Sources_Clock                              ./Output/Component/RCC_Lib/RCC_Handmade.o
SetDutyCycle                                      ./Output/Component/Timer_Lib/Timer_Handmade.o
SignalModeNormal_LED                              ./Output/Component/UartDataManager/UART_Data_Manager.o
StartPWMNormal                                    ./Output/Component/Timer_Lib/Timer_Handmade.o
SysTickConfigDefault                              ./Output/Component/InitSystemPeripheral/InitSystemPeripheral.o
SysTick_Handler                                   ./Output/main/STM32_Startup.o
SysTick_Init                                      ./Output/Component/SysTick_Lib/Systick_Handmade.o
                                                  ./Output/Component/InitSystemPeripheral/InitSystemPeripheral.o
TAMPER_IRQHandler                                 ./Output/main/STM32_Startup.o
TIM1_BRK_IRQHandler                               ./Output/main/STM32_Startup.o
TIM1_CC_IRQHandler                                ./Output/main/STM32_Startup.o
TIM1_TRG_COM_IRQHandler                           ./Output/main/STM32_Startup.o
TIM1_UP_IRQHandler                                ./Output/main/STM32_Startup.o
TIM2_IRQHandler                                   ./Output/main/STM32_Startup.o
TIM3_IRQHandler                                   ./Output/main/STM32_Startup.o
TIM4_IRQHandler                                   ./Output/main/STM32_Startup.o
TIM5_IRQHandler                                   ./Output/main/STM32_Startup.o
TIM6_IRQHandler                                   ./Output/main/STM32_Startup.o
TIM7_IRQHandler                                   ./Output/main/STM32_Startup.o
TIM8_BRK_IRQHandler                               ./Output/main/STM32_Startup.o
TIM8_CC_IRQHandler                                ./Output/main/STM32_Startup.o
TIM8_TRG_COM_IRQHandler                           ./Output/main/STM32_Startup.o
TIM8_UP_IRQHandler                                ./Output/main/STM32_Startup.o
TogglePin                                         ./Output/Component/GPIO_Lib/GPIO_Handmade.o
TransmitDataUART                                  ./Output/Component/Uart_Lib/UART_Handmade.o
                                                  ./Output/Component/UartDataManager/UART_Data_Manager.o
UART4_IRQHandler                                  ./Output/main/STM32_Startup.o
UART5_IRQHandler                                  ./Output/main/STM32_Startup.o
UARTInit                                          ./Output/Component/Uart_Lib/UART_Handmade.o
                                                  ./Output/Component/InitSystemPeripheral/InitSystemPeripheral.o
UART_Controller                                   ./Output/Component/UartDataManager/UART_Data_Manager.o
                                                  ./Output/main/main.o
UART_List                                         ./Output/Component/Uart_Lib/UART_Handmade.o
USART1_IRQHandler                                 ./Output/main/main.o
USART2_IRQHandler                                 ./Output/main/STM32_Startup.o
USART3_IRQHandler                                 ./Output/main/STM32_Startup.o
USBWakeup_IRQHandler                              ./Output/main/STM32_Startup.o
USB_HP_CAN1_TX_IRQHandler                         ./Output/main/STM32_Startup.o
USB_LP_CAN1_RX0_IRQHandler                        ./Output/main/STM32_Startup.o
UsageFault_Handler                                ./Output/main/STM32_Startup.o
ValueAutoReload                                   ./Output/Component/Timer_Lib/Timer_Handmade.o
WWDG_IRQHandler                                   ./Output/main/STM32_Startup.o
WriteMultiPins                                    ./Output/Component/GPIO_Lib/GPIO_Handmade.o
WritePin                                          ./Output/Component/GPIO_Lib/GPIO_Handmade.o
                                                  ./Output/Component/UartDataManager/UART_Data_Manager.o
_Data_Manager                                     ./Output/Component/InitSystemPeripheral/InitSystemPeripheral.o
__addsf3                                          c:/gnu_toolchain/gcc_new/bin/../lib/gcc/arm-none-eabi/10.3.1/thumb/v7-m/nofp\libgcc.a(_arm_addsubsf3.o)
__aeabi_f2uiz                                     c:/gnu_toolchain/gcc_new/bin/../lib/gcc/arm-none-eabi/10.3.1/thumb/v7-m/nofp\libgcc.a(_arm_fixunssfsi.o)
                                                  ./Output/Component/Uart_Lib/UART_Handmade.o
__aeabi_fadd                                      c:/gnu_toolchain/gcc_new/bin/../lib/gcc/arm-none-eabi/10.3.1/thumb/v7-m/nofp\libgcc.a(_arm_addsubsf3.o)
__aeabi_fdiv                                      c:/gnu_toolchain/gcc_new/bin/../lib/gcc/arm-none-eabi/10.3.1/thumb/v7-m/nofp\libgcc.a(_arm_muldivsf3.o)
                                                  ./Output/Component/Uart_Lib/UART_Handmade.o
__aeabi_fmul                                      c:/gnu_toolchain/gcc_new/bin/../lib/gcc/arm-none-eabi/10.3.1/thumb/v7-m/nofp\libgcc.a(_arm_muldivsf3.o)
                                                  c:/gnu_toolchain/gcc_new/bin/../lib/gcc/arm-none-eabi/10.3.1/thumb/v7-m/nofp\libgcc.a(_arm_mulsf3.o)
                                                  ./Output/Component/Uart_Lib/UART_Handmade.o
__aeabi_frsub                                     c:/gnu_toolchain/gcc_new/bin/../lib/gcc/arm-none-eabi/10.3.1/thumb/v7-m/nofp\libgcc.a(_arm_addsubsf3.o)
__aeabi_fsub                                      c:/gnu_toolchain/gcc_new/bin/../lib/gcc/arm-none-eabi/10.3.1/thumb/v7-m/nofp\libgcc.a(_arm_addsubsf3.o)
                                                  ./Output/Component/Uart_Lib/UART_Handmade.o
__aeabi_i2f                                       c:/gnu_toolchain/gcc_new/bin/../lib/gcc/arm-none-eabi/10.3.1/thumb/v7-m/nofp\libgcc.a(_arm_addsubsf3.o)
                                                  ./Output/Component/Uart_Lib/UART_Handmade.o
__aeabi_l2f                                       c:/gnu_toolchain/gcc_new/bin/../lib/gcc/arm-none-eabi/10.3.1/thumb/v7-m/nofp\libgcc.a(_arm_addsubsf3.o)
__aeabi_ui2f                                      c:/gnu_toolchain/gcc_new/bin/../lib/gcc/arm-none-eabi/10.3.1/thumb/v7-m/nofp\libgcc.a(_arm_addsubsf3.o)
                                                  ./Output/Component/Uart_Lib/UART_Handmade.o
__aeabi_ul2f                                      c:/gnu_toolchain/gcc_new/bin/../lib/gcc/arm-none-eabi/10.3.1/thumb/v7-m/nofp\libgcc.a(_arm_addsubsf3.o)
__divsf3                                          c:/gnu_toolchain/gcc_new/bin/../lib/gcc/arm-none-eabi/10.3.1/thumb/v7-m/nofp\libgcc.a(_arm_muldivsf3.o)
__fixunssfsi                                      c:/gnu_toolchain/gcc_new/bin/../lib/gcc/arm-none-eabi/10.3.1/thumb/v7-m/nofp\libgcc.a(_arm_fixunssfsi.o)
__floatdisf                                       c:/gnu_toolchain/gcc_new/bin/../lib/gcc/arm-none-eabi/10.3.1/thumb/v7-m/nofp\libgcc.a(_arm_addsubsf3.o)
__floatsisf                                       c:/gnu_toolchain/gcc_new/bin/../lib/gcc/arm-none-eabi/10.3.1/thumb/v7-m/nofp\libgcc.a(_arm_addsubsf3.o)
__floatundisf                                     c:/gnu_toolchain/gcc_new/bin/../lib/gcc/arm-none-eabi/10.3.1/thumb/v7-m/nofp\libgcc.a(_arm_addsubsf3.o)
__floatunsisf                                     c:/gnu_toolchain/gcc_new/bin/../lib/gcc/arm-none-eabi/10.3.1/thumb/v7-m/nofp\libgcc.a(_arm_addsubsf3.o)
__mulsf3                                          c:/gnu_toolchain/gcc_new/bin/../lib/gcc/arm-none-eabi/10.3.1/thumb/v7-m/nofp\libgcc.a(_arm_muldivsf3.o)
                                                  c:/gnu_toolchain/gcc_new/bin/../lib/gcc/arm-none-eabi/10.3.1/thumb/v7-m/nofp\libgcc.a(_arm_mulsf3.o)
__subsf3                                          c:/gnu_toolchain/gcc_new/bin/../lib/gcc/arm-none-eabi/10.3.1/thumb/v7-m/nofp\libgcc.a(_arm_addsubsf3.o)
_ebss                                             ./Output/main/STM32_Startup.o
_edata                                            ./Output/main/STM32_Startup.o
_estack                                           ./Output/main/STM32_Startup.o
_la_data                                          ./Output/main/STM32_Startup.o
_sbss                                             ./Output/main/STM32_Startup.o
_sdata                                            ./Output/main/STM32_Startup.o
enableSWD                                         ./Output/Component/GPIO_Lib/GPIO_Handmade.o
getFrequencyAHB                                   ./Output/Component/RCC_Lib/RCC_Handmade.o
getFrequencyAPB1                                  ./Output/Component/RCC_Lib/RCC_Handmade.o
                                                  ./Output/Component/Uart_Lib/UART_Handmade.o
                                                  ./Output/Component/Timer_Lib/Timer_Handmade.o
getFrequencyAPB2                                  ./Output/Component/RCC_Lib/RCC_Handmade.o
                                                  ./Output/Component/Uart_Lib/UART_Handmade.o
getFrequencyRCC                                   ./Output/Component/RCC_Lib/RCC_Handmade.o
                                                  ./Output/Component/Timer_Lib/Timer_Handmade.o
                                                  ./Output/Component/SysTick_Lib/Systick_Handmade.o
initTimer                                         ./Output/Component/Timer_Lib/Timer_Handmade.o
init_RCC                                          ./Output/Component/RCC_Lib/RCC_Handmade.o
                                                  ./Output/Component/InitSystemPeripheral/InitSystemPeripheral.o
interruptDisable                                  ./Output/Component/Uart_Lib/UART_Handmade.o
interruptEnable                                   ./Output/Component/Uart_Lib/UART_Handmade.o
main                                              ./Output/main/main.o
                                                  ./Output/main/STM32_Startup.o
memcpy                                            c:/gnu_toolchain/gcc_new/bin/../lib/gcc/arm-none-eabi/10.3.1/../../../../arm-none-eabi/lib/thumb/v7-m/nofp\libc_nano.a(lib_a-memcpy-stub.o)
                                                  ./Output/main/STM32_Startup.o
memset                                            c:/gnu_toolchain/gcc_new/bin/../lib/gcc/arm-none-eabi/10.3.1/../../../../arm-none-eabi/lib/thumb/v7-m/nofp\libc_nano.a(lib_a-memset.o)
                                                  ./Output/Component/UartDataManager/UART_Data_Manager.o
                                                  ./Output/main/STM32_Startup.o
rccconfigDefault                                  ./Output/Component/InitSystemPeripheral/InitSystemPeripheral.o
setPriorityInterrupt                              ./Output/Component/Nvic_Lib/NVIC_Handmade.o
uartConfigDefault                                 ./Output/Component/InitSystemPeripheral/InitSystemPeripheral.o
vectors                                           ./Output/main/STM32_Startup.o
