Component: ARM Compiler 5.06 update 6 (build 750) Tool: armlink [4d35ed]

==============================================================================

Section Cross References

    startup_stm32f103xb.o(STACK) refers (Special) to heapauxi.o(.text) for __use_two_region_memory
    startup_stm32f103xb.o(HEAP) refers (Special) to heapauxi.o(.text) for __use_two_region_memory
    startup_stm32f103xb.o(RESET) refers (Special) to heapauxi.o(.text) for __use_two_region_memory
    startup_stm32f103xb.o(RESET) refers to startup_stm32f103xb.o(STACK) for __initial_sp
    startup_stm32f103xb.o(RESET) refers to startup_stm32f103xb.o(.text) for Reset_Handler
    startup_stm32f103xb.o(RESET) refers to stm32f1xx_it.o(i.NMI_Handler) for NMI_Handler
    startup_stm32f103xb.o(RESET) refers to stm32f1xx_it.o(i.HardFault_Handler) for HardFault_Handler
    startup_stm32f103xb.o(RESET) refers to stm32f1xx_it.o(i.MemManage_Handler) for MemManage_Handler
    startup_stm32f103xb.o(RESET) refers to stm32f1xx_it.o(i.BusFault_Handler) for BusFault_Handler
    startup_stm32f103xb.o(RESET) refers to stm32f1xx_it.o(i.UsageFault_Handler) for UsageFault_Handler
    startup_stm32f103xb.o(RESET) refers to stm32f1xx_it.o(i.SVC_Handler) for SVC_Handler
    startup_stm32f103xb.o(RESET) refers to stm32f1xx_it.o(i.DebugMon_Handler) for DebugMon_Handler
    startup_stm32f103xb.o(RESET) refers to stm32f1xx_it.o(i.PendSV_Handler) for PendSV_Handler
    startup_stm32f103xb.o(RESET) refers to stm32f1xx_it.o(i.SysTick_Handler) for SysTick_Handler
    startup_stm32f103xb.o(RESET) refers to main.o(i.USART1_IRQHandler) for USART1_IRQHandler
    startup_stm32f103xb.o(.text) refers (Special) to heapauxi.o(.text) for __use_two_region_memory
    startup_stm32f103xb.o(.text) refers to system_stm32f1xx.o(i.SystemInit) for SystemInit
    startup_stm32f103xb.o(.text) refers to __main.o(!!!main) for __main
    startup_stm32f103xb.o(.text) refers to startup_stm32f103xb.o(HEAP) for Heap_Mem
    startup_stm32f103xb.o(.text) refers to startup_stm32f103xb.o(STACK) for Stack_Mem
    main.o(i.USART1_IRQHandler) refers to uart_data_manager.o(i.ReciveUART) for ReciveUART
    main.o(i.main) refers to stm32f1xx_hal.o(i.HAL_Init) for HAL_Init
    main.o(i.main) refers to initsystemperipheral.o(i.InitSystemPeripheral) for InitSystemPeripheral
    main.o(i.main) refers to uart_data_manager.o(i.InitDataManager) for InitDataManager
    main.o(i.main) refers to uart_data_manager.o(i.UART_Controller) for UART_Controller
    main.o(i.main) refers to main.o(.data) for .data
    stm32f1xx_it.o(i.SysTick_Handler) refers to stm32f1xx_hal.o(i.HAL_IncTick) for HAL_IncTick
    stm32f1xx_hal_msp.o(i.HAL_UART_MspDeInit) refers to stm32f1xx_hal_gpio.o(i.HAL_GPIO_DeInit) for HAL_GPIO_DeInit
    stm32f1xx_hal_msp.o(i.HAL_UART_MspDeInit) refers to stm32f1xx_hal_cortex.o(i.HAL_NVIC_DisableIRQ) for HAL_NVIC_DisableIRQ
    stm32f1xx_hal_msp.o(i.HAL_UART_MspInit) refers to stm32f1xx_hal_gpio.o(i.HAL_GPIO_Init) for HAL_GPIO_Init
    stm32f1xx_hal_msp.o(i.HAL_UART_MspInit) refers to stm32f1xx_hal_cortex.o(i.HAL_NVIC_SetPriority) for HAL_NVIC_SetPriority
    stm32f1xx_hal_msp.o(i.HAL_UART_MspInit) refers to stm32f1xx_hal_cortex.o(i.HAL_NVIC_EnableIRQ) for HAL_NVIC_EnableIRQ
    stm32f1xx_hal_uart.o(i.HAL_HalfDuplex_Init) refers to stm32f1xx_hal_msp.o(i.HAL_UART_MspInit) for HAL_UART_MspInit
    stm32f1xx_hal_uart.o(i.HAL_HalfDuplex_Init) refers to stm32f1xx_hal_uart.o(i.UART_SetConfig) for UART_SetConfig
    stm32f1xx_hal_uart.o(i.HAL_LIN_Init) refers to stm32f1xx_hal_msp.o(i.HAL_UART_MspInit) for HAL_UART_MspInit
    stm32f1xx_hal_uart.o(i.HAL_LIN_Init) refers to stm32f1xx_hal_uart.o(i.UART_SetConfig) for UART_SetConfig
    stm32f1xx_hal_uart.o(i.HAL_MultiProcessor_Init) refers to stm32f1xx_hal_msp.o(i.HAL_UART_MspInit) for HAL_UART_MspInit
    stm32f1xx_hal_uart.o(i.HAL_MultiProcessor_Init) refers to stm32f1xx_hal_uart.o(i.UART_SetConfig) for UART_SetConfig
    stm32f1xx_hal_uart.o(i.HAL_UARTEx_ReceiveToIdle) refers to stm32f1xx_hal.o(i.HAL_GetTick) for HAL_GetTick
    stm32f1xx_hal_uart.o(i.HAL_UARTEx_ReceiveToIdle_DMA) refers to stm32f1xx_hal_uart.o(i.UART_Start_Receive_DMA) for UART_Start_Receive_DMA
    stm32f1xx_hal_uart.o(i.HAL_UARTEx_ReceiveToIdle_IT) refers to stm32f1xx_hal_uart.o(i.UART_Start_Receive_IT) for UART_Start_Receive_IT
    stm32f1xx_hal_uart.o(i.HAL_UART_Abort) refers to stm32f1xx_hal_dma.o(i.HAL_DMA_Abort) for HAL_DMA_Abort
    stm32f1xx_hal_uart.o(i.HAL_UART_Abort) refers to stm32f1xx_hal_dma.o(i.HAL_DMA_GetError) for HAL_DMA_GetError
    stm32f1xx_hal_uart.o(i.HAL_UART_AbortReceive) refers to stm32f1xx_hal_dma.o(i.HAL_DMA_Abort) for HAL_DMA_Abort
    stm32f1xx_hal_uart.o(i.HAL_UART_AbortReceive) refers to stm32f1xx_hal_dma.o(i.HAL_DMA_GetError) for HAL_DMA_GetError
    stm32f1xx_hal_uart.o(i.HAL_UART_AbortReceive_IT) refers to stm32f1xx_hal_dma.o(i.HAL_DMA_Abort_IT) for HAL_DMA_Abort_IT
[...]
    stm32f1xx_hal_rcc.o(i.HAL_RCC_NMI_IRQHandler) refers to stm32f1xx_hal_rcc.o(i.HAL_RCC_CSSCallback) for HAL_RCC_CSSCallback
    stm32f1xx_hal_rcc.o(i.HAL_RCC_OscConfig) refers to stm32f1xx_hal.o(i.HAL_GetTick) for HAL_GetTick
    stm32f1xx_hal_rcc.o(i.HAL_RCC_OscConfig) refers to system_stm32f1xx.o(.data) for SystemCoreClock
    stm32f1xx_hal_rcc_ex.o(i.HAL_RCCEx_GetPeriphCLKFreq) refers to stm32f1xx_hal_rcc.o(i.HAL_RCC_GetPCLK2Freq) for HAL_RCC_GetPCLK2Freq
    stm32f1xx_hal_rcc_ex.o(i.HAL_RCCEx_GetPeriphCLKFreq) refers to stm32f1xx_hal_rcc_ex.o(.constdata) for .constdata
    stm32f1xx_hal_rcc_ex.o(i.HAL_RCCEx_PeriphCLKConfig) refers to stm32f1xx_hal.o(i.HAL_GetTick) for HAL_GetTick
    stm32f1xx_hal_gpio.o(i.HAL_GPIO_EXTI_IRQHandler) refers to stm32f1xx_hal_gpio.o(i.HAL_GPIO_EXTI_Callback) for HAL_GPIO_EXTI_Callback
    stm32f1xx_hal_dma.o(i.HAL_DMA_PollForTransfer) refers to stm32f1xx_hal.o(i.HAL_GetTick) for HAL_GetTick
    stm32f1xx_hal_dma.o(i.HAL_DMA_Start) refers to stm32f1xx_hal_dma.o(i.DMA_SetConfig) for DMA_SetConfig
    stm32f1xx_hal_dma.o(i.HAL_DMA_Start_IT) refers to stm32f1xx_hal_dma.o(i.DMA_SetConfig) for DMA_SetConfig
    stm32f1xx_hal_cortex.o(i.HAL_NVIC_SetPriority) refers to stm32f1xx_hal_cortex.o(i.__NVIC_SetPriority) for __NVIC_SetPriority
    stm32f1xx_hal_cortex.o(i.HAL_SYSTICK_Config) refers to stm32f1xx_hal_cortex.o(i.__NVIC_SetPriority) for __NVIC_SetPriority
    stm32f1xx_hal_cortex.o(i.HAL_SYSTICK_IRQHandler) refers to stm32f1xx_hal_cortex.o(i.HAL_SYSTICK_Callback) for HAL_SYSTICK_Callback
    stm32f1xx_hal_pwr.o(i.HAL_PWR_EnterSTOPMode) refers to stm32f1xx_hal_pwr.o(i.PWR_OverloadWfe) for PWR_OverloadWfe
    stm32f1xx_hal_pwr.o(i.HAL_PWR_PVD_IRQHandler) refers to stm32f1xx_hal_pwr.o(i.HAL_PWR_PVDCallback) for HAL_PWR_PVDCallback
    stm32f1xx_hal_flash.o(i.FLASH_Program_HalfWord) refers to stm32f1xx_hal_flash.o(.bss) for .bss
    stm32f1xx_hal_flash.o(i.FLASH_SetErrorCode) refers to stm32f1xx_hal_flash.o(.bss) for .bss
    stm32f1xx_hal_flash.o(i.FLASH_WaitForLastOperation) refers to stm32f1xx_hal.o(i.HAL_GetTick) for HAL_GetTick
    stm32f1xx_hal_flash.o(i.FLASH_WaitForLastOperation) refers to stm32f1xx_hal_flash.o(i.FLASH_SetErrorCode) for FLASH_SetErrorCode
    stm32f1xx_hal_flash.o(i.HAL_FLASH_GetError) refers to stm32f1xx_hal_flash.o(.bss) for .bss
    stm32f1xx_hal_flash.o(i.HAL_FLASH_IRQHandler) refers to stm32f1xx_hal_flash.o(i.FLASH_SetErrorCode) for FLASH_SetErrorCode
    stm32f1xx_hal_flash.o(i.HAL_FLASH_IRQHandler) refers to stm32f1xx_hal_flash.o(i.HAL_FLASH_OperationErrorCallback) for HAL_FLASH_OperationErrorCallback
    stm32f1xx_hal_flash.o(i.HAL_FLASH_IRQHandler) refers to stm32f1xx_hal_flash.o(i.FLASH_Program_HalfWord) for FLASH_Program_HalfWord
    stm32f1xx_hal_flash.o(i.HAL_FLASH_IRQHandler) refers to stm32f1xx_hal_flash.o(i.HAL_FLASH_EndOfOperationCallback) for HAL_FLASH_EndOfOperationCallback
    stm32f1xx_hal_flash.o(i.HAL_FLASH_IRQHandler) refers to stm32f1xx_hal_flash_ex.o(i.FLASH_PageErase) for FLASH_PageErase
    stm32f1xx_hal_flash.o(i.HAL_FLASH_IRQHandler) refers to stm32f1xx_hal_flash.o(.bss) for .bss
    stm32f1xx_hal_flash.o(i.HAL_FLASH_OB_Launch) refers to stm32f1xx_hal_cortex.o(i.HAL_NVIC_SystemReset) for HAL_NVIC_SystemReset
    stm32f1xx_hal_flash.o(i.HAL_FLASH_Program) refers to stm32f1xx_hal_flash.o(i.FLASH_WaitForLastOperation) for FLASH_WaitForLastOperation
    stm32f1xx_hal_flash.o(i.HAL_FLASH_Program) refers to llushr.o(.text) for __aeabi_llsr
    stm32f1xx_hal_flash.o(i.HAL_FLASH_Program) refers to stm32f1xx_hal_flash.o(i.FLASH_Program_HalfWord) for FLASH_Program_HalfWord
    stm32f1xx_hal_flash.o(i.HAL_FLASH_Program) refers to stm32f1xx_hal_flash.o(.bss) for .bss
    stm32f1xx_hal_flash.o(i.HAL_FLASH_Program_IT) refers to stm32f1xx_hal_flash.o(i.FLASH_Program_HalfWord) for FLASH_Program_HalfWord
    stm32f1xx_hal_flash.o(i.HAL_FLASH_Program_IT) refers to stm32f1xx_hal_flash.o(.bss) for .bss
    stm32f1xx_hal_flash_ex.o(i.FLASH_MassErase) refers to stm32f1xx_hal_flash.o(.bss) for pFlash
    stm32f1xx_hal_flash_ex.o(i.FLASH_OB_DisableWRP) refers to stm32f1xx_hal_flash.o(i.FLASH_WaitForLastOperation) for FLASH_WaitForLastOperation
    stm32f1xx_hal_flash_ex.o(i.FLASH_OB_DisableWRP) refers to stm32f1xx_hal_flash_ex.o(i.HAL_FLASHEx_OBErase) for HAL_FLASHEx_OBErase
    stm32f1xx_hal_flash_ex.o(i.FLASH_OB_DisableWRP) refers to stm32f1xx_hal_flash.o(.bss) for pFlash
    stm32f1xx_hal_flash_ex.o(i.FLASH_OB_EnableWRP) refers to stm32f1xx_hal_flash.o(i.FLASH_WaitForLastOperation) for FLASH_WaitForLastOperation
    stm32f1xx_hal_flash_ex.o(i.FLASH_OB_EnableWRP) refers to stm32f1xx_hal_flash_ex.o(i.HAL_FLASHEx_OBErase) for HAL_FLASHEx_OBErase
    stm32f1xx_hal_flash_ex.o(i.FLASH_OB_EnableWRP) refers to stm32f1xx_hal_flash.o(.bss) for pFlash
    stm32f1xx_hal_flash_ex.o(i.FLASH_OB_RDP_LevelConfig) refers to stm32f1xx_hal_flash.o(i.FLASH_WaitForLastOperation) for FLASH_WaitForLastOperation
    stm32f1xx_hal_flash_ex.o(i.FLASH_OB_RDP_LevelConfig) refers to stm32f1xx_hal_flash.o(.bss) for pFlash
    stm32f1xx_hal_flash_ex.o(i.FLASH_PageErase) refers to stm32f1xx_hal_flash.o(.bss) for pFlash
    stm32f1xx_hal_flash_ex.o(i.HAL_FLASHEx_Erase) refers to stm32f1xx_hal_flash.o(i.FLASH_WaitForLastOperation) for FLASH_WaitForLastOperation
    stm32f1xx_hal_flash_ex.o(i.HAL_FLASHEx_Erase) refers to stm32f1xx_hal_flash_ex.o(i.FLASH_MassErase) for FLASH_MassErase
    stm32f1xx_hal_flash_ex.o(i.HAL_FLASHEx_Erase) refers to stm32f1xx_hal_flash_ex.o(i.FLASH_PageErase) for FLASH_PageErase
    stm32f1xx_hal_flash_ex.o(i.HAL_FLASHEx_Erase) refers to stm32f1xx_hal_flash.o(.bss) for pFlash
    stm32f1xx_hal_flash_ex.o(i.HAL_FLASHEx_Erase_IT) refers to stm32f1xx_hal_flash_ex.o(i.FLASH_PageErase) for FLASH_PageErase
    stm32f1xx_hal_flash_ex.o(i.HAL_FLASHEx_Erase_IT) refers to stm32f1xx_hal_flash_ex.o(i.FLASH_MassErase) for FLASH_MassErase
    stm32f1xx_hal_flash_ex.o(i.HAL_FLASHEx_Erase_IT) refers to stm32f1xx_hal_flash.o(.bss) for pFlash
    stm32f1xx_hal_flash_ex.o(i.HAL_FLASHEx_OBErase) refers to stm32f1xx_hal_flash_ex.o(i.FLASH_OB_GetRDP) for FLASH_OB_GetRDP
    stm32f1xx_hal_flash_ex.o(i.HAL_FLASHEx_OBErase) refers to stm32f1xx_hal_flash.o(i.FLASH_WaitForLastOperation) for FLASH_WaitForLastOperation
    stm32f1xx_hal_flash_ex.o(i.HAL_FLASHEx_OBErase) refers to stm32f1xx_hal_flash_ex.o(i.FLASH_OB_RDP_LevelConfig) for FLASH_OB_RDP_LevelConfig
    stm32f1xx_hal_flash_ex.o(i.HAL_FLASHEx_OBErase) refers to stm32f1xx_hal_flash.o(.bss) for pFlash
    stm32f1xx_hal_flash_ex.o(i.HAL_FLASHEx_OBGetConfig) refers to stm32f1xx_hal_flash_ex.o(i.FLASH_OB_GetRDP) for FLASH_OB_GetRDP
    stm32f1xx_hal_flash_ex.o(i.HAL_FLASHEx_OBProgram) refers to stm32f1xx_hal_flash_ex.o(i.FLASH_OB_DisableWRP) for FLASH_OB_DisableWRP
    stm32f1xx_hal_flash_ex.o(i.HAL_FLASHEx_OBProgram) refers to stm32f1xx_hal_flash_ex.o(i.FLASH_OB_EnableWRP) for FLASH_OB_EnableWRP
    stm32f1xx_hal_flash_ex.o(i.HAL_FLASHEx_OBProgram) refers to stm32f1xx_hal_flash_ex.o(i.FLASH_OB_RDP_LevelConfig) for FLASH_OB_RDP_LevelConfig
    stm32f1xx_hal_flash_ex.o(i.HAL_FLASHEx_OBProgram) refers to stm32f1xx_hal_flash.o(i.FLASH_WaitForLastOperation) for FLASH_WaitForLastOperation
    stm32f1xx_hal_flash_ex.o(i.HAL_FLASHEx_OBProgram) refers to stm32f1xx_hal_flash.o(.bss) for pFlash
    system_stm32f1xx.o(i.SystemCoreClockUpdate) refers to system_stm32f1xx.o(.data) for .data
    system_stm32f1xx.o(i.SystemCoreClockUpdate) refers to system_stm32f1xx.o(.constdata) for .constdata
    adc_handmade.o(i.ADC_EnableClock) refers to rcc_handmade.o(i.Enable_Clock_RCC_APB2) for Enable_Clock_RCC_APB2
    adc_handmade.o(i.ADC_EnableClock) refers to rcc_handmade.o(i.Select_Prescaler_RCC) for Select_Prescaler_RCC
    adc_handmade.o(i.ADC_Init) refers to gpio_handmade.o(i.InitGPIO) for InitGPIO
    adc_handmade.o(i.ADC_Init) refers to adc_handmade.o(i.ADC_EnableClock) for ADC_EnableClock
    dma_handmade.o(i.DMA_Init) refers to rcc_handmade.o(i.Enable_Clock_RCC_AHB) for Enable_Clock_RCC_AHB
    flash_handmade.o(i.Flash_ErasePage) refers to flash_handmade.o(i.Flash_Unlock) for Flash_Unlock
    flash_handmade.o(i.Flash_ErasePage) refers to flash_handmade.o(i.Flash_Lock) for Flash_Lock
    flash_handmade.o(i.Flash_Write) refers to flash_handmade.o(i.Flash_Unlock) for Flash_Unlock
    flash_handmade.o(i.Flash_Write) refers to flash_handmade.o(i.Flash_Lock) for Flash_Lock
    flash_handmade.o(i.Flash_WriteHalfWord) refers to flash_handmade.o(i.Flash_Unlock) for Flash_Unlock
    flash_handmade.o(i.Flash_WriteHalfWord) refers to flash_handmade.o(i.Flash_Lock) for Flash_Lock
    gpio_handmade.o(i.InitGPIO) refers to rcc_handmade.o(i.Enable_Clock_RCC_APB2) for Enable_Clock_RCC_APB2
    gpio_handmade.o(i.InitGPIO) refers to gpio_handmade.o(.data) for .data
    gpio_handmade.o(i.OFF_Led_Hardware) refers to gpio_handmade.o(i.WritePin) for WritePin
    gpio_handmade.o(i.ON_Led_Hardware) refers to gpio_handmade.o(i.WritePin) for WritePin
    gpio_handmade.o(i.ReadMultiPins) refers to gpio_handmade.o(.data) for .data
    gpio_handmade.o(i.ReadPin) refers to gpio_handmade.o(.data) for .data
    gpio_handmade.o(i.TogglePin) refers to gpio_handmade.o(.data) for .data
    gpio_handmade.o(i.WriteMultiPins) refers to gpio_handmade.o(.data) for .data
    gpio_handmade.o(i.WritePin) refers to gpio_handmade.o(.data) for .data
    gpio_handmade.o(i.enableSWD) refers to rcc_handmade.o(i.Enable_Clock_RCC_APB2) for Enable_Clock_RCC_APB2
    rcc_handmade.o(i.RCC_DeInit) refers to rcc_handmade.o(.data) for .data
    rcc_handmade.o(i.Select_Frequency_CLK) refers to rcc_handmade.o(i.Select_Prescaler_RCC) for Select_Prescaler_RCC
    rcc_handmade.o(i.Select_Frequency_CLK) refers to rcc_handmade.o(.data) for .data
    rcc_handmade.o(i.Select_Prescaler_RCC) refers to rcc_handmade.o(.data) for .data
    rcc_handmade.o(i.Select_Sources_Clock) refers to rcc_handmade.o(i.Enable_Clock_RCC_APB2) for Enable_Clock_RCC_APB2
    rcc_handmade.o(i.getFrequencyAHB) refers to rcc_handmade.o(.data) for .data
    rcc_handmade.o(i.getFrequencyAPB1) refers to rcc_handmade.o(.data) for .data
    rcc_handmade.o(i.getFrequencyAPB2) refers to rcc_handmade.o(.data) for .data
    rcc_handmade.o(i.getFrequencyRCC) refers to rcc_handmade.o(.data) for .data
    rcc_handmade.o(i.init_RCC) refers to flash_handmade.o(i.Flash_AdjustForCLK) for Flash_AdjustForCLK
    rcc_handmade.o(i.init_RCC) refers to rcc_handmade.o(i.Select_Sources_Clock) for Select_Sources_Clock
    rcc_handmade.o(i.init_RCC) refers to rcc_handmade.o(i.Select_Frequency_CLK) for Select_Frequency_CLK
    rcc_handmade.o(i.init_RCC) refers to rcc_handmade.o(.data) for .data
    systick_handmade.o(i.Delay_SysTick) refers to rcc_handmade.o(i.getFrequencyRCC) for getFrequencyRCC
    timer_handmade.o(i.SetDutyCycle) refers to timer_handmade.o(i.calculateDutyCycle) for calculateDutyCycle
    timer_handmade.o(i.SetDutyCycle) refers to timer_handmade.o(.data) for .data
    timer_handmade.o(i.StartPWMNormal) refers to timer_handmade.o(.data) for .data
    timer_handmade.o(i.initTimer) refers to rcc_handmade.o(i.Enable_Clock_RCC_APB1) for Enable_Clock_RCC_APB1
    timer_handmade.o(i.initTimer) refers to timer_handmade.o(i.calculateDutyCycle) for calculateDutyCycle
    timer_handmade.o(i.initTimer) refers to rcc_handmade.o(i.getFrequencyAPB1) for getFrequencyAPB1
    timer_handmade.o(i.initTimer) refers to rcc_handmade.o(i.getFrequencyRCC) for getFrequencyRCC
    timer_handmade.o(i.initTimer) refers to timer_handmade.o(.data) for .data
    uart_handmade.o(i.EnableInterrupt_RX_UARTx) refers to nvic_handmade.o(i.Enable_Intterupt_NVIC) for Enable_Intterupt_NVIC
    uart_handmade.o(i.EnableInterrupt_RX_UARTx) refers to uart_handmade.o(.data) for .data
    uart_handmade.o(i.ReceiveDataUART) refers to uart_handmade.o(.data) for .data
    uart_handmade.o(i.ReceiveDataUART_IT) refers to uart_handmade.o(.data) for .data
    uart_handmade.o(i.TransmitDataUART) refers to uart_handmade.o(.data) for .data
    uart_handmade.o(i.UARTInit) refers to rcc_handmade.o(i.Enable_Clock_RCC_APB1) for Enable_Clock_RCC_APB1
    uart_handmade.o(i.UARTInit) refers to rcc_handmade.o(i.Enable_Clock_RCC_APB2) for Enable_Clock_RCC_APB2
    uart_handmade.o(i.UARTInit) refers to gpio_handmade.o(i.InitGPIO) for InitGPIO
    uart_handmade.o(i.UARTInit) refers to rcc_handmade.o(i.getFrequencyAPB1) for getFrequencyAPB1
    uart_handmade.o(i.UARTInit) refers to fflt_clz.o(x$fpl$ffltu) for __aeabi_ui2f
    uart_handmade.o(i.UARTInit) refers to fdiv.o(x$fpl$fdiv) for __aeabi_fdiv
    uart_handmade.o(i.UARTInit) refers to ffixu.o(x$fpl$ffixu) for __aeabi_f2uiz
    uart_handmade.o(i.UARTInit) refers to faddsub_clz.o(x$fpl$frsb) for __aeabi_frsub
    uart_handmade.o(i.UARTInit) refers to scalbnf.o(x$fpl$scalbnf) for __ARM_scalbnf
    uart_handmade.o(i.UARTInit) refers to rcc_handmade.o(i.getFrequencyAPB2) for getFrequencyAPB2
    uart_handmade.o(i.UARTInit) refers to uart_handmade.o(.data) for .data
    uart_handmade.o(i.interruptDisable) refers to uart_handmade.o(.data) for .data
    uart_handmade.o(i.interruptEnable) refers to uart_handmade.o(.data) for .data
    initsystemperipheral.o(i.InitGPIO_Control_Device) refers to gpio_handmade.o(i.InitGPIO) for InitGPIO
    initsystemperipheral.o(i.InitGPIO_Control_Device) refers to initsystemperipheral.o(.constdata) for .constdata
    initsystemperipheral.o(i.InitSystemPeripheral) refers to rcc_handmade.o(i.init_RCC) for init_RCC
    initsystemperipheral.o(i.InitSystemPeripheral) refers to gpio_handmade.o(i.InitGPIO) for InitGPIO
    initsystemperipheral.o(i.InitSystemPeripheral) refers to initsystemperipheral.o(i.InitGPIO_Control_Device) for InitGPIO_Control_Device
    initsystemperipheral.o(i.InitSystemPeripheral) refers to systick_handmade.o(i.SysTick_Init) for SysTick_Init
    initsystemperipheral.o(i.InitSystemPeripheral) refers to uart_handmade.o(i.UARTInit) for UARTInit
    initsystemperipheral.o(i.InitSystemPeripheral) refers to uart_handmade.o(i.EnableInterrupt_RX_UARTx) for EnableInterrupt_RX_UARTx
    initsystemperipheral.o(i.InitSystemPeripheral) refers to initsystemperipheral.o(.data) for .data
    uart_data_manager.o(i.InitDataManager) refers to dma_handmade.o(i.AddressPeripheral) for AddressPeripheral
    uart_data_manager.o(i.InitDataManager) refers to uart_data_manager.o(.data) for .data
    uart_data_manager.o(i.InitDataToESP32) refers to uart_data_manager.o(.data) for .data
    uart_data_manager.o(i.ReciveUART) refers to uart_data_manager.o(.data) for .data
    uart_data_manager.o(i.SignalModeNormal_LED) refers to gpio_handmade.o(i.ON_Led_Hardware) for ON_Led_Hardware
    uart_data_manager.o(i.SignalModeNormal_LED) refers to systick_handmade.o(i.Delay_SysTick) for Delay_SysTick
    uart_data_manager.o(i.SignalModeNormal_LED) refers to gpio_handmade.o(i.OFF_Led_Hardware) for OFF_Led_Hardware
    uart_data_manager.o(i.UART_Controller) refers to uart_data_manager.o(i.getDataSensor_ControlDevice) for getDataSensor_ControlDevice
    uart_data_manager.o(i.UART_Controller) refers to uart_data_manager.o(i.InitDataToESP32) for InitDataToESP32
    uart_data_manager.o(i.UART_Controller) refers to uart_handmade.o(i.TransmitDataUART) for TransmitDataUART
    uart_data_manager.o(i.UART_Controller) refers to systick_handmade.o(i.Delay_SysTick) for Delay_SysTick
    uart_data_manager.o(i.UART_Controller) refers to uart_data_manager.o(.data) for .data
    uart_data_manager.o(i.getDataSensor_ControlDevice) refers to gpio_handmade.o(i.WritePin) for WritePin
    uart_data_manager.o(i.getDataSensor_ControlDevice) refers to uart_data_manager.o(.data) for .data
    bootloader.o(i.Jump_To_Application) refers to rcc_handmade.o(i.RCC_DeInit) for RCC_DeInit
    __main.o(!!!main) refers to __rtentry.o(.ARM.Collect$$rtentry$$00000000) for __rt_entry
    faddsub_clz.o(x$fpl$fadd) refers (Special) to usenofp.o(x$fpl$usenofp) for __I$use$fp
    faddsub_clz.o(x$fpl$fadd) refers to faddsub_clz.o(x$fpl$fsub) for _fsub1
    faddsub_clz.o(x$fpl$fadd) refers to fretinf.o(x$fpl$fretinf) for __fpl_fretinf
    faddsub_clz.o(x$fpl$fadd) refers to fnaninf.o(x$fpl$fnaninf) for __fpl_fnaninf
    faddsub_clz.o(x$fpl$frsb) refers (Special) to usenofp.o(x$fpl$usenofp) for __I$use$fp
    faddsub_clz.o(x$fpl$frsb) refers to faddsub_clz.o(x$fpl$fadd) for _fadd1
    faddsub_clz.o(x$fpl$frsb) refers to faddsub_clz.o(x$fpl$fsub) for _fsub1
    faddsub_clz.o(x$fpl$fsub) refers (Special) to usenofp.o(x$fpl$usenofp) for __I$use$fp
    faddsub_clz.o(x$fpl$fsub) refers to faddsub_clz.o(x$fpl$fadd) for _fadd1
    faddsub_clz.o(x$fpl$fsub) refers to fnaninf.o(x$fpl$fnaninf) for __fpl_fnaninf
    fdiv.o(x$fpl$frdiv) refers (Special) to usenofp.o(x$fpl$usenofp) for __I$use$fp
    fdiv.o(x$fpl$frdiv) refers to fdiv.o(x$fpl$fdiv) for _fdiv1
    fdiv.o(x$fpl$fdiv) refers (Special) to usenofp.o(x$fpl$usenofp) for __I$use$fp
    fdiv.o(x$fpl$fdiv) refers to fretinf.o(x$fpl$fretinf) for __fpl_fretinf
    fdiv.o(x$fpl$fdiv) refers to fnaninf.o(x$fpl$fnaninf) for __fpl_fnaninf
    ffixu.o(x$fpl$ffixu) refers (Special) to usenofp.o(x$fpl$usenofp) for __I$use$fp
    ffixu.o(x$fpl$ffixu) refers to fnaninf.o(x$fpl$fnaninf) for __fpl_fnaninf
    ffixu.o(x$fpl$ffixur) refers (Special) to usenofp.o(x$fpl$usenofp) for __I$use$fp
    ffixu.o(x$fpl$ffixur) refers to fnaninf.o(x$fpl$fnaninf) for __fpl_fnaninf
    fflt_clz.o(x$fpl$ffltu) refers (Special) to usenofp.o(x$fpl$usenofp) for __I$use$fp
    fflt_clz.o(x$fpl$fflt) refers (Special) to usenofp.o(x$fpl$usenofp) for __I$use$fp
    fflt_clz.o(x$fpl$ffltn) refers (Special) to usenofp.o(x$fpl$usenofp) for __I$use$fp
    scalbnf.o(x$fpl$scalbnf) refers (Special) to usenofp.o(x$fpl$usenofp) for __I$use$fp
    scalbnf.o(x$fpl$scalbnf) refers to fcheck1.o(x$fpl$fcheck1) for __fpl_fcheck_NaN1
    __rtentry.o(.ARM.Collect$$rtentry$$00000000) refers (Special) to __rtentry2.o(.ARM.Collect$$rtentry$$0000000A) for __rt_entry_li
    __rtentry.o(.ARM.Collect$$rtentry$$00000000) refers (Special) to __rtentry2.o(.ARM.Collect$$rtentry$$0000000D) for __rt_entry_main
    __rtentry.o(.ARM.Collect$$rtentry$$00000000) refers (Special) to __rtentry2.o(.ARM.Collect$$rtentry$$0000000C) for __rt_entry_postli_1
    __rtentry.o(.ARM.Collect$$rtentry$$00000000) refers (Special) to __rtentry2.o(.ARM.Collect$$rtentry$$00000009) for __rt_entry_postsh_1
    __rtentry.o(.ARM.Collect$$rtentry$$00000000) refers (Special) to __rtentry2.o(.ARM.Collect$$rtentry$$00000002) for __rt_entry_presh_1
    __rtentry.o(.ARM.Collect$$rtentry$$00000000) refers (Special) to __rtentry4.o(.ARM.Collect$$rtentry$$00000004) for __rt_entry_sh
    fcheck1.o(x$fpl$fcheck1) refers (Special) to usenofp.o(x$fpl$usenofp) for __I$use$fp
    fcheck1.o(x$fpl$fcheck1) refers to retnan.o(x$fpl$retnan) for __fpl_return_NaN
    fnaninf.o(x$fpl$fnaninf) refers (Special) to usenofp.o(x$fpl$usenofp) for __I$use$fp
    fretinf.o(x$fpl$fretinf) refers (Special) to usenofp.o(x$fpl$usenofp) for __I$use$fp
    __rtentry2.o(.ARM.Collect$$rtentry$$00000008) refers to boardinit2.o(.text) for _platform_post_stackheap_init
    __rtentry2.o(.ARM.Collect$$rtentry$$0000000A) refers to libinit.o(.ARM.Collect$$libinit$$00000000) for __rt_lib_init
    __rtentry2.o(.ARM.Collect$$rtentry$$0000000B) refers to boardinit3.o(.text) for _platform_post_lib_init
    __rtentry2.o(.ARM.Collect$$rtentry$$0000000D) refers to main.o(i.main) for main
    __rtentry2.o(.ARM.Collect$$rtentry$$0000000D) refers to exit.o(.text) for exit
    __rtentry2.o(.ARM.exidx) refers to __rtentry2.o(.ARM.Collect$$rtentry$$00000001) for .ARM.Collect$$rtentry$$00000001
    __rtentry2.o(.ARM.exidx) refers to __rtentry2.o(.ARM.Collect$$rtentry$$00000008) for .ARM.Collect$$rtentry$$00000008
    __rtentry2.o(.ARM.exidx) refers to __rtentry2.o(.ARM.Collect$$rtentry$$0000000A) for .ARM.Collect$$rtentry$$0000000A
    __rtentry2.o(.ARM.exidx) refers to __rtentry2.o(.ARM.Collect$$rtentry$$0000000B) for .ARM.Collect$$rtentry$$0000000B
    __rtentry2.o(.ARM.exidx) refers to __rtentry2.o(.ARM.Collect$$rtentry$$0000000D) for .ARM.Collect$$rtentry$$0000000D
    __rtentry4.o(.ARM.Collect$$rtentry$$00000004) refers to sys_stackheap_outer.o(.text) for __user_setup_stackheap
    __rtentry4.o(.ARM.exidx) refers to __rtentry4.o(.ARM.Collect$$rtentry$$00000004) for .ARM.Collect$$rtentry$$00000004
    retnan.o(x$fpl$retnan) refers (Special) to usenofp.o(x$fpl$usenofp) for __I$use$fp
    retnan.o(x$fpl$retnan) refers to trapv.o(x$fpl$trapveneer) for __fpl_cmpreturn
    sys_stackheap_outer.o(.text) refers to libspace.o(.text) for __user_perproc_libspace
    sys_stackheap_outer.o(.text) refers to startup_stm32f103xb.o(.text) for __user_initial_stackheap
    exit.o(.text) refers to rtexit.o(.ARM.Collect$$rtexit$$00000000) for __rt_exit
    libinit.o(.ARM.Collect$$libinit$$00000000) refers (Special) to libinit2.o(.ARM.Collect$$libinit$$0000002E) for __rt_lib_init_alloca_1
    libinit.o(.ARM.Collect$$libinit$$00000000) refers (Special) to libinit2.o(.ARM.Collect$$libinit$$0000002C) for __rt_lib_init_argv_1
    libinit.o(.ARM.Collect$$libinit$$00000000) refers (Special) to libinit2.o(.ARM.Collect$$libinit$$0000001B) for __rt_lib_init_atexit_1
    libinit.o(.ARM.Collect$$libinit$$00000000) refers (Special) to libinit2.o(.ARM.Collect$$libinit$$00000021) for __rt_lib_init_clock_1
    libinit.o(.ARM.Collect$$libinit$$00000000) refers (Special) to libinit2.o(.ARM.Collect$$libinit$$00000032) for __rt_lib_init_cpp_1
    libinit.o(.ARM.Collect$$libinit$$00000000) refers (Special) to libinit2.o(.ARM.Collect$$libinit$$00000030) for __rt_lib_init_exceptions_1
    libinit.o(.ARM.Collect$$libinit$$00000000) refers (Special) to libinit2.o(.ARM.Collect$$libinit$$00000002) for __rt_lib_init_fp_1
    libinit.o(.ARM.Collect$$libinit$$00000000) refers (Special) to libinit2.o(.ARM.Collect$$libinit$$0000001F) for __rt_lib_init_fp_trap_1
    libinit.o(.ARM.Collect$$libinit$$00000000) refers (Special) to libinit2.o(.ARM.Collect$$libinit$$00000023) for __rt_lib_init_getenv_1
    libinit.o(.ARM.Collect$$libinit$$00000000) refers (Special) to libinit2.o(.ARM.Collect$$libinit$$0000000A) for __rt_lib_init_heap_1
    libinit.o(.ARM.Collect$$libinit$$00000000) refers (Special) to libinit2.o(.ARM.Collect$$libinit$$00000011) for __rt_lib_init_lc_collate_1
    libinit.o(.ARM.Collect$$libinit$$00000000) refers (Special) to libinit2.o(.ARM.Collect$$libinit$$00000013) for __rt_lib_init_lc_ctype_1
    libinit.o(.ARM.Collect$$libinit$$00000000) refers (Special) to libinit2.o(.ARM.Collect$$libinit$$00000015) for __rt_lib_init_lc_monetary_1
    libinit.o(.ARM.Collect$$libinit$$00000000) refers (Special) to libinit2.o(.ARM.Collect$$libinit$$00000017) for __rt_lib_init_lc_numeric_1
    libinit.o(.ARM.Collect$$libinit$$00000000) refers (Special) to libinit2.o(.ARM.Collect$$libinit$$00000019) for __rt_lib_init_lc_time_1
    libinit.o(.ARM.Collect$$libinit$$00000000) refers (Special) to libinit2.o(.ARM.Collect$$libinit$$00000004) for __rt_lib_init_preinit_1
    libinit.o(.ARM.Collect$$libinit$$00000000) refers (Special) to libinit2.o(.ARM.Collect$$libinit$$0000000E) for __rt_lib_init_rand_1
    libinit.o(.ARM.Collect$$libinit$$00000000) refers (Special) to libinit2.o(.ARM.Collect$$libinit$$00000033) for __rt_lib_init_return
    libinit.o(.ARM.Collect$$libinit$$00000000) refers (Special) to libinit2.o(.ARM.Collect$$libinit$$0000001D) for __rt_lib_init_signal_1
    libinit.o(.ARM.Collect$$libinit$$00000000) refers (Special) to libinit2.o(.ARM.Collect$$libinit$$00000025) for __rt_lib_init_stdio_1
    libinit.o(.ARM.Collect$$libinit$$00000000) refers (Special) to libinit2.o(.ARM.Collect$$libinit$$0000000C) for __rt_lib_init_user_alloc_1
    trapv.o(x$fpl$trapveneer) refers (Special) to usenofp.o(x$fpl$usenofp) for __I$use$fp
    libspace.o(.text) refers to libspace.o(.bss) for __libspace_start
    rtexit.o(.ARM.Collect$$rtexit$$00000000) refers (Special) to rtexit2.o(.ARM.Collect$$rtexit$$00000004) for __rt_exit_exit
    rtexit.o(.ARM.Collect$$rtexit$$00000000) refers (Special) to rtexit2.o(.ARM.Collect$$rtexit$$00000003) for __rt_exit_ls
    rtexit.o(.ARM.Collect$$rtexit$$00000000) refers (Special) to rtexit2.o(.ARM.Collect$$rtexit$$00000002) for __rt_exit_prels_1
    rtexit.o(.ARM.exidx) refers (Special) to rtexit2.o(.ARM.Collect$$rtexit$$00000004) for __rt_exit_exit
    rtexit.o(.ARM.exidx) refers (Special) to rtexit2.o(.ARM.Collect$$rtexit$$00000003) for __rt_exit_ls
    rtexit.o(.ARM.exidx) refers (Special) to rtexit2.o(.ARM.Collect$$rtexit$$00000002) for __rt_exit_prels_1
    rtexit.o(.ARM.exidx) refers to rtexit.o(.ARM.Collect$$rtexit$$00000000) for .ARM.Collect$$rtexit$$00000000
    libinit2.o(.ARM.Collect$$libinit$$00000010) refers to libinit2.o(.ARM.Collect$$libinit$$0000000F) for .ARM.Collect$$libinit$$0000000F
    libinit2.o(.ARM.Collect$$libinit$$00000012) refers to libinit2.o(.ARM.Collect$$libinit$$0000000F) for .ARM.Collect$$libinit$$0000000F
    libinit2.o(.ARM.Collect$$libinit$$00000014) refers to libinit2.o(.ARM.Collect$$libinit$$0000000F) for .ARM.Collect$$libinit$$0000000F
    libinit2.o(.ARM.Collect$$libinit$$00000016) refers to libinit2.o(.ARM.Collect$$libinit$$0000000F) for .ARM.Collect$$libinit$$0000000F
    libinit2.o(.ARM.Collect$$libinit$$00000018) refers to libinit2.o(.ARM.Collect$$libinit$$0000000F) for .ARM.Collect$$libinit$$0000000F
    libinit2.o(.ARM.Collect$$libinit$$00000026) refers to argv_veneer.o(.emb_text) for __ARM_argv_veneer
    libinit2.o(.ARM.Collect$$libinit$$00000027) refers to argv_veneer.o(.emb_text) for __ARM_argv_veneer
    rtexit2.o(.ARM.Collect$$rtexit$$00000003) refers to libshutdown.o(.ARM.Collect$$libshutdown$$00000000) for __rt_lib_shutdown
    rtexit2.o(.ARM.Collect$$rtexit$$00000004) refers to sys_exit.o(.text) for _sys_exit
    rtexit2.o(.ARM.exidx) refers to rtexit2.o(.ARM.Collect$$rtexit$$00000001) for .ARM.Collect$$rtexit$$00000001
    rtexit2.o(.ARM.exidx) refers to rtexit2.o(.ARM.Collect$$rtexit$$00000003) for .ARM.Collect$$rtexit$$00000003
    rtexit2.o(.ARM.exidx) refers to rtexit2.o(.ARM.Collect$$rtexit$$00000004) for .ARM.Collect$$rtexit$$00000004
    argv_veneer.o(.emb_text) refers to no_argv.o(.text) for __ARM_get_argv
    sys_exit.o(.text) refers (Special) to use_no_semi.o(.text) for __I$use$semihosting
    sys_exit.o(.text) refers (Special) to indicate_semi.o(.text) for __semihosting_library_function
    _get_argv_nomalloc.o(.text) refers (Special) to hrguard.o(.text) for __heap_region$guard
    _get_argv_nomalloc.o(.text) refers to defsig_rtmem_outer.o(.text) for __rt_SIGRTMEM
    _get_argv_nomalloc.o(.text) refers to sys_command.o(.text) for _sys_command_string
    libshutdown.o(.ARM.Collect$$libshutdown$$00000000) refers (Special) to libshutdown2.o(.ARM.Collect$$libshutdown$$00000002) for __rt_lib_shutdown_cpp_1
    libshutdown.o(.ARM.Collect$$libshutdown$$00000000) refers (Special) to libshutdown2.o(.ARM.Collect$$libshutdown$$00000007) for __rt_lib_shutdown_fp_trap_1
    libshutdown.o(.ARM.Collect$$libshutdown$$00000000) refers (Special) to libshutdown2.o(.ARM.Collect$$libshutdown$$0000000F) for __rt_lib_shutdown_heap_1
    libshutdown.o(.ARM.Collect$$libshutdown$$00000000) refers (Special) to libshutdown2.o(.ARM.Collect$$libshutdown$$00000010) for __rt_lib_shutdown_return
    libshutdown.o(.ARM.Collect$$libshutdown$$00000000) refers (Special) to libshutdown2.o(.ARM.Collect$$libshutdown$$0000000A) for __rt_lib_shutdown_signal_1
    libshutdown.o(.ARM.Collect$$libshutdown$$00000000) refers (Special) to libshutdown2.o(.ARM.Collect$$libshutdown$$00000004) for __rt_lib_shutdown_stdio_1
    libshutdown.o(.ARM.Collect$$libshutdown$$00000000) refers (Special) to libshutdown2.o(.ARM.Collect$$libshutdown$$0000000C) for __rt_lib_shutdown_user_alloc_1
    sys_command.o(.text) refers (Special) to use_no_semi.o(.text) for __I$use$semihosting
    sys_command.o(.text) refers (Special) to indicate_semi.o(.text) for __semihosting_library_function
    defsig_rtmem_outer.o(.text) refers to defsig_rtmem_inner.o(.text) for __rt_SIGRTMEM_inner
    defsig_rtmem_outer.o(.text) refers to defsig_exit.o(.text) for __sig_exit
    defsig_rtmem_formal.o(.text) refers to rt_raise.o(.text) for __rt_raise
    rt_raise.o(.text) refers to __raise.o(.text) for __raise
    rt_raise.o(.text) refers to sys_exit.o(.text) for _sys_exit
    defsig_exit.o(.text) refers to sys_exit.o(.text) for _sys_exit
    defsig_rtmem_inner.o(.text) refers to defsig_general.o(.text) for __default_signal_display
    __raise.o(.text) refers to defsig.o(CL$$defsig) for __default_signal_handler
    defsig_general.o(.text) refers to sys_wrch.o(.text) for _ttywrch
    sys_wrch.o(.text) refers (Special) to use_no_semi.o(.text) for __I$use$semihosting
    sys_wrch.o(.text) refers (Special) to indicate_semi.o(.text) for __semihosting_library_function
    defsig.o(CL$$defsig) refers to defsig_rtmem_inner.o(.text) for __rt_SIGRTMEM_inner
    defsig_abrt_inner.o(.text) refers to defsig_general.o(.text) for __default_signal_display
    defsig_fpe_inner.o(.text) refers to defsig_general.o(.text) for __default_signal_display
    defsig_rtred_inner.o(.text) refers to defsig_general.o(.text) for __default_signal_display
    defsig_stak_inner.o(.text) refers to defsig_general.o(.text) for __default_signal_display
    defsig_pvfn_inner.o(.text) refers to defsig_general.o(.text) for __default_signal_display
    defsig_cppl_inner.o(.text) refers to defsig_general.o(.text) for __default_signal_display
    defsig_segv_inner.o(.text) refers to defsig_general.o(.text) for __default_signal_display
    defsig_other.o(.text) refers to defsig_general.o(.text) for __default_signal_display


==============================================================================

Image Symbol Table

    Local Symbols

    Symbol Name                              Value     Ov Type        Size  Object(Section)

    ../Core/Src/main.c                       0x00000000   Number         0  main.o ABSOLUTE
    ../Core/Src/stm32f1xx_hal_msp.c          0x00000000   Number         0  stm32f1xx_hal_msp.o ABSOLUTE
    ../Core/Src/stm32f1xx_it.c               0x00000000   Number         0  stm32f1xx_it.o ABSOLUTE
    ../Core/Src/system_stm32f1xx.c           0x00000000   Number         0  system_stm32f1xx.o ABSOLUTE
    ../Drivers/STM32F1xx_HAL_Driver/Src/stm32f1xx_hal.c 0x00000000   Number         0  stm32f1xx_hal.o ABSOLUTE
    ../Drivers/STM32F1xx_HAL_Driver/Src/stm32f1xx_hal_cortex.c 0x00000000   Number         0  stm32f1xx_hal_cortex.o ABSOLUTE
    ../Drivers/STM32F1xx_HAL_Driver/Src/stm32f1xx_hal_dma.c 0x00000000   Number         0  stm32f1xx_hal_dma.o ABSOLUTE
    ../Drivers/STM32F1xx_HAL_Driver/Src/stm32f1xx_hal_exti.c 0x00000000   Number         0  stm32f1xx_hal_exti.o ABSOLUTE
    ../Drivers/STM32F1xx_HAL_Driver/Src/stm32f1xx_hal_flash.c 0x00000000   Number         0  stm32f1xx_hal_flash.o ABSOLUTE
    ../Drivers/STM32F1xx_HAL_Driver/Src/stm32f1xx_hal_flash_ex.c 0x00000000   Number         0  stm32f1xx_hal_flash_ex.o ABSOLUTE
    ../Drivers/STM32F1xx_HAL_Driver/Src/stm32f1xx_hal_gpio.c 0x00000000   Number         0  stm32f1xx_hal_gpio.o ABSOLUTE
    ../Drivers/STM32F1xx_HAL_Driver/Src/stm32f1xx_hal_gpio_ex.c 0x00000000   Number         0  stm32f1xx_hal_gpio_ex.o ABSOLUTE
    ../Drivers/STM32F1xx_HAL_Driver/Src/stm32f1xx_hal_pwr.c 0x00000000   Number         0  stm32f1xx_hal_pwr.o ABSOLUTE
    ../Drivers/STM32F1xx_HAL_Driver/Src/stm32f1xx_hal_rcc.c 0x00000000   Number         0  stm32f1xx_hal_rcc.o ABSOLUTE
    ../Drivers/STM32F1xx_HAL_Driver/Src/stm32f1xx_hal_rcc_ex.c 0x00000000   Number         0  stm32f1xx_hal_rcc_ex.o ABSOLUTE
    ../Drivers/STM32F1xx_HAL_Driver/Src/stm32f1xx_hal_tim.c 0x00000000   Number         0  stm32f1xx_hal_tim.o ABSOLUTE
    ../Drivers/STM32F1xx_HAL_Driver/Src/stm32f1xx_hal_tim_ex.c 0x00000000   Number         0  stm32f1xx_hal_tim_ex.o ABSOLUTE
    ../Drivers/STM32F1xx_HAL_Driver/Src/stm32f1xx_hal_uart.c 0x00000000   Number         0  stm32f1xx_hal_uart.o ABSOLUTE
    ../clib/angel/boardlib.s                 0x00000000   Number         0  boardinit2.o ABSOLUTE
    ../clib/angel/boardlib.s                 0x00000000   Number         0  boardinit3.o ABSOLUTE
    ../clib/angel/boardlib.s                 0x00000000   Number         0  boardshut.o ABSOLUTE
    ../clib/angel/boardlib.s                 0x00000000   Number         0  boardinit1.o ABSOLUTE
    ../clib/angel/handlers.s                 0x00000000   Number         0  __scatter_zi.o ABSOLUTE
    ../clib/angel/handlers.s                 0x00000000   Number         0  __scatter_copy.o ABSOLUTE
    ../clib/angel/kernel.s                   0x00000000   Number         0  rtexit.o ABSOLUTE
    ../clib/angel/kernel.s                   0x00000000   Number         0  rtexit2.o ABSOLUTE
    ../clib/angel/kernel.s                   0x00000000   Number         0  __rtentry.o ABSOLUTE
    ../clib/angel/kernel.s                   0x00000000   Number         0  __rtentry4.o ABSOLUTE
    ../clib/angel/kernel.s                   0x00000000   Number         0  __rtentry2.o ABSOLUTE
    ../clib/angel/rt.s                       0x00000000   Number         0  rt_raise.o ABSOLUTE
    ../clib/angel/scatter.s                  0x00000000   Number         0  __scatter.o ABSOLUTE
    ../clib/angel/startup.s                  0x00000000   Number         0  __main.o ABSOLUTE
    ../clib/angel/sys.s                      0x00000000   Number         0  use_no_semi.o ABSOLUTE
    ../clib/angel/sys.s                      0x00000000   Number         0  libspace.o ABSOLUTE
    ../clib/angel/sys.s                      0x00000000   Number         0  sys_stackheap_outer.o ABSOLUTE
    ../clib/angel/sys.s                      0x00000000   Number         0  indicate_semi.o ABSOLUTE
    ../clib/angel/sysapp.c                   0x00000000   Number         0  sys_command.o ABSOLUTE
    ../clib/angel/sysapp.c                   0x00000000   Number         0  sys_wrch.o ABSOLUTE
    ../clib/angel/sysapp.c                   0x00000000   Number         0  sys_exit.o ABSOLUTE
    ../clib/armsys.c                         0x00000000   Number         0  _get_argv_nomalloc.o ABSOLUTE
    ../clib/armsys.c                         0x00000000   Number         0  no_argv.o ABSOLUTE
    ../clib/armsys.c                         0x00000000   Number         0  argv_veneer.o ABSOLUTE
    ../clib/armsys.c                         0x00000000   Number         0  argv_veneer.o ABSOLUTE
    ../clib/heapalloc.c                      0x00000000   Number         0  hrguard.o ABSOLUTE
    ../clib/heapaux.c                        0x00000000   Number         0  heapauxi.o ABSOLUTE
    ../clib/libinit.s                        0x00000000   Number         0  libshutdown.o ABSOLUTE
    ../clib/libinit.s                        0x00000000   Number         0  libinit2.o ABSOLUTE
    ../clib/libinit.s                        0x00000000   Number         0  libinit.o ABSOLUTE
    ../clib/libinit.s                        0x00000000   Number         0  libshutdown2.o ABSOLUTE
    ../clib/longlong.s                       0x00000000   Number         0  llushr.o ABSOLUTE
    ../clib/signal.c                         0x00000000   Number         0  defsig_rtred_inner.o ABSOLUTE
    ../clib/signal.c                         0x00000000   Number         0  defsig_fpe_inner.o ABSOLUTE
    ../clib/signal.c                         0x00000000   Number         0  defsig_abrt_inner.o ABSOLUTE
    ../clib/signal.c                         0x00000000   Number         0  defsig_general.o ABSOLUTE
    ../clib/signal.c                         0x00000000   Number         0  __raise.o ABSOLUTE
    ../clib/signal.c                         0x00000000   Number         0  defsig_rtmem_inner.o ABSOLUTE
    ../clib/signal.c                         0x00000000   Number         0  defsig_exit.o ABSOLUTE
    ../clib/signal.c                         0x00000000   Number         0  defsig_rtmem_outer.o ABSOLUTE
    ../clib/signal.c                         0x00000000   Number         0  defsig_rtmem_formal.o ABSOLUTE
    ../clib/signal.c                         0x00000000   Number         0  defsig_other.o ABSOLUTE
    ../clib/signal.c                         0x00000000   Number         0  defsig_segv_inner.o ABSOLUTE
    ../clib/signal.c                         0x00000000   Number         0  defsig_cppl_inner.o ABSOLUTE
    ../clib/signal.c                         0x00000000   Number         0  defsig_pvfn_inner.o ABSOLUTE
    ../clib/signal.c                         0x00000000   Number         0  defsig_stak_inner.o ABSOLUTE
    ../clib/signal.s                         0x00000000   Number         0  defsig.o ABSOLUTE
    ../clib/stdlib.c                         0x00000000   Number         0  exit.o ABSOLUTE
    ../fplib/faddsub.s                       0x00000000   Number         0  faddsub_clz.o ABSOLUTE
    ../fplib/fcheck1.s                       0x00000000   Number         0  fcheck1.o ABSOLUTE
    ../fplib/fdiv.s                          0x00000000   Number         0  fdiv.o ABSOLUTE
    ../fplib/ffixu.s                         0x00000000   Number         0  ffixu.o ABSOLUTE
    ../fplib/fflt.s                          0x00000000   Number         0  fflt_clz.o ABSOLUTE
    ../fplib/fnaninf.s                       0x00000000   Number         0  fnaninf.o ABSOLUTE
    ../fplib/fpinit.s                        0x00000000   Number         0  fpinit.o ABSOLUTE
    ../fplib/fretinf.s                       0x00000000   Number         0  fretinf.o ABSOLUTE
    ../fplib/retnan.s                        0x00000000   Number         0  retnan.o ABSOLUTE
    ../fplib/scalbnf.s                       0x00000000   Number         0  scalbnf.o ABSOLUTE
    ../fplib/trapv.s                         0x00000000   Number         0  trapv.o ABSOLUTE
    ../fplib/usenofp.s                       0x00000000   Number         0  usenofp.o ABSOLUTE
    ..\Component\ADC_Handmade.c              0x00000000   Number         0  adc_handmade.o ABSOLUTE
    ..\Component\Bootloader.c                0x00000000   Number         0  bootloader.o ABSOLUTE
    ..\Component\DMA_Handmade.c              0x00000000   Number         0  dma_handmade.o ABSOLUTE
    ..\Component\Flash_Handmade.c            0x00000000   Number         0  flash_handmade.o ABSOLUTE
    ..\Component\GPIO_Handmade.c             0x00000000   Number         0  gpio_handmade.o ABSOLUTE
    ..\Component\InitSystemPeripheral.c      0x00000000   Number         0  initsystemperipheral.o ABSOLUTE
    ..\Component\NVIC_Handmade.c             0x00000000   Number         0  nvic_handmade.o ABSOLUTE
    ..\Component\RCC_Handmade.c              0x00000000   Number         0  rcc_handmade.o ABSOLUTE
    ..\Component\Systick_Handmade.c          0x00000000   Number         0  systick_handmade.o ABSOLUTE
    ..\Component\Timer_Handmade.c            0x00000000   Number         0  timer_handmade.o ABSOLUTE
    ..\Component\UART_Data_Manager.c         0x00000000   Number         0  uart_data_manager.o ABSOLUTE
    ..\Component\UART_Handmade.c             0x00000000   Number         0  uart_handmade.o ABSOLUTE
    ..\Core\Src\main.c                       0x00000000   Number         0  main.o ABSOLUTE
    ..\Core\Src\stm32f1xx_hal_msp.c          0x00000000   Number         0  stm32f1xx_hal_msp.o ABSOLUTE
    ..\Core\Src\stm32f1xx_it.c               0x00000000   Number         0  stm32f1xx_it.o ABSOLUTE
    ..\Core\Src\system_stm32f1xx.c           0x00000000   Number         0  system_stm32f1xx.o ABSOLUTE
    ..\Drivers\STM32F1xx_HAL_Driver\Src\stm32f1xx_hal.c 0x00000000   Number         0  stm32f1xx_hal.o ABSOLUTE
    ..\Drivers\STM32F1xx_HAL_Driver\Src\stm32f1xx_hal_cortex.c 0x00000000   Number         0  stm32f1xx_hal_cortex.o ABSOLUTE
    ..\Drivers\STM32F1xx_HAL_Driver\Src\stm32f1xx_hal_dma.c 0x00000000   Number         0  stm32f1xx_hal_dma.o ABSOLUTE
    ..\Drivers\STM32F1xx_HAL_Driver\Src\stm32f1xx_hal_exti.c 0x00000000   Number         0  stm32f1xx_hal_exti.o ABSOLUTE
    ..\Drivers\STM32F1xx_HAL_Driver\Src\stm32f1xx_hal_flash.c 0x00000000   Number         0  stm32f1xx_hal_flash.o ABSOLUTE
    ..\Drivers\STM32F1xx_HAL_Driver\Src\stm32f1xx_hal_flash_ex.c 0x00000000   Number         0  stm32f1xx_hal_flash_ex.o ABSOLUTE
    ..\Drivers\STM32F1xx_HAL_Driver\Src\stm32f1xx_hal_gpio.c 0x00000000   Number         0  stm32f1xx_hal_gpio.o ABSOLUTE
    ..\Drivers\STM32F1xx_HAL_Driver\Src\stm32f1xx_hal_gpio_ex.c 0x00000000   Number         0  stm32f1xx_hal_gpio_ex.o ABSOLUTE
    ..\Drivers\STM32F1xx_HAL_Driver\Src\stm32f1xx_hal_pwr.c 0x00000000   Number         0  stm32f1xx_hal_pwr.o ABSOLUTE
    ..\Drivers\STM32F1xx_HAL_Driver\Src\stm32f1xx_hal_rcc.c 0x00000000   Number         0  stm32f1xx_hal_rcc.o ABSOLUTE
    ..\Drivers\STM32F1xx_HAL_Driver\Src\stm32f1xx_hal_rcc_ex.c 0x00000000   Number         0  stm32f1xx_hal_rcc_ex.o ABSOLUTE
    ..\Drivers\STM32F1xx_HAL_Driver\Src\stm32f1xx_hal_tim.c 0x00000000   Number         0  stm32f1xx_hal_tim.o ABSOLUTE
    ..\Drivers\STM32F1xx_HAL_Driver\Src\stm32f1xx_hal_tim_ex.c 0x00000000   Number         0  stm32f1xx_hal_tim_ex.o ABSOLUTE
    ..\Drivers\STM32F1xx_HAL_Driver\Src\stm32f1xx_hal_uart.c 0x00000000   Number         0  stm32f1xx_hal_uart.o ABSOLUTE
    ..\\Component\\Bootloader.c              0x00000000   Number         0  bootloader.o ABSOLUTE
    dc.s                                     0x00000000   Number         0  dc.o ABSOLUTE
    startup_stm32f103xb.s                    0x00000000   Number         0  startup_stm32f103xb.o ABSOLUTE
    RESET                                    0x08009000   Section      236  startup_stm32f103xb.o(RESET)
    !!!main                                  0x080090ec   Section        8  __main.o(!!!main)
    !!!scatter                               0x080090f4   Section       52  __scatter.o(!!!scatter)
    !!handler_copy                           0x08009128   Section       26  __scatter_copy.o(!!handler_copy)
    !!handler_zi                             0x08009144   Section       28  __scatter_zi.o(!!handler_zi)
    .ARM.Collect$$libinit$$00000000          0x08009160   Section        2  libinit.o(.ARM.Collect$$libinit$$00000000)
    .ARM.Collect$$libinit$$00000002          0x08009162   Section        0  libinit2.o(.ARM.Collect$$libinit$$00000002)
    .ARM.Collect$$libinit$$00000004          0x08009162   Section        0  libinit2.o(.ARM.Collect$$libinit$$00000004)
    .ARM.Collect$$libinit$$0000000A          0x08009162   Section        0  libinit2.o(.ARM.Collect$$libinit$$0000000A)
    .ARM.Collect$$libinit$$0000000C          0x08009162   Section        0  libinit2.o(.ARM.Collect$$libinit$$0000000C)
    .ARM.Collect$$libinit$$0000000E          0x08009162   Section        0  libinit2.o(.ARM.Collect$$libinit$$0000000E)
    .ARM.Collect$$libinit$$00000011          0x08009162   Section        0  libinit2.o(.ARM.Collect$$libinit$$00000011)
    .ARM.Collect$$libinit$$00000013          0x08009162   Section        0  libinit2.o(.ARM.Collect$$libinit$$00000013)
    .ARM.Collect$$libinit$$00000015          0x08009162   Section        0  libinit2.o(.ARM.Collect$$libinit$$00000015)
    .ARM.Collect$$libinit$$00000017          0x08009162   Section        0  libinit2.o(.ARM.Collect$$libinit$$00000017)
    .ARM.Collect$$libinit$$00000019          0x08009162   Section        0  libinit2.o(.ARM.Collect$$libinit$$00000019)
    .ARM.Collect$$libinit$$0000001B          0x08009162   Section        0  libinit2.o(.ARM.Collect$$libinit$$0000001B)
    .ARM.Collect$$libinit$$0000001D          0x08009162   Section        0  libinit2.o(.ARM.Collect$$libinit$$0000001D)
    .ARM.Collect$$libinit$$0000001F          0x08009162   Section        0  libinit2.o(.ARM.Collect$$libinit$$0000001F)
    .ARM.Collect$$libinit$$00000021          0x08009162   Section        0  libinit2.o(.ARM.Collect$$libinit$$00000021)
    .ARM.Collect$$libinit$$00000023          0x08009162   Section        0  libinit2.o(.ARM.Collect$$libinit$$00000023)
    .ARM.Collect$$libinit$$00000025          0x08009162   Section        0  libinit2.o(.ARM.Collect$$libinit$$00000025)
    .ARM.Collect$$libinit$$0000002C          0x08009162   Section        0  libinit2.o(.ARM.Collect$$libinit$$0000002C)
    .ARM.Collect$$libinit$$0000002E          0x08009162   Section        0  libinit2.o(.ARM.Collect$$libinit$$0000002E)
    .ARM.Collect$$libinit$$00000030          0x08009162   Section        0  libinit2.o(.ARM.Collect$$libinit$$00000030)
    .ARM.Collect$$libinit$$00000032          0x08009162   Section        0  libinit2.o(.ARM.Collect$$libinit$$00000032)
    .ARM.Collect$$libinit$$00000033          0x08009162   Section        2  libinit2.o(.ARM.Collect$$libinit$$00000033)
    .ARM.Collect$$libshutdown$$00000000      0x08009164   Section        2  libshutdown.o(.ARM.Collect$$libshutdown$$00000000)
    .ARM.Collect$$libshutdown$$00000002      0x08009166   Section        0  libshutdown2.o(.ARM.Collect$$libshutdown$$00000002)
    .ARM.Collect$$libshutdown$$00000004      0x08009166   Section        0  libshutdown2.o(.ARM.Collect$$libshutdown$$00000004)
    .ARM.Collect$$libshutdown$$00000007      0x08009166   Section        0  libshutdown2.o(.ARM.Collect$$libshutdown$$00000007)
    .ARM.Collect$$libshutdown$$0000000A      0x08009166   Section        0  libshutdown2.o(.ARM.Collect$$libshutdown$$0000000A)
    .ARM.Collect$$libshutdown$$0000000C      0x08009166   Section        0  libshutdown2.o(.ARM.Collect$$libshutdown$$0000000C)
    .ARM.Collect$$libshutdown$$0000000F      0x08009166   Section        0  libshutdown2.o(.ARM.Collect$$libshutdown$$0000000F)
    .ARM.Collect$$libshutdown$$00000010      0x08009166   Section        2  libshutdown2.o(.ARM.Collect$$libshutdown$$00000010)
    .ARM.Collect$$rtentry$$00000000          0x08009168   Section        0  __rtentry.o(.ARM.Collect$$rtentry$$00000000)
    .ARM.Collect$$rtentry$$00000002          0x08009168   Section        0  __rtentry2.o(.ARM.Collect$$rtentry$$00000002)
    .ARM.Collect$$rtentry$$00000004          0x08009168   Section        6  __rtentry4.o(.ARM.Collect$$rtentry$$00000004)
    .ARM.Collect$$rtentry$$00000009          0x0800916e   Section        0  __rtentry2.o(.ARM.Collect$$rtentry$$00000009)
    .ARM.Collect$$rtentry$$0000000A          0x0800916e   Section        4  __rtentry2.o(.ARM.Collect$$rtentry$$0000000A)
    .ARM.Collect$$rtentry$$0000000C          0x08009172   Section        0  __rtentry2.o(.ARM.Collect$$rtentry$$0000000C)
    .ARM.Collect$$rtentry$$0000000D          0x08009172   Section        8  __rtentry2.o(.ARM.Collect$$rtentry$$0000000D)
    .ARM.Collect$$rtexit$$00000000           0x0800917a   Section        2  rtexit.o(.ARM.Collect$$rtexit$$00000000)
    .ARM.Collect$$rtexit$$00000002           0x0800917c   Section        0  rtexit2.o(.ARM.Collect$$rtexit$$00000002)
    .ARM.Collect$$rtexit$$00000003           0x0800917c   Section        4  rtexit2.o(.ARM.Collect$$rtexit$$00000003)
    .ARM.Collect$$rtexit$$00000004           0x08009180   Section        6  rtexit2.o(.ARM.Collect$$rtexit$$00000004)
    .text                                    0x08009188   Section       64  startup_stm32f103xb.o(.text)
    .text                                    0x080091c8   Section        0  heapauxi.o(.text)
    .text                                    0x080091ce   Section       74  sys_stackheap_outer.o(.text)
    .text                                    0x08009218   Section        0  exit.o(.text)
    .text                                    0x0800922c   Section        8  libspace.o(.text)
    .text                                    0x08009234   Section        0  sys_exit.o(.text)
    .text                                    0x08009240   Section        2  use_no_semi.o(.text)
    .text                                    0x08009242   Section        0  indicate_semi.o(.text)
    i.AddressPeripheral                      0x08009244   Section        0  dma_handmade.o(i.AddressPeripheral)
    i.BusFault_Handler                       0x08009258   Section        0  stm32f1xx_it.o(i.BusFault_Handler)
    i.DebugMon_Handler                       0x0800925a   Section        0  stm32f1xx_it.o(i.DebugMon_Handler)
    i.Delay_SysTick                          0x0800925c   Section        0  systick_handmade.o(i.Delay_SysTick)
    i.EnableInterrupt_RX_UARTx               0x08009298   Section        0  uart_handmade.o(i.EnableInterrupt_RX_UARTx)
    i.Enable_Clock_RCC_APB1                  0x080092c4   Section        0  rcc_handmade.o(i.Enable_Clock_RCC_APB1)
    i.Enable_Clock_RCC_APB2                  0x080092e0   Section        0  rcc_handmade.o(i.Enable_Clock_RCC_APB2)
    i.Enable_Intterupt_NVIC                  0x080092fc   Section        0  nvic_handmade.o(i.Enable_Intterupt_NVIC)
    i.Flash_AdjustForCLK                     0x08009318   Section        0  flash_handmade.o(i.Flash_AdjustForCLK)
    i.HAL_IncTick                            0x0800938c   Section        0  stm32f1xx_hal.o(i.HAL_IncTick)
    i.HAL_Init                               0x0800939c   Section        0  stm32f1xx_hal.o(i.HAL_Init)
    i.HAL_InitTick                           0x080093c0   Section        0  stm32f1xx_hal.o(i.HAL_InitTick)
    i.HAL_MspInit                            0x08009400   Section        0  stm32f1xx_hal_msp.o(i.HAL_MspInit)
    i.HAL_NVIC_SetPriority                   0x0800943c   Section        0  stm32f1xx_hal_cortex.o(i.HAL_NVIC_SetPriority)
    i.HAL_NVIC_SetPriorityGrouping           0x0800947c   Section        0  stm32f1xx_hal_cortex.o(i.HAL_NVIC_SetPriorityGrouping)
    i.HAL_SYSTICK_Config                     0x080094a0   Section        0  stm32f1xx_hal_cortex.o(i.HAL_SYSTICK_Config)
    i.HardFault_Handler                      0x080094c8   Section        0  stm32f1xx_it.o(i.HardFault_Handler)
    i.InitDataManager                        0x080094cc   Section        0  uart_data_manager.o(i.InitDataManager)
    i.InitDataToESP32                        0x080094f0   Section        0  uart_data_manager.o(i.InitDataToESP32)
    i.InitGPIO                               0x080095bc   Section        0  gpio_handmade.o(i.InitGPIO)
    i.InitGPIO_Control_Device                0x08009644   Section        0  initsystemperipheral.o(i.InitGPIO_Control_Device)
    i.InitSystemPeripheral                   0x08009670   Section        0  initsystemperipheral.o(i.InitSystemPeripheral)
    i.MemManage_Handler                      0x080096ac   Section        0  stm32f1xx_it.o(i.MemManage_Handler)
    i.NMI_Handler                            0x080096ae   Section        0  stm32f1xx_it.o(i.NMI_Handler)
    i.PendSV_Handler                         0x080096b0   Section        0  stm32f1xx_it.o(i.PendSV_Handler)
    i.ReciveUART                             0x080096b4   Section        0  uart_data_manager.o(i.ReciveUART)
    i.SVC_Handler                            0x080096ec   Section        0  stm32f1xx_it.o(i.SVC_Handler)
    i.Select_Frequency_CLK                   0x080096f0   Section        0  rcc_handmade.o(i.Select_Frequency_CLK)
    i.Select_Prescaler_RCC                   0x080097e8   Section        0  rcc_handmade.o(i.Select_Prescaler_RCC)
    i.Select_Sources_Clock                   0x08009884   Section        0  rcc_handmade.o(i.Select_Sources_Clock)
    i.SysTick_Handler                        0x080098c4   Section        0  stm32f1xx_it.o(i.SysTick_Handler)
    i.SysTick_Init                           0x080098c8   Section        0  systick_handmade.o(i.SysTick_Init)
    i.SystemInit                             0x08009910   Section        0  system_stm32f1xx.o(i.SystemInit)
    i.TransmitDataUART                       0x08009914   Section        0  uart_handmade.o(i.TransmitDataUART)
    i.UARTInit                               0x08009954   Section        0  uart_handmade.o(i.UARTInit)
    i.UART_Controller                        0x08009b78   Section        0  uart_data_manager.o(i.UART_Controller)
    i.USART1_IRQHandler                      0x08009bb4   Section        0  main.o(i.USART1_IRQHandler)
    i.UsageFault_Handler                     0x08009bc4   Section        0  stm32f1xx_it.o(i.UsageFault_Handler)
    i.WritePin                               0x08009bc8   Section        0  gpio_handmade.o(i.WritePin)
    i.__NVIC_SetPriority                     0x08009c10   Section        0  stm32f1xx_hal_cortex.o(i.__NVIC_SetPriority)
    __NVIC_SetPriority                       0x08009c11   Thumb Code    32  stm32f1xx_hal_cortex.o(i.__NVIC_SetPriority)
    i.getDataSensor_ControlDevice            0x08009c30   Section        0  uart_data_manager.o(i.getDataSensor_ControlDevice)
    i.getFrequencyAPB1                       0x08009cc8   Section        0  rcc_handmade.o(i.getFrequencyAPB1)
    i.getFrequencyAPB2                       0x08009ce8   Section        0  rcc_handmade.o(i.getFrequencyAPB2)
    i.getFrequencyRCC                        0x08009d08   Section        0  rcc_handmade.o(i.getFrequencyRCC)
    i.init_RCC                               0x08009d14   Section        0  rcc_handmade.o(i.init_RCC)
    i.main                                   0x08009d70   Section        0  main.o(i.main)
    x$fpl$fadd                               0x08009db4   Section      196  faddsub_clz.o(x$fpl$fadd)
    _fadd1                                   0x08009dc3   Thumb Code     0  faddsub_clz.o(x$fpl$fadd)
    x$fpl$fcheck1                            0x08009e78   Section       12  fcheck1.o(x$fpl$fcheck1)
    x$fpl$fdiv                               0x08009e84   Section      388  fdiv.o(x$fpl$fdiv)
    _fdiv1                                   0x08009e85   Thumb Code     0  fdiv.o(x$fpl$fdiv)
    x$fpl$ffixu                              0x0800a008   Section       62  ffixu.o(x$fpl$ffixu)
    x$fpl$ffltu                              0x0800a048   Section       38  fflt_clz.o(x$fpl$ffltu)
    x$fpl$fnaninf                            0x0800a06e   Section      140  fnaninf.o(x$fpl$fnaninf)
    x$fpl$fretinf                            0x0800a0fa   Section       10  fretinf.o(x$fpl$fretinf)
    x$fpl$frsb                               0x0800a104   Section       20  faddsub_clz.o(x$fpl$frsb)
    x$fpl$fsub                               0x0800a118   Section      234  faddsub_clz.o(x$fpl$fsub)
    _fsub1                                   0x0800a127   Thumb Code     0  faddsub_clz.o(x$fpl$fsub)
    x$fpl$retnan                             0x0800a202   Section      100  retnan.o(x$fpl$retnan)
    x$fpl$scalbnf                            0x0800a266   Section       76  scalbnf.o(x$fpl$scalbnf)
    x$fpl$trapveneer                         0x0800a2b2   Section       48  trapv.o(x$fpl$trapveneer)
    x$fpl$usenofp                            0x0800a2e2   Section        0  usenofp.o(x$fpl$usenofp)
    .constdata                               0x0800a2e4   Section        8  initsystemperipheral.o(.constdata)
    .data                                    0x20000000   Section      124  main.o(.data)
    .data                                    0x2000007c   Section       12  stm32f1xx_hal.o(.data)
    .data                                    0x20000088   Section        4  system_stm32f1xx.o(.data)
    .data                                    0x2000008c   Section       28  gpio_handmade.o(.data)
    GPIO_List                                0x2000008c   Data          28  gpio_handmade.o(.data)
    .data                                    0x200000a8   Section        8  rcc_handmade.o(.data)
    .data                                    0x200000b0   Section       16  uart_handmade.o(.data)
    idx                                      0x200000b0   Data           1  uart_handmade.o(.data)
    .data                                    0x200000c0   Section       76  initsystemperipheral.o(.data)
    .data                                    0x2000010c   Section        4  uart_data_manager.o(.data)
    .bss                                     0x20000110   Section       96  libspace.o(.bss)
    HEAP                                     0x20000170   Section      512  startup_stm32f103xb.o(HEAP)
    Heap_Mem                                 0x20000170   Data         512  startup_stm32f103xb.o(HEAP)
    STACK                                    0x20000370   Section     1024  startup_stm32f103xb.o(STACK)
    Stack_Mem                                0x20000370   Data        1024  startup_stm32f103xb.o(STACK)
    __initial_sp                             0x20000770   Data           0  startup_stm32f103xb.o(STACK)

    Global Symbols

    Symbol Name                              Value     Ov Type        Size  Object(Section)

    BuildAttributes$$THM_ISAv4$P$D$K$B$S$PE$A:L22UL41UL21$X:L11$S22US41US21$IEEE1$IW$USESV6$~STKCKD$USESV7$~SHL$OSPACE$ROPI$EBA8$UX$STANDARDLIB$REQ8$PRES8$EABIv2 0x00000000   Number         0  anon$$obj.o ABSOLUTE
    __ARM_use_no_argv                        0x00000000   Number         0  main.o ABSOLUTE
    __ARM_exceptions_init                     - Undefined Weak Reference
    __alloca_initialize                       - Undefined Weak Reference
    __arm_preinit_                            - Undefined Weak Reference
    __cpp_initialize__aeabi_                  - Undefined Weak Reference
    __cxa_finalize                            - Undefined Weak Reference
    __rt_locale                               - Undefined Weak Reference
    __sigvec_lookup                           - Undefined Weak Reference
    _atexit_init                              - Undefined Weak Reference
    _call_atexit_fns                          - Undefined Weak Reference
    _clock_init                               - Undefined Weak Reference
    _fp_trap_init                             - Undefined Weak Reference
    _fp_trap_shutdown                         - Undefined Weak Reference
    _get_lc_collate                           - Undefined Weak Reference
    _get_lc_ctype                             - Undefined Weak Reference
    _get_lc_monetary                          - Undefined Weak Reference
    _get_lc_numeric                           - Undefined Weak Reference
    _get_lc_time                              - Undefined Weak Reference
    _getenv_init                              - Undefined Weak Reference
    _handle_redirection                       - Undefined Weak Reference
    _init_alloc                               - Undefined Weak Reference
    _init_user_alloc                          - Undefined Weak Reference
    _initio                                   - Undefined Weak Reference
    _rand_init                                - Undefined Weak Reference
    _signal_finish                            - Undefined Weak Reference
    _signal_init                              - Undefined Weak Reference
    _terminate_alloc                          - Undefined Weak Reference
    _terminate_user_alloc                     - Undefined Weak Reference
    _terminateio                              - Undefined Weak Reference
    __Vectors_Size                           0x000000ec   Number         0  startup_stm32f103xb.o ABSOLUTE
    __Vectors                                0x08009000   Data           4  startup_stm32f103xb.o(RESET)
    __Vectors_End                            0x080090ec   Data           0  startup_stm32f103xb.o(RESET)
    __main                                   0x080090ed   Thumb Code     8  __main.o(!!!main)
    __scatterload                            0x080090f5   Thumb Code     0  __scatter.o(!!!scatter)
    __scatterload_rt2                        0x080090f5   Thumb Code    44  __scatter.o(!!!scatter)
    __scatterload_rt2_thumb_only             0x080090f5   Thumb Code     0  __scatter.o(!!!scatter)
    __scatterload_null                       0x08009103   Thumb Code     0  __scatter.o(!!!scatter)
    __scatterload_copy                       0x08009129   Thumb Code    26  __scatter_copy.o(!!handler_copy)
    __scatterload_zeroinit                   0x08009145   Thumb Code    28  __scatter_zi.o(!!handler_zi)
    __rt_lib_init                            0x08009161   Thumb Code     0  libinit.o(.ARM.Collect$$libinit$$00000000)
    __rt_lib_init_alloca_1                   0x08009163   Thumb Code     0  libinit2.o(.ARM.Collect$$libinit$$0000002E)
    __rt_lib_init_argv_1                     0x08009163   Thumb Code     0  libinit2.o(.ARM.Collect$$libinit$$0000002C)
    __rt_lib_init_atexit_1                   0x08009163   Thumb Code     0  libinit2.o(.ARM.Collect$$libinit$$0000001B)
    __rt_lib_init_clock_1                    0x08009163   Thumb Code     0  libinit2.o(.ARM.Collect$$libinit$$00000021)
    __rt_lib_init_cpp_1                      0x08009163   Thumb Code     0  libinit2.o(.ARM.Collect$$libinit$$00000032)
    __rt_lib_init_exceptions_1               0x08009163   Thumb Code     0  libinit2.o(.ARM.Collect$$libinit$$00000030)
    __rt_lib_init_fp_1                       0x08009163   Thumb Code     0  libinit2.o(.ARM.Collect$$libinit$$00000002)
    __rt_lib_init_fp_trap_1                  0x08009163   Thumb Code     0  libinit2.o(.ARM.Collect$$libinit$$0000001F)
    __rt_lib_init_getenv_1                   0x08009163   Thumb Code     0  libinit2.o(.ARM.Collect$$libinit$$00000023)
    __rt_lib_init_heap_1                     0x08009163   Thumb Code     0  libinit2.o(.ARM.Collect$$libinit$$0000000A)
    __rt_lib_init_lc_collate_1               0x08009163   Thumb Code     0  libinit2.o(.ARM.Collect$$libinit$$00000011)
    __rt_lib_init_lc_ctype_1                 0x08009163   Thumb Code     0  libinit2.o(.ARM.Collect$$libinit$$00000013)
    __rt_lib_init_lc_monetary_1              0x08009163   Thumb Code     0  libinit2.o(.ARM.Collect$$libinit$$00000015)
    __rt_lib_init_lc_numeric_1               0x08009163   Thumb Code     0  libinit2.o(.ARM.Collect$$libinit$$00000017)
    __rt_lib_init_lc_time_1                  0x08009163   Thumb Code     0  libinit2.o(.ARM.Collect$$libinit$$00000019)
    __rt_lib_init_preinit_1                  0x08009163   Thumb Code     0  libinit2.o(.ARM.Collect$$libinit$$00000004)
    __rt_lib_init_rand_1                     0x08009163   Thumb Code     0  libinit2.o(.ARM.Collect$$libinit$$0000000E)
    __rt_lib_init_return                     0x08009163   Thumb Code     0  libinit2.o(.ARM.Collect$$libinit$$00000033)
    __rt_lib_init_signal_1                   0x08009163   Thumb Code     0  libinit2.o(.ARM.Collect$$libinit$$0000001D)
    __rt_lib_init_stdio_1                    0x08009163   Thumb Code     0  libinit2.o(.ARM.Collect$$libinit$$00000025)
    __rt_lib_init_user_alloc_1               0x08009163   Thumb Code     0  libinit2.o(.ARM.Collect$$libinit$$0000000C)
    __rt_lib_shutdown                        0x08009165   Thumb Code     0  libshutdown.o(.ARM.Collect$$libshutdown$$00000000)
    __rt_lib_shutdown_cpp_1                  0x08009167   Thumb Code     0  libshutdown2.o(.ARM.Collect$$libshutdown$$00000002)
    __rt_lib_shutdown_fp_trap_1              0x08009167   Thumb Code     0  libshutdown2.o(.ARM.Collect$$libshutdown$$00000007)
    __rt_lib_shutdown_heap_1                 0x08009167   Thumb Code     0  libshutdown2.o(.ARM.Collect$$libshutdown$$0000000F)
    __rt_lib_shutdown_return                 0x08009167   Thumb Code     0  libshutdown2.o(.ARM.Collect$$libshutdown$$00000010)
    __rt_lib_shutdown_signal_1               0x08009167   Thumb Code     0  libshutdown2.o(.ARM.Collect$$libshutdown$$0000000A)
    __rt_lib_shutdown_stdio_1                0x08009167   Thumb Code     0  libshutdown2.o(.ARM.Collect$$libshutdown$$00000004)
    __rt_lib_shutdown_user_alloc_1           0x08009167   Thumb Code     0  libshutdown2.o(.ARM.Collect$$libshutdown$$0000000C)
    __rt_entry                               0x08009169   Thumb Code     0  __rtentry.o(.ARM.Collect$$rtentry$$00000000)
    __rt_entry_presh_1                       0x08009169   Thumb Code     0  __rtentry2.o(.ARM.Collect$$rtentry$$00000002)
    __rt_entry_sh                            0x08009169   Thumb Code     0  __rtentry4.o(.ARM.Collect$$rtentry$$00000004)
    __rt_entry_li                            0x0800916f   Thumb Code     0  __rtentry2.o(.ARM.Collect$$rtentry$$0000000A)
    __rt_entry_postsh_1                      0x0800916f   Thumb Code     0  __rtentry2.o(.ARM.Collect$$rtentry$$00000009)
    __rt_entry_main                          0x08009173   Thumb Code     0  __rtentry2.o(.ARM.Collect$$rtentry$$0000000D)
    __rt_entry_postli_1                      0x08009173   Thumb Code     0  __rtentry2.o(.ARM.Collect$$rtentry$$0000000C)
    __rt_exit                                0x0800917b   Thumb Code     0  rtexit.o(.ARM.Collect$$rtexit$$00000000)
    __rt_exit_ls                             0x0800917d   Thumb Code     0  rtexit2.o(.ARM.Collect$$rtexit$$00000003)
    __rt_exit_prels_1                        0x0800917d   Thumb Code     0  rtexit2.o(.ARM.Collect$$rtexit$$00000002)
    __rt_exit_exit                           0x08009181   Thumb Code     0  rtexit2.o(.ARM.Collect$$rtexit$$00000004)
    Reset_Handler                            0x08009189   Thumb Code     8  startup_stm32f103xb.o(.text)
    ADC1_2_IRQHandler                        0x080091a3   Thumb Code     0  startup_stm32f103xb.o(.text)
    CAN1_RX1_IRQHandler                      0x080091a3   Thumb Code     0  startup_stm32f103xb.o(.text)
    CAN1_SCE_IRQHandler                      0x080091a3   Thumb Code     0  startup_stm32f103xb.o(.text)
    DMA1_Channel1_IRQHandler                 0x080091a3   Thumb Code     0  startup_stm32f103xb.o(.text)
    DMA1_Channel2_IRQHandler                 0x080091a3   Thumb Code     0  startup_stm32f103xb.o(.text)
    DMA1_Channel3_IRQHandler                 0x080091a3   Thumb Code     0  startup_stm32f103xb.o(.text)
    DMA1_Channel4_IRQHandler                 0x080091a3   Thumb Code     0  startup_stm32f103xb.o(.text)
    DMA1_Channel5_IRQHandler                 0x080091a3   Thumb Code     0  startup_stm32f103xb.o(.text)
    DMA1_Channel6_IRQHandler                 0x080091a3   Thumb Code     0  startup_stm32f103xb.o(.text)
    DMA1_Channel7_IRQHandler                 0x080091a3   Thumb Code     0  startup_stm32f103xb.o(.text)
    EXTI0_IRQHandler                         0x080091a3   Thumb Code     0  startup_stm32f103xb.o(.text)
    EXTI15_10_IRQHandler                     0x080091a3   Thumb Code     0  startup_stm32f103xb.o(.text)
    EXTI1_IRQHandler                         0x080091a3   Thumb Code     0  startup_stm32f103xb.o(.text)
    EXTI2_IRQHandler                         0x080091a3   Thumb Code     0  startup_stm32f103xb.o(.text)
    EXTI3_IRQHandler                         0x080091a3   Thumb Code     0  startup_stm32f103xb.o(.text)
    EXTI4_IRQHandler                         0x080091a3   Thumb Code     0  startup_stm32f103xb.o(.text)
    EXTI9_5_IRQHandler                       0x080091a3   Thumb Code     0  startup_stm32f103xb.o(.text)
    FLASH_IRQHandler                         0x080091a3   Thumb Code     0  startup_stm32f103xb.o(.text)
    I2C1_ER_IRQHandler                       0x080091a3   Thumb Code     0  startup_stm32f103xb.o(.text)
    I2C1_EV_IRQHandler                       0x080091a3   Thumb Code     0  startup_stm32f103xb.o(.text)
    I2C2_ER_IRQHandler                       0x080091a3   Thumb Code     0  startup_stm32f103xb.o(.text)
    I2C2_EV_IRQHandler                       0x080091a3   Thumb Code     0  startup_stm32f103xb.o(.text)
    PVD_IRQHandler                           0x080091a3   Thumb Code     0  startup_stm32f103xb.o(.text)
    RCC_IRQHandler                           0x080091a3   Thumb Code     0  startup_stm32f103xb.o(.text)
    RTC_Alarm_IRQHandler                     0x080091a3   Thumb Code     0  startup_stm32f103xb.o(.text)
    RTC_IRQHandler                           0x080091a3   Thumb Code     0  startup_stm32f103xb.o(.text)
    SPI1_IRQHandler                          0x080091a3   Thumb Code     0  startup_stm32f103xb.o(.text)
    SPI2_IRQHandler                          0x080091a3   Thumb Code     0  startup_stm32f103xb.o(.text)
    TAMPER_IRQHandler                        0x080091a3   Thumb Code     0  startup_stm32f103xb.o(.text)
    TIM1_BRK_IRQHandler                      0x080091a3   Thumb Code     0  startup_stm32f103xb.o(.text)
    TIM1_CC_IRQHandler                       0x080091a3   Thumb Code     0  startup_stm32f103xb.o(.text)
    TIM1_TRG_COM_IRQHandler                  0x080091a3   Thumb Code     0  startup_stm32f103xb.o(.text)
    TIM1_UP_IRQHandler                       0x080091a3   Thumb Code     0  startup_stm32f103xb.o(.text)
    TIM2_IRQHandler                          0x080091a3   Thumb Code     0  startup_stm32f103xb.o(.text)
    TIM3_IRQHandler                          0x080091a3   Thumb Code     0  startup_stm32f103xb.o(.text)
    TIM4_IRQHandler                          0x080091a3   Thumb Code     0  startup_stm32f103xb.o(.text)
    USART2_IRQHandler                        0x080091a3   Thumb Code     0  startup_stm32f103xb.o(.text)
    USART3_IRQHandler                        0x080091a3   Thumb Code     0  startup_stm32f103xb.o(.text)
    USBWakeUp_IRQHandler                     0x080091a3   Thumb Code     0  startup_stm32f103xb.o(.text)
    USB_HP_CAN1_TX_IRQHandler                0x080091a3   Thumb Code     0  startup_stm32f103xb.o(.text)
    USB_LP_CAN1_RX0_IRQHandler               0x080091a3   Thumb Code     0  startup_stm32f103xb.o(.text)
    WWDG_IRQHandler                          0x080091a3   Thumb Code     0  startup_stm32f103xb.o(.text)
    __user_initial_stackheap                 0x080091a5   Thumb Code     0  startup_stm32f103xb.o(.text)
    __use_two_region_memory                  0x080091c9   Thumb Code     2  heapauxi.o(.text)
    __rt_heap_escrow$2region                 0x080091cb   Thumb Code     2  heapauxi.o(.text)
    __rt_heap_expand$2region                 0x080091cd   Thumb Code     2  heapauxi.o(.text)
    __user_setup_stackheap                   0x080091cf   Thumb Code    74  sys_stackheap_outer.o(.text)
    exit                                     0x08009219   Thumb Code    18  exit.o(.text)
    __user_libspace                          0x0800922d   Thumb Code     8  libspace.o(.text)
    __user_perproc_libspace                  0x0800922d   Thumb Code     0  libspace.o(.text)
    __user_perthread_libspace                0x0800922d   Thumb Code     0  libspace.o(.text)
    _sys_exit                                0x08009235   Thumb Code     8  sys_exit.o(.text)
    __I$use$semihosting                      0x08009241   Thumb Code     0  use_no_semi.o(.text)
    __use_no_semihosting_swi                 0x08009241   Thumb Code     2  use_no_semi.o(.text)
    __semihosting_library_function           0x08009243   Thumb Code     0  indicate_semi.o(.text)
    AddressPeripheral                        0x08009245   Thumb Code    16  dma_handmade.o(i.AddressPeripheral)
    BusFault_Handler                         0x08009259   Thumb Code     2  stm32f1xx_it.o(i.BusFault_Handler)
    DebugMon_Handler                         0x0800925b   Thumb Code     2  stm32f1xx_it.o(i.DebugMon_Handler)
    Delay_SysTick                            0x0800925d   Thumb Code    60  systick_handmade.o(i.Delay_SysTick)
    EnableInterrupt_RX_UARTx                 0x08009299   Thumb Code    38  uart_handmade.o(i.EnableInterrupt_RX_UARTx)
    Enable_Clock_RCC_APB1                    0x080092c5   Thumb Code    22  rcc_handmade.o(i.Enable_Clock_RCC_APB1)
    Enable_Clock_RCC_APB2                    0x080092e1   Thumb Code    22  rcc_handmade.o(i.Enable_Clock_RCC_APB2)
    Enable_Intterupt_NVIC                    0x080092fd   Thumb Code    28  nvic_handmade.o(i.Enable_Intterupt_NVIC)
    Flash_AdjustForCLK                       0x08009319   Thumb Code    90  flash_handmade.o(i.Flash_AdjustForCLK)
    HAL_IncTick                              0x0800938d   Thumb Code    12  stm32f1xx_hal.o(i.HAL_IncTick)
    HAL_Init                                 0x0800939d   Thumb Code    32  stm32f1xx_hal.o(i.HAL_Init)
    HAL_InitTick                             0x080093c1   Thumb Code    54  stm32f1xx_hal.o(i.HAL_InitTick)
    HAL_MspInit                              0x08009401   Thumb Code    52  stm32f1xx_hal_msp.o(i.HAL_MspInit)
    HAL_NVIC_SetPriority                     0x0800943d   Thumb Code    60  stm32f1xx_hal_cortex.o(i.HAL_NVIC_SetPriority)
    HAL_NVIC_SetPriorityGrouping             0x0800947d   Thumb Code    26  stm32f1xx_hal_cortex.o(i.HAL_NVIC_SetPriorityGrouping)
    HAL_SYSTICK_Config                       0x080094a1   Thumb Code    40  stm32f1xx_hal_cortex.o(i.HAL_SYSTICK_Config)
    HardFault_Handler                        0x080094c9   Thumb Code     2  stm32f1xx_it.o(i.HardFault_Handler)
    InitDataManager                          0x080094cd   Thumb Code    28  uart_data_manager.o(i.InitDataManager)
    InitDataToESP32                          0x080094f1   Thumb Code   192  uart_data_manager.o(i.InitDataToESP32)
    InitGPIO                                 0x080095bd   Thumb Code   130  gpio_handmade.o(i.InitGPIO)
    InitGPIO_Control_Device                  0x08009645   Thumb Code    40  initsystemperipheral.o(i.InitGPIO_Control_Device)
    InitSystemPeripheral                     0x08009671   Thumb Code    54  initsystemperipheral.o(i.InitSystemPeripheral)
    MemManage_Handler                        0x080096ad   Thumb Code     2  stm32f1xx_it.o(i.MemManage_Handler)
    NMI_Handler                              0x080096af   Thumb Code     2  stm32f1xx_it.o(i.NMI_Handler)
    PendSV_Handler                           0x080096b1   Thumb Code     2  stm32f1xx_it.o(i.PendSV_Handler)
    ReciveUART                               0x080096b5   Thumb Code    52  uart_data_manager.o(i.ReciveUART)
    SVC_Handler                              0x080096ed   Thumb Code     2  stm32f1xx_it.o(i.SVC_Handler)
    Select_Frequency_CLK                     0x080096f1   Thumb Code   216  rcc_handmade.o(i.Select_Frequency_CLK)
    Select_Prescaler_RCC                     0x080097e9   Thumb Code   148  rcc_handmade.o(i.Select_Prescaler_RCC)
    Select_Sources_Clock                     0x08009885   Thumb Code    58  rcc_handmade.o(i.Select_Sources_Clock)
    SysTick_Handler                          0x080098c5   Thumb Code     4  stm32f1xx_it.o(i.SysTick_Handler)
    SysTick_Init                             0x080098c9   Thumb Code    72  systick_handmade.o(i.SysTick_Init)
    SystemInit                               0x08009911   Thumb Code     2  system_stm32f1xx.o(i.SystemInit)
    TransmitDataUART                         0x08009915   Thumb Code    58  uart_handmade.o(i.TransmitDataUART)
    UARTInit                                 0x08009955   Thumb Code   544  uart_handmade.o(i.UARTInit)
    UART_Controller                          0x08009b79   Thumb Code    54  uart_data_manager.o(i.UART_Controller)
    USART1_IRQHandler                        0x08009bb5   Thumb Code    10  main.o(i.USART1_IRQHandler)
    UsageFault_Handler                       0x08009bc5   Thumb Code     2  stm32f1xx_it.o(i.UsageFault_Handler)
    WritePin                                 0x08009bc9   Thumb Code    68  gpio_handmade.o(i.WritePin)
    getDataSensor_ControlDevice              0x08009c31   Thumb Code   146  uart_data_manager.o(i.getDataSensor_ControlDevice)
    getFrequencyAPB1                         0x08009cc9   Thumb Code    28  rcc_handmade.o(i.getFrequencyAPB1)
    getFrequencyAPB2                         0x08009ce9   Thumb Code    28  rcc_handmade.o(i.getFrequencyAPB2)
    getFrequencyRCC                          0x08009d09   Thumb Code     6  rcc_handmade.o(i.getFrequencyRCC)
    init_RCC                                 0x08009d15   Thumb Code    82  rcc_handmade.o(i.init_RCC)
    main                                     0x08009d71   Thumb Code    56  main.o(i.main)
    __aeabi_fadd                             0x08009db5   Thumb Code     0  faddsub_clz.o(x$fpl$fadd)
    _fadd                                    0x08009db5   Thumb Code   196  faddsub_clz.o(x$fpl$fadd)
    __fpl_fcheck_NaN1                        0x08009e79   Thumb Code     6  fcheck1.o(x$fpl$fcheck1)
    __aeabi_fdiv                             0x08009e85   Thumb Code     0  fdiv.o(x$fpl$fdiv)
    _fdiv                                    0x08009e85   Thumb Code   384  fdiv.o(x$fpl$fdiv)
    __aeabi_f2uiz                            0x0800a009   Thumb Code     0  ffixu.o(x$fpl$ffixu)
    _ffixu                                   0x0800a009   Thumb Code    62  ffixu.o(x$fpl$ffixu)
    __aeabi_ui2f                             0x0800a049   Thumb Code     0  fflt_clz.o(x$fpl$ffltu)
    _ffltu                                   0x0800a049   Thumb Code    38  fflt_clz.o(x$fpl$ffltu)
    __fpl_fnaninf                            0x0800a06f   Thumb Code   140  fnaninf.o(x$fpl$fnaninf)
    __fpl_fretinf                            0x0800a0fb   Thumb Code    10  fretinf.o(x$fpl$fretinf)
    __aeabi_frsub                            0x0800a105   Thumb Code     0  faddsub_clz.o(x$fpl$frsb)
    _frsb                                    0x0800a105   Thumb Code    20  faddsub_clz.o(x$fpl$frsb)
    __aeabi_fsub                             0x0800a119   Thumb Code     0  faddsub_clz.o(x$fpl$fsub)
    _fsub                                    0x0800a119   Thumb Code   234  faddsub_clz.o(x$fpl$fsub)
    __fpl_return_NaN                         0x0800a203   Thumb Code   100  retnan.o(x$fpl$retnan)
    __ARM_scalbnf                            0x0800a267   Thumb Code    76  scalbnf.o(x$fpl$scalbnf)
    __fpl_cmpreturn                          0x0800a2b3   Thumb Code    48  trapv.o(x$fpl$trapveneer)
    __I$use$fp                               0x0800a2e2   Number         0  usenofp.o(x$fpl$usenofp)
    Region$$Table$$Base                      0x0800a2ec   Number         0  anon$$obj.o(Region$$Table)
    Region$$Table$$Limit                     0x0800a30c   Number         0  anon$$obj.o(Region$$Table)
    Data_Manager                             0x20000000   Data         124  main.o(.data)
    uwTickFreq                               0x2000007c   Data           1  stm32f1xx_hal.o(.data)
    uwTickPrio                               0x20000080   Data           4  stm32f1xx_hal.o(.data)
    uwTick                                   0x20000084   Data           4  stm32f1xx_hal.o(.data)
    SystemCoreClock                          0x20000088   Data           4  system_stm32f1xx.o(.data)
    PPRE1_Prescaler                          0x200000a8   Data           1  rcc_handmade.o(.data)
    PPRE2_Prescaler                          0x200000a9   Data           1  rcc_handmade.o(.data)
    HPRE_Prescaler                           0x200000aa   Data           1  rcc_handmade.o(.data)
    Frequency_RCC                            0x200000ac   Data           4  rcc_handmade.o(.data)
    UART_List                                0x200000b4   Data          12  uart_handmade.o(.data)
    LED                                      0x200000c0   Data           4  initsystemperipheral.o(.data)
    config_input                             0x200000c4   Data           4  initsystemperipheral.o(.data)
    SysTickConfigDefault                     0x200000c8   Data           8  initsystemperipheral.o(.data)
    rccconfigDefault                         0x200000d0   Data           8  initsystemperipheral.o(.data)
    uartConfigDefault                        0x200000d8   Data          52  initsystemperipheral.o(.data)
    DataManager                              0x2000010c   Data           4  uart_data_manager.o(.data)
    __libspace_start                         0x20000110   Data          96  libspace.o(.bss)
    __temporary_stack_top$libspace           0x20000170   Data           0  libspace.o(.bss)



==============================================================================

Memory Map of the image

  Image Entry point : 0x080090ed

  Load Region LR_IROM1 (Base: 0x08009000, Size: 0x0000141c, Max: 0x00010000, ABSOLUTE)

    Execution Region ER_IROM1 (Exec base: 0x08009000, Load base: 0x08009000, Size: 0x0000130c, Max: 0x00010000, ABSOLUTE)

    Exec Addr    Load Addr    Size         Type   Attr      Idx    E Section Name        Object

    0x08009000   0x08009000   0x000000ec   Data   RO            3    RESET               startup_stm32f103xb.o
    0x080090ec   0x080090ec   0x00000008   Code   RO         2221  * !!!main             c_w.l(__main.o)
    0x080090f4   0x080090f4   0x00000034   Code   RO         2411    !!!scatter          c_w.l(__scatter.o)
    0x08009128   0x08009128   0x0000001a   Code   RO         2413    !!handler_copy      c_w.l(__scatter_copy.o)
    0x08009142   0x08009142   0x00000002   PAD
    0x08009144   0x08009144   0x0000001c   Code   RO         2415    !!handler_zi        c_w.l(__scatter_zi.o)
    0x08009160   0x08009160   0x00000002   Code   RO         2279    .ARM.Collect$$libinit$$00000000  c_w.l(libinit.o)
    0x08009162   0x08009162   0x00000000   Code   RO         2288    .ARM.Collect$$libinit$$00000002  c_w.l(libinit2.o)
    0x08009162   0x08009162   0x00000000   Code   RO         2290    .ARM.Collect$$libinit$$00000004  c_w.l(libinit2.o)
    0x08009162   0x08009162   0x00000000   Code   RO         2293    .ARM.Collect$$libinit$$0000000A  c_w.l(libinit2.o)
    0x08009162   0x08009162   0x00000000   Code   RO         2295    .ARM.Collect$$libinit$$0000000C  c_w.l(libinit2.o)
    0x08009162   0x08009162   0x00000000   Code   RO         2297    .ARM.Collect$$libinit$$0000000E  c_w.l(libinit2.o)
    0x08009162   0x08009162   0x00000000   Code   RO         2300    .ARM.Collect$$libinit$$00000011  c_w.l(libinit2.o)
    0x08009162   0x08009162   0x00000000   Code   RO         2302    .ARM.Collect$$libinit$$00000013  c_w.l(libinit2.o)
    0x08009162   0x08009162   0x00000000   Code   RO         2304    .ARM.Collect$$libinit$$00000015  c_w.l(libinit2.o)
    0x08009162   0x08009162   0x00000000   Code   RO         2306    .ARM.Collect$$libinit$$00000017  c_w.l(libinit2.o)
    0x08009162   0x08009162   0x00000000   Code   RO         2308    .ARM.Collect$$libinit$$00000019  c_w.l(libinit2.o)
    0x08009162   0x08009162   0x00000000   Code   RO         2310    .ARM.Collect$$libinit$$0000001B  c_w.l(libinit2.o)
    0x08009162   0x08009162   0x00000000   Code   RO         2312    .ARM.Collect$$libinit$$0000001D  c_w.l(libinit2.o)
    0x08009162   0x08009162   0x00000000   Code   RO         2314    .ARM.Collect$$libinit$$0000001F  c_w.l(libinit2.o)
    0x08009162   0x08009162   0x00000000   Code   RO         2316    .ARM.Collect$$libinit$$00000021  c_w.l(libinit2.o)
    0x08009162   0x08009162   0x00000000   Code   RO         2318    .ARM.Collect$$libinit$$00000023  c_w.l(libinit2.o)
    0x08009162   0x08009162   0x00000000   Code   RO         2320    .ARM.Collect$$libinit$$00000025  c_w.l(libinit2.o)
    0x08009162   0x08009162   0x00000000   Code   RO         2324    .ARM.Collect$$libinit$$0000002C  c_w.l(libinit2.o)
    0x08009162   0x08009162   0x00000000   Code   RO         2326    .ARM.Collect$$libinit$$0000002E  c_w.l(libinit2.o)
    0x08009162   0x08009162   0x00000000   Code   RO         2328    .ARM.Collect$$libinit$$00000030  c_w.l(libinit2.o)
    0x08009162   0x08009162   0x00000000   Code   RO         2330    .ARM.Collect$$libinit$$00000032  c_w.l(libinit2.o)
    0x08009162   0x08009162   0x00000002   Code   RO         2331    .ARM.Collect$$libinit$$00000033  c_w.l(libinit2.o)
    0x08009164   0x08009164   0x00000002   Code   RO         2351    .ARM.Collect$$libshutdown$$00000000  c_w.l(libshutdown.o)
    0x08009166   0x08009166   0x00000000   Code   RO         2364    .ARM.Collect$$libshutdown$$00000002  c_w.l(libshutdown2.o)
    0x08009166   0x08009166   0x00000000   Code   RO         2366    .ARM.Collect$$libshutdown$$00000004  c_w.l(libshutdown2.o)
    0x08009166   0x08009166   0x00000000   Code   RO         2369    .ARM.Collect$$libshutdown$$00000007  c_w.l(libshutdown2.o)
    0x08009166   0x08009166   0x00000000   Code   RO         2372    .ARM.Collect$$libshutdown$$0000000A  c_w.l(libshutdown2.o)
    0x08009166   0x08009166   0x00000000   Code   RO         2374    .ARM.Collect$$libshutdown$$0000000C  c_w.l(libshutdown2.o)
    0x08009166   0x08009166   0x00000000   Code   RO         2377    .ARM.Collect$$libshutdown$$0000000F  c_w.l(libshutdown2.o)
    0x08009166   0x08009166   0x00000002   Code   RO         2378    .ARM.Collect$$libshutdown$$00000010  c_w.l(libshutdown2.o)
    0x08009168   0x08009168   0x00000000   Code   RO         2245    .ARM.Collect$$rtentry$$00000000  c_w.l(__rtentry.o)
    0x08009168   0x08009168   0x00000000   Code   RO         2254    .ARM.Collect$$rtentry$$00000002  c_w.l(__rtentry2.o)
    0x08009168   0x08009168   0x00000006   Code   RO         2266    .ARM.Collect$$rtentry$$00000004  c_w.l(__rtentry4.o)
    0x0800916e   0x0800916e   0x00000000   Code   RO         2256    .ARM.Collect$$rtentry$$00000009  c_w.l(__rtentry2.o)
    0x0800916e   0x0800916e   0x00000004   Code   RO         2257    .ARM.Collect$$rtentry$$0000000A  c_w.l(__rtentry2.o)
    0x08009172   0x08009172   0x00000000   Code   RO         2259    .ARM.Collect$$rtentry$$0000000C  c_w.l(__rtentry2.o)
    0x08009172   0x08009172   0x00000008   Code   RO         2260    .ARM.Collect$$rtentry$$0000000D  c_w.l(__rtentry2.o)
    0x0800917a   0x0800917a   0x00000002   Code   RO         2285    .ARM.Collect$$rtexit$$00000000  c_w.l(rtexit.o)
    0x0800917c   0x0800917c   0x00000000   Code   RO         2333    .ARM.Collect$$rtexit$$00000002  c_w.l(rtexit2.o)
    0x0800917c   0x0800917c   0x00000004   Code   RO         2334    .ARM.Collect$$rtexit$$00000003  c_w.l(rtexit2.o)
    0x08009180   0x08009180   0x00000006   Code   RO         2335    .ARM.Collect$$rtexit$$00000004  c_w.l(rtexit2.o)
    0x08009186   0x08009186   0x00000002   PAD
    0x08009188   0x08009188   0x00000040   Code   RO            4    .text               startup_stm32f103xb.o
    0x080091c8   0x080091c8   0x00000006   Code   RO         2219    .text               c_w.l(heapauxi.o)
    0x080091ce   0x080091ce   0x0000004a   Code   RO         2270    .text               c_w.l(sys_stackheap_outer.o)
    0x08009218   0x08009218   0x00000012   Code   RO         2272    .text               c_w.l(exit.o)
    0x0800922a   0x0800922a   0x00000002   PAD
    0x0800922c   0x0800922c   0x00000008   Code   RO         2282    .text               c_w.l(libspace.o)
    0x08009234   0x08009234   0x0000000c   Code   RO         2343    .text               c_w.l(sys_exit.o)
    0x08009240   0x08009240   0x00000002   Code   RO         2354    .text               c_w.l(use_no_semi.o)
    0x08009242   0x08009242   0x00000000   Code   RO         2356    .text               c_w.l(indicate_semi.o)
    0x08009242   0x08009242   0x00000002   PAD
    0x08009244   0x08009244   0x00000014   Code   RO         1776    i.AddressPeripheral  dma_handmade.o
    0x08009258   0x08009258   0x00000002   Code   RO          169    i.BusFault_Handler  stm32f1xx_it.o
    0x0800925a   0x0800925a   0x00000002   Code   RO          170    i.DebugMon_Handler  stm32f1xx_it.o
    0x0800925c   0x0800925c   0x0000003c   Code   RO         2013    i.Delay_SysTick     systick_handmade.o
    0x08009298   0x08009298   0x0000002c   Code   RO         2063    i.EnableInterrupt_RX_UARTx  uart_handmade.o
    0x080092c4   0x080092c4   0x0000001c   Code   RO         1933    i.Enable_Clock_RCC_APB1  rcc_handmade.o
    0x080092e0   0x080092e0   0x0000001c   Code   RO         1934    i.Enable_Clock_RCC_APB2  rcc_handmade.o
    0x080092fc   0x080092fc   0x0000001c   Code   RO         1909    i.Enable_Intterupt_NVIC  nvic_handmade.o
    0x08009318   0x08009318   0x00000074   Code   RO         1805    i.Flash_AdjustForCLK  flash_handmade.o
    0x0800938c   0x0800938c   0x00000010   Code   RO          737    i.HAL_IncTick       stm32f1xx_hal.o
    0x0800939c   0x0800939c   0x00000024   Code   RO          738    i.HAL_Init          stm32f1xx_hal.o
    0x080093c0   0x080093c0   0x00000040   Code   RO          739    i.HAL_InitTick      stm32f1xx_hal.o
    0x08009400   0x08009400   0x0000003c   Code   RO          249    i.HAL_MspInit       stm32f1xx_hal_msp.o
    0x0800943c   0x0800943c   0x00000040   Code   RO         1203    i.HAL_NVIC_SetPriority  stm32f1xx_hal_cortex.o
    0x0800947c   0x0800947c   0x00000024   Code   RO         1204    i.HAL_NVIC_SetPriorityGrouping  stm32f1xx_hal_cortex.o
    0x080094a0   0x080094a0   0x00000028   Code   RO         1208    i.HAL_SYSTICK_Config  stm32f1xx_hal_cortex.o
    0x080094c8   0x080094c8   0x00000002   Code   RO          171    i.HardFault_Handler  stm32f1xx_it.o
    0x080094ca   0x080094ca   0x00000002   PAD
    0x080094cc   0x080094cc   0x00000024   Code   RO         2140    i.InitDataManager   uart_data_manager.o
    0x080094f0   0x080094f0   0x000000cc   Code   RO         2141    i.InitDataToESP32   uart_data_manager.o
    0x080095bc   0x080095bc   0x00000088   Code   RO         1846    i.InitGPIO          gpio_handmade.o
    0x08009644   0x08009644   0x0000002c   Code   RO         2114    i.InitGPIO_Control_Device  initsystemperipheral.o
    0x08009670   0x08009670   0x0000003c   Code   RO         2115    i.InitSystemPeripheral  initsystemperipheral.o
    0x080096ac   0x080096ac   0x00000002   Code   RO          172    i.MemManage_Handler  stm32f1xx_it.o
    0x080096ae   0x080096ae   0x00000002   Code   RO          173    i.NMI_Handler       stm32f1xx_it.o
    0x080096b0   0x080096b0   0x00000002   Code   RO          174    i.PendSV_Handler    stm32f1xx_it.o
    0x080096b2   0x080096b2   0x00000002   PAD
    0x080096b4   0x080096b4   0x00000038   Code   RO         2142    i.ReciveUART        uart_data_manager.o
    0x080096ec   0x080096ec   0x00000002   Code   RO          175    i.SVC_Handler       stm32f1xx_it.o
    0x080096ee   0x080096ee   0x00000002   PAD
    0x080096f0   0x080096f0   0x000000f8   Code   RO         1936    i.Select_Frequency_CLK  rcc_handmade.o
    0x080097e8   0x080097e8   0x0000009c   Code   RO         1937    i.Select_Prescaler_RCC  rcc_handmade.o
    0x08009884   0x08009884   0x00000040   Code   RO         1938    i.Select_Sources_Clock  rcc_handmade.o
    0x080098c4   0x080098c4   0x00000004   Code   RO          176    i.SysTick_Handler   stm32f1xx_it.o
    0x080098c8   0x080098c8   0x00000048   Code   RO         2014    i.SysTick_Init      systick_handmade.o
    0x08009910   0x08009910   0x00000002   Code   RO         1698    i.SystemInit        system_stm32f1xx.o
    0x08009912   0x08009912   0x00000002   PAD
    0x08009914   0x08009914   0x00000040   Code   RO         2066    i.TransmitDataUART  uart_handmade.o
    0x08009954   0x08009954   0x00000224   Code   RO         2067    i.UARTInit          uart_handmade.o
    0x08009b78   0x08009b78   0x0000003c   Code   RO         2144    i.UART_Controller   uart_data_manager.o
    0x08009bb4   0x08009bb4   0x00000010   Code   RO           13    i.USART1_IRQHandler  main.o
    0x08009bc4   0x08009bc4   0x00000002   Code   RO          177    i.UsageFault_Handler  stm32f1xx_it.o
    0x08009bc6   0x08009bc6   0x00000002   PAD
    0x08009bc8   0x08009bc8   0x00000048   Code   RO         1853    i.WritePin          gpio_handmade.o
    0x08009c10   0x08009c10   0x00000020   Code   RO         1210    i.__NVIC_SetPriority  stm32f1xx_hal_cortex.o
    0x08009c30   0x08009c30   0x00000098   Code   RO         2145    i.getDataSensor_ControlDevice  uart_data_manager.o
    0x08009cc8   0x08009cc8   0x00000020   Code   RO         1940    i.getFrequencyAPB1  rcc_handmade.o
    0x08009ce8   0x08009ce8   0x00000020   Code   RO         1941    i.getFrequencyAPB2  rcc_handmade.o
    0x08009d08   0x08009d08   0x0000000c   Code   RO         1942    i.getFrequencyRCC   rcc_handmade.o
    0x08009d14   0x08009d14   0x0000005c   Code   RO         1943    i.init_RCC          rcc_handmade.o
    0x08009d70   0x08009d70   0x00000044   Code   RO           14    i.main              main.o
    0x08009db4   0x08009db4   0x000000c4   Code   RO         2223    x$fpl$fadd          fz_ws.l(faddsub_clz.o)
    0x08009e78   0x08009e78   0x0000000c   Code   RO         2246    x$fpl$fcheck1       fz_ws.l(fcheck1.o)
    0x08009e84   0x08009e84   0x00000184   Code   RO         2230    x$fpl$fdiv          fz_ws.l(fdiv.o)
    0x0800a008   0x0800a008   0x0000003e   Code   RO         2233    x$fpl$ffixu         fz_ws.l(ffixu.o)
    0x0800a046   0x0800a046   0x00000002   PAD
    0x0800a048   0x0800a048   0x00000026   Code   RO         2237    x$fpl$ffltu         fz_ws.l(fflt_clz.o)
    0x0800a06e   0x0800a06e   0x0000008c   Code   RO         2248    x$fpl$fnaninf       fz_ws.l(fnaninf.o)
    0x0800a0fa   0x0800a0fa   0x0000000a   Code   RO         2250    x$fpl$fretinf       fz_ws.l(fretinf.o)
    0x0800a104   0x0800a104   0x00000014   Code   RO         2224    x$fpl$frsb          fz_ws.l(faddsub_clz.o)
    0x0800a118   0x0800a118   0x000000ea   Code   RO         2225    x$fpl$fsub          fz_ws.l(faddsub_clz.o)
    0x0800a202   0x0800a202   0x00000064   Code   RO         2268    x$fpl$retnan        fz_ws.l(retnan.o)
    0x0800a266   0x0800a266   0x0000004c   Code   RO         2243    x$fpl$scalbnf       fz_ws.l(scalbnf.o)
    0x0800a2b2   0x0800a2b2   0x00000030   Code   RO         2280    x$fpl$trapveneer    fz_ws.l(trapv.o)
    0x0800a2e2   0x0800a2e2   0x00000000   Code   RO         2252    x$fpl$usenofp       fz_ws.l(usenofp.o)
    0x0800a2e2   0x0800a2e2   0x00000002   PAD
    0x0800a2e4   0x0800a2e4   0x00000008   Data   RO         2116    .constdata          initsystemperipheral.o
    0x0800a2ec   0x0800a2ec   0x00000020   Data   RO         2409    Region$$Table       anon$$obj.o


    Execution Region RW_IRAM1 (Exec base: 0x20000000, Load base: 0x0800a30c, Size: 0x00000770, Max: 0x00005000, ABSOLUTE)

    Exec Addr    Load Addr    Size         Type   Attr      Idx    E Section Name        Object

    0x20000000   0x0800a30c   0x0000007c   Data   RW           16    .data               main.o
    0x2000007c   0x0800a388   0x0000000c   Data   RW          745    .data               stm32f1xx_hal.o
    0x20000088   0x0800a394   0x00000004   Data   RW         1701    .data               system_stm32f1xx.o
    0x2000008c   0x0800a398   0x0000001c   Data   RW         1855    .data               gpio_handmade.o
    0x200000a8   0x0800a3b4   0x00000008   Data   RW         1944    .data               rcc_handmade.o
    0x200000b0   0x0800a3bc   0x00000010   Data   RW         2070    .data               uart_handmade.o
    0x200000c0   0x0800a3cc   0x0000004c   Data   RW         2117    .data               initsystemperipheral.o
    0x2000010c   0x0800a418   0x00000004   Data   RW         2146    .data               uart_data_manager.o
    0x20000110        -       0x00000060   Zero   RW         2283    .bss                c_w.l(libspace.o)
    0x20000170        -       0x00000200   Zero   RW            2    HEAP                startup_stm32f103xb.o
    0x20000370        -       0x00000400   Zero   RW            1    STACK               startup_stm32f103xb.o

