Component: ARM Compiler 5.06 update 6 (build 750) Tool: armlink [4d35ed]

==============================================================================

Section Cross References

    startup_stm32f103xb.o(STACK) refers (Special) to heapauxi.o(.text) for __use_two_region_memory
    startup_stm32f103xb.o(HEAP) refers (Special) to heapauxi.o(.text) for __use_two_region_memory
    startup_stm32f103xb.o(RESET) refers (Special) to heapauxi.o(.text) for __use_two_region_memory
    startup_stm32f103xb.o(RESET) refers to startup_stm32f103xb.o(STACK) for __initial_sp
    startup_stm32f103xb.o(RESET) refers to startup_stm32f103xb.o(.text) for Reset_Handler
    startup_stm32f103xb.o(RESET) refers to stm32f1xx_it.o(i.NMI_Handler) for NMI_Handler
    startup_stm32f103xb.o(RESET) refers to stm32f1xx_it.o(i.HardFault_Handler) for HardFault_Handler
    startup_stm32f103xb.o(RESET) refers to stm32f1xx_it.o(i.MemManage_Handler) for MemManage_Handler
    startup_stm32f103xb.o(RESET) refers to stm32f1xx_it.o(i.BusFault_Handler) for BusFault_Handler
    startup_stm32f103xb.o(RESET) refers to stm32f1xx_it.o(i.UsageFault_Handler) for UsageFault_Handler
    startup_stm32f103xb.o(RESET) refers to stm32f1xx_it.o(i.SVC_Handler) for SVC_Handler
    startup_stm32f103xb.o(RESET) refers to stm32f1xx_it.o(i.DebugMon_Handler) for DebugMon_Handler
    startup_stm32f103xb.o(RESET) refers to stm32f1xx_it.o(i.PendSV_Handler) for PendSV_Handler
    startup_stm32f103xb.o(RESET) refers to stm32f1xx_it.o(i.SysTick_Handler) for SysTick_Handler
    startup_stm32f103xb.o(RESET) refers to main.o(i.USART1_IRQHandler) for USART1_IRQHandler
    startup_stm32f103xb.o(.text) refers (Special) to heapauxi.o(.text) for __use_two_region_memory
    startup_stm32f103xb.o(.text) refers to system_stm32f1xx.o(i.SystemInit) for SystemInit
    startup_stm32f103xb.o(.text) refers to __main.o(!!!main) for __main
    startup_stm32f103xb.o(.text) refers to startup_stm32f103xb.o(HEAP) for Heap_Mem
    startup_stm32f103xb.o(.text) refers to startup_stm32f103xb.o(STACK) for Stack_Mem
    main.o(i.USART1_IRQHandler) refers to uart_data_manager.o(i.ReciveUART) for ReciveUART
    main.o(i.main) refers to stm32f1xx_hal.o(i.HAL_Init) for HAL_Init
    main.o(i.main) refers to initsystemperipheral.o(i.InitSystemPeripheral) for InitSystemPeripheral
    main.o(i.main) refers to uart_data_manager.o(i.InitDataManager) for InitDataManager
    main.o(i.main) refers to flash_handmade.o(i.Flash_ErasePage) for Flash_ErasePage
    main.o(i.main) refers to flash_handmade.o(i.Flash_WriteHalfWord) for Flash_WriteHalfWord
    main.o(i.main) refers to scb_base.o(i.NVIC_SystemReset_handmade) for NVIC_SystemReset_handmade
    main.o(i.main) refers to uart_data_manager.o(i.UART_Controller) for UART_Controller
    main.o(i.main) refers to main.o(.data) for .data
    stm32f1xx_it.o(i.SysTick_Handler) refers to stm32f1xx_hal.o(i.HAL_IncTick) for HAL_IncTick
    stm32f1xx_hal_msp.o(i.HAL_UART_MspDeInit) refers to stm32f1xx_hal_gpio.o(i.HAL_GPIO_DeInit) for HAL_GPIO_DeInit
    stm32f1xx_hal_msp.o(i.HAL_UART_MspDeInit) refers to stm32f1xx_hal_cortex.o(i.HAL_NVIC_DisableIRQ) for HAL_NVIC_DisableIRQ
    stm32f1xx_hal_msp.o(i.HAL_UART_MspInit) refers to stm32f1xx_hal_gpio.o(i.HAL_GPIO_Init) for HAL_GPIO_Init
    stm32f1xx_hal_msp.o(i.HAL_UART_MspInit) refers to stm32f1xx_hal_cortex.o(i.HAL_NVIC_SetPriority) for HAL_NVIC_SetPriority
    stm32f1xx_hal_msp.o(i.HAL_UART_MspInit) refers to stm32f1xx_hal_cortex.o(i.HAL_NVIC_EnableIRQ) for HAL_NVIC_EnableIRQ
    stm32f1xx_hal_uart.o(i.HAL_HalfDuplex_Init) refers to stm32f1xx_hal_msp.o(i.HAL_UART_MspInit) for HAL_UART_MspInit
    stm32f1xx_hal_uart.o(i.HAL_HalfDuplex_Init) refers to stm32f1xx_hal_uart.o(i.UART_SetConfig) for UART_SetConfig
    stm32f1xx_hal_uart.o(i.HAL_LIN_Init) refers to stm32f1xx_hal_msp.o(i.HAL_UART_MspInit) for HAL_UART_MspInit
    stm32f1xx_hal_uart.o(i.HAL_LIN_Init) refers to stm32f1xx_hal_uart.o(i.UART_SetConfig) for UART_SetConfig
    stm32f1xx_hal_uart.o(i.HAL_MultiProcessor_Init) refers to stm32f1xx_hal_msp.o(i.HAL_UART_MspInit) for HAL_UART_MspInit
    stm32f1xx_hal_uart.o(i.HAL_MultiProcessor_Init) refers to stm32f1xx_hal_uart.o(i.UART_SetConfig) for UART_SetConfig
    stm32f1xx_hal_uart.o(i.HAL_UARTEx_ReceiveToIdle) refers to stm32f1xx_hal.o(i.HAL_GetTick) for HAL_GetTick
    stm32f1xx_hal_uart.o(i.HAL_UARTEx_ReceiveToIdle_DMA) refers to stm32f1xx_hal_uart.o(i.UART_Start_Receive_DMA) for UART_Start_Receive_DMA
    stm32f1xx_hal_uart.o(i.HAL_UARTEx_ReceiveToIdle_IT) refers to stm32f1xx_hal_uart.o(i.UART_Start_Receive_IT) for UART_Start_Receive_IT
    stm32f1xx_hal_uart.o(i.HAL_UART_Abort) refers to stm32f1xx_hal_dma.o(i.HAL_DMA_Abort) for HAL_DMA_Abort
    stm32f1xx_hal_uart.o(i.HAL_UART_Abort) refers to stm32f1xx_hal_dma.o(i.HAL_DMA_GetError) for HAL_DMA_GetError
    stm32f1xx_hal_uart.o(i.HAL_UART_AbortReceive) refers to stm32f1xx_hal_dma.o(i.HAL_DMA_Abort) for HAL_DMA_Abort
[...]
    rcc_handmade.o(i.getFrequencyAPB1) refers to rcc_handmade.o(.data) for .data
    rcc_handmade.o(i.getFrequencyAPB2) refers to rcc_handmade.o(.data) for .data
    rcc_handmade.o(i.getFrequencyRCC) refers to rcc_handmade.o(.data) for .data
    rcc_handmade.o(i.init_RCC) refers to flash_handmade.o(i.Flash_AdjustForCLK) for Flash_AdjustForCLK
    rcc_handmade.o(i.init_RCC) refers to rcc_handmade.o(i.Select_Sources_Clock) for Select_Sources_Clock
    rcc_handmade.o(i.init_RCC) refers to rcc_handmade.o(i.Select_Frequency_CLK) for Select_Frequency_CLK
    rcc_handmade.o(i.init_RCC) refers to rcc_handmade.o(.data) for .data
    systick_handmade.o(i.Delay_SysTick) refers to systick_handmade.o(.data) for .data
    systick_handmade.o(i.SysTick_Init) refers to rcc_handmade.o(i.getFrequencyRCC) for getFrequencyRCC
    systick_handmade.o(i.Systick_ms_inc) refers to systick_handmade.o(.data) for .data
    timer_handmade.o(i.SetDutyCycle) refers to timer_handmade.o(i.calculateDutyCycle) for calculateDutyCycle
    timer_handmade.o(i.SetDutyCycle) refers to timer_handmade.o(.data) for .data
    timer_handmade.o(i.StartPWMNormal) refers to timer_handmade.o(.data) for .data
    timer_handmade.o(i.initTimer) refers to rcc_handmade.o(i.Enable_Clock_RCC_APB1) for Enable_Clock_RCC_APB1
    timer_handmade.o(i.initTimer) refers to timer_handmade.o(i.calculateDutyCycle) for calculateDutyCycle
    timer_handmade.o(i.initTimer) refers to rcc_handmade.o(i.getFrequencyAPB1) for getFrequencyAPB1
    timer_handmade.o(i.initTimer) refers to rcc_handmade.o(i.getFrequencyRCC) for getFrequencyRCC
    timer_handmade.o(i.initTimer) refers to timer_handmade.o(.data) for .data
    uart_handmade.o(i.EnableInterrupt_RX_UARTx) refers to nvic_handmade.o(i.Enable_Intterupt_NVIC) for Enable_Intterupt_NVIC
    uart_handmade.o(i.EnableInterrupt_RX_UARTx) refers to uart_handmade.o(.data) for .data
    uart_handmade.o(i.ReceiveDataUART) refers to uart_handmade.o(.data) for .data
    uart_handmade.o(i.ReceiveDataUART_IT) refers to uart_handmade.o(.data) for .data
    uart_handmade.o(i.TransmitDataUART) refers to uart_handmade.o(.data) for .data
    uart_handmade.o(i.UARTInit) refers to rcc_handmade.o(i.Enable_Clock_RCC_APB1) for Enable_Clock_RCC_APB1
    uart_handmade.o(i.UARTInit) refers to rcc_handmade.o(i.Enable_Clock_RCC_APB2) for Enable_Clock_RCC_APB2
    uart_handmade.o(i.UARTInit) refers to gpio_handmade.o(i.InitGPIO) for InitGPIO
    uart_handmade.o(i.UARTInit) refers to rcc_handmade.o(i.getFrequencyAPB1) for getFrequencyAPB1
    uart_handmade.o(i.UARTInit) refers to fflt_clz.o(x$fpl$ffltu) for __aeabi_ui2f
    uart_handmade.o(i.UARTInit) refers to fdiv.o(x$fpl$fdiv) for __aeabi_fdiv
    uart_handmade.o(i.UARTInit) refers to ffixu.o(x$fpl$ffixu) for __aeabi_f2uiz
    uart_handmade.o(i.UARTInit) refers to faddsub_clz.o(x$fpl$frsb) for __aeabi_frsub
    uart_handmade.o(i.UARTInit) refers to scalbnf.o(x$fpl$scalbnf) for __ARM_scalbnf
    uart_handmade.o(i.UARTInit) refers to rcc_handmade.o(i.getFrequencyAPB2) for getFrequencyAPB2
    uart_handmade.o(i.UARTInit) refers to uart_handmade.o(.data) for .data
    uart_handmade.o(i.interruptDisable) refers to uart_handmade.o(.data) for .data
    uart_handmade.o(i.interruptEnable) refers to uart_handmade.o(.data) for .data
    initsystemperipheral.o(i.InitGPIO_Control_Device) refers to gpio_handmade.o(i.InitGPIO) for InitGPIO
    initsystemperipheral.o(i.InitGPIO_Control_Device) refers to initsystemperipheral.o(.constdata) for .constdata
    initsystemperipheral.o(i.InitSystemPeripheral) refers to rcc_handmade.o(i.init_RCC) for init_RCC
    initsystemperipheral.o(i.InitSystemPeripheral) refers to initsystemperipheral.o(i.InitGPIO_Control_Device) for InitGPIO_Control_Device
    initsystemperipheral.o(i.InitSystemPeripheral) refers to gpio_handmade.o(i.InitGPIO) for InitGPIO
    initsystemperipheral.o(i.InitSystemPeripheral) refers to systick_handmade.o(i.SysTick_Init) for SysTick_Init
    initsystemperipheral.o(i.InitSystemPeripheral) refers to adc_handmade.o(i.ADC_Init) for ADC_Init
    initsystemperipheral.o(i.InitSystemPeripheral) refers to dma_handmade.o(i.DMA_Init) for DMA_Init
    initsystemperipheral.o(i.InitSystemPeripheral) refers to dma_handmade.o(i.DMA_Start) for DMA_Start
    initsystemperipheral.o(i.InitSystemPeripheral) refers to adc_handmade.o(i.ADC_DMA_Start) for ADC_DMA_Start
    initsystemperipheral.o(i.InitSystemPeripheral) refers to uart_handmade.o(i.UARTInit) for UARTInit
    initsystemperipheral.o(i.InitSystemPeripheral) refers to uart_handmade.o(i.EnableInterrupt_RX_UARTx) for EnableInterrupt_RX_UARTx
    initsystemperipheral.o(i.InitSystemPeripheral) refers to initsystemperipheral.o(.data) for .data
    uart_data_manager.o(i.ControlDevice) refers to gpio_handmade.o(i.WritePin) for WritePin
    uart_data_manager.o(i.ControlDevice) refers to uart_data_manager.o(.data) for .data
    uart_data_manager.o(i.InitDataManager) refers to dma_handmade.o(i.AddressPeripheral) for AddressPeripheral
    uart_data_manager.o(i.InitDataManager) refers to dma_handmade.o(i.AddressMemory) for AddressMemory
    uart_data_manager.o(i.InitDataManager) refers to uart_data_manager.o(.data) for .data
    uart_data_manager.o(i.InitDataToESP32) refers to uart_data_manager.o(.data) for .data
    uart_data_manager.o(i.ReciveUART) refers to uart_data_manager.o(.data) for .data
    uart_data_manager.o(i.SignalModeNormal_LED) refers to gpio_handmade.o(i.ON_Led_Hardware) for ON_Led_Hardware
    uart_data_manager.o(i.SignalModeNormal_LED) refers to systick_handmade.o(i.Delay_SysTick) for Delay_SysTick
    uart_data_manager.o(i.SignalModeNormal_LED) refers to gpio_handmade.o(i.OFF_Led_Hardware) for OFF_Led_Hardware
    uart_data_manager.o(i.UART_Controller) refers to uart_data_manager.o(i.ControlDevice) for ControlDevice
    uart_data_manager.o(i.UART_Controller) refers to uart_data_manager.o(i.InitDataToESP32) for InitDataToESP32
    uart_data_manager.o(i.UART_Controller) refers to uart_handmade.o(i.TransmitDataUART) for TransmitDataUART
    uart_data_manager.o(i.UART_Controller) refers to uart_data_manager.o(i.SignalModeNormal_LED) for SignalModeNormal_LED
    uart_data_manager.o(i.UART_Controller) refers to systick_handmade.o(i.Delay_SysTick) for Delay_SysTick
    uart_data_manager.o(i.UART_Controller) refers to uart_data_manager.o(.data) for .data
    bootloader.o(i.Jump_To_Application) refers to rcc_handmade.o(i.RCC_DeInit) for RCC_DeInit
    flashstm32.o(i.Flash_erase) refers to stm32f1xx_hal_flash.o(i.HAL_FLASH_Unlock) for HAL_FLASH_Unlock
    flashstm32.o(i.Flash_erase) refers to stm32f1xx_hal_flash_ex.o(i.HAL_FLASHEx_Erase) for HAL_FLASHEx_Erase
    flashstm32.o(i.Flash_erase) refers to stm32f1xx_hal_flash.o(i.HAL_FLASH_Lock) for HAL_FLASH_Lock
    flashstm32.o(i.Flash_read_struct) refers to flashstm32.o(i.Flash_read_array) for Flash_read_array
    flashstm32.o(i.Flash_write_Struct) refers to flashstm32.o(i.Flash_write_array) for Flash_write_array
    flashstm32.o(i.Flash_write_array) refers to stm32f1xx_hal_flash.o(i.HAL_FLASH_Unlock) for HAL_FLASH_Unlock
    flashstm32.o(i.Flash_write_array) refers to stm32f1xx_hal_flash.o(i.HAL_FLASH_Program) for HAL_FLASH_Program
    flashstm32.o(i.Flash_write_array) refers to stm32f1xx_hal_flash.o(i.HAL_FLASH_Lock) for HAL_FLASH_Lock
    flashstm32.o(i.Flash_write_float) refers to stm32f1xx_hal_flash.o(i.HAL_FLASH_Unlock) for HAL_FLASH_Unlock
    flashstm32.o(i.Flash_write_float) refers to stm32f1xx_hal_flash.o(i.HAL_FLASH_Program) for HAL_FLASH_Program
    flashstm32.o(i.Flash_write_float) refers to stm32f1xx_hal_flash.o(i.HAL_FLASH_Lock) for HAL_FLASH_Lock
    flashstm32.o(i.Flash_write_int) refers to stm32f1xx_hal_flash.o(i.HAL_FLASH_Unlock) for HAL_FLASH_Unlock
    flashstm32.o(i.Flash_write_int) refers to stm32f1xx_hal_flash.o(i.HAL_FLASH_Program) for HAL_FLASH_Program
    flashstm32.o(i.Flash_write_int) refers to stm32f1xx_hal_flash.o(i.HAL_FLASH_Lock) for HAL_FLASH_Lock
    freertos_handmade.o(i.Task_Begin) refers to freertos_handmade.o(.data) for .data
    freertos_handmade.o(i.Task_Begin) refers to freertos_handmade.o(.bss) for .bss
    freertos_handmade.o(i.Task_Create) refers to freertos_handmade.o(.bss) for .bss
    freertos_handmade.o(i.Task_Create) refers to freertos_handmade.o(i.Task_End) for Task_End
    freertos_handmade.o(i.Task_Create) refers to freertos_handmade.o(.data) for .data
    freertos_handmade.o(i.Task_Delay) refers to freertos_handmade.o(.data) for .data
    freertos_handmade.o(i.Task_Delay) refers to freertos_handmade.o(.bss) for .bss
    freertos_handmade.o(i.Task_Delay) refers to systick_handmade.o(.data) for SysTick_ms
    freertos_handmade.o(i.Task_Delete) refers to main.o(i.main) for main
    freertos_handmade.o(i.Task_Delete) refers to freertos_handmade.o(.bss) for .bss
    freertos_handmade.o(i.Task_Delete) refers to freertos_handmade.o(.data) for .data
    freertos_handmade.o(i.Task_End) refers to freertos_handmade.o(.data) for .data
    freertos_handmade.o(i.Task_End) refers to freertos_handmade.o(.bss) for .bss
    freertos_handmade.o(i.Task_GetCurrentCPU) refers to freertos_handmade.o(.data) for .data
    freertos_handmade.o(i.Task_GetCurrentCPU) refers to freertos_handmade.o(.bss) for .bss
    freertos_handmade.o(i.Task_GetNextCPU) refers to systick_handmade.o(.data) for SysTick_ms
    freertos_handmade.o(i.Task_GetNextCPU) refers to freertos_handmade.o(.bss) for .bss
    freertos_handmade.o(i.Task_GetNextCPU) refers to freertos_handmade.o(.data) for .data
    __main.o(!!!main) refers to __rtentry.o(.ARM.Collect$$rtentry$$00000000) for __rt_entry
    faddsub_clz.o(x$fpl$fadd) refers (Special) to usenofp.o(x$fpl$usenofp) for __I$use$fp
    faddsub_clz.o(x$fpl$fadd) refers to faddsub_clz.o(x$fpl$fsub) for _fsub1
    faddsub_clz.o(x$fpl$fadd) refers to fretinf.o(x$fpl$fretinf) for __fpl_fretinf
    faddsub_clz.o(x$fpl$fadd) refers to fnaninf.o(x$fpl$fnaninf) for __fpl_fnaninf
    faddsub_clz.o(x$fpl$frsb) refers (Special) to usenofp.o(x$fpl$usenofp) for __I$use$fp
    faddsub_clz.o(x$fpl$frsb) refers to faddsub_clz.o(x$fpl$fadd) for _fadd1
    faddsub_clz.o(x$fpl$frsb) refers to faddsub_clz.o(x$fpl$fsub) for _fsub1
    faddsub_clz.o(x$fpl$fsub) refers (Special) to usenofp.o(x$fpl$usenofp) for __I$use$fp
    faddsub_clz.o(x$fpl$fsub) refers to faddsub_clz.o(x$fpl$fadd) for _fadd1
    faddsub_clz.o(x$fpl$fsub) refers to fnaninf.o(x$fpl$fnaninf) for __fpl_fnaninf
    fdiv.o(x$fpl$frdiv) refers (Special) to usenofp.o(x$fpl$usenofp) for __I$use$fp
    fdiv.o(x$fpl$frdiv) refers to fdiv.o(x$fpl$fdiv) for _fdiv1
    fdiv.o(x$fpl$fdiv) refers (Special) to usenofp.o(x$fpl$usenofp) for __I$use$fp
    fdiv.o(x$fpl$fdiv) refers to fretinf.o(x$fpl$fretinf) for __fpl_fretinf
    fdiv.o(x$fpl$fdiv) refers to fnaninf.o(x$fpl$fnaninf) for __fpl_fnaninf
    ffixu.o(x$fpl$ffixu) refers (Special) to usenofp.o(x$fpl$usenofp) for __I$use$fp
    ffixu.o(x$fpl$ffixu) refers to fnaninf.o(x$fpl$fnaninf) for __fpl_fnaninf
    ffixu.o(x$fpl$ffixur) refers (Special) to usenofp.o(x$fpl$usenofp) for __I$use$fp
    ffixu.o(x$fpl$ffixur) refers to fnaninf.o(x$fpl$fnaninf) for __fpl_fnaninf
    fflt_clz.o(x$fpl$ffltu) refers (Special) to usenofp.o(x$fpl$usenofp) for __I$use$fp
    fflt_clz.o(x$fpl$fflt) refers (Special) to usenofp.o(x$fpl$usenofp) for __I$use$fp
    fflt_clz.o(x$fpl$ffltn) refers (Special) to usenofp.o(x$fpl$usenofp) for __I$use$fp
    scalbnf.o(x$fpl$scalbnf) refers (Special) to usenofp.o(x$fpl$usenofp) for __I$use$fp
    scalbnf.o(x$fpl$scalbnf) refers to fcheck1.o(x$fpl$fcheck1) for __fpl_fcheck_NaN1
    __rtentry.o(.ARM.Collect$$rtentry$$00000000) refers (Special) to __rtentry2.o(.ARM.Collect$$rtentry$$0000000A) for __rt_entry_li
    __rtentry.o(.ARM.Collect$$rtentry$$00000000) refers (Special) to __rtentry2.o(.ARM.Collect$$rtentry$$0000000D) for __rt_entry_main
    __rtentry.o(.ARM.Collect$$rtentry$$00000000) refers (Special) to __rtentry2.o(.ARM.Collect$$rtentry$$0000000C) for __rt_entry_postli_1
    __rtentry.o(.ARM.Collect$$rtentry$$00000000) refers (Special) to __rtentry2.o(.ARM.Collect$$rtentry$$00000009) for __rt_entry_postsh_1
    __rtentry.o(.ARM.Collect$$rtentry$$00000000) refers (Special) to __rtentry2.o(.ARM.Collect$$rtentry$$00000002) for __rt_entry_presh_1
    __rtentry.o(.ARM.Collect$$rtentry$$00000000) refers (Special) to __rtentry4.o(.ARM.Collect$$rtentry$$00000004) for __rt_entry_sh
    fcheck1.o(x$fpl$fcheck1) refers (Special) to usenofp.o(x$fpl$usenofp) for __I$use$fp
    fcheck1.o(x$fpl$fcheck1) refers to retnan.o(x$fpl$retnan) for __fpl_return_NaN
    fnaninf.o(x$fpl$fnaninf) refers (Special) to usenofp.o(x$fpl$usenofp) for __I$use$fp
    fretinf.o(x$fpl$fretinf) refers (Special) to usenofp.o(x$fpl$usenofp) for __I$use$fp
    __rtentry2.o(.ARM.Collect$$rtentry$$00000008) refers to boardinit2.o(.text) for _platform_post_stackheap_init
    __rtentry2.o(.ARM.Collect$$rtentry$$0000000A) refers to libinit.o(.ARM.Collect$$libinit$$00000000) for __rt_lib_init
    __rtentry2.o(.ARM.Collect$$rtentry$$0000000B) refers to boardinit3.o(.text) for _platform_post_lib_init
    __rtentry2.o(.ARM.Collect$$rtentry$$0000000D) refers to main.o(i.main) for main
    __rtentry2.o(.ARM.Collect$$rtentry$$0000000D) refers to exit.o(.text) for exit
    __rtentry2.o(.ARM.exidx) refers to __rtentry2.o(.ARM.Collect$$rtentry$$00000001) for .ARM.Collect$$rtentry$$00000001
    __rtentry2.o(.ARM.exidx) refers to __rtentry2.o(.ARM.Collect$$rtentry$$00000008) for .ARM.Collect$$rtentry$$00000008
    __rtentry2.o(.ARM.exidx) refers to __rtentry2.o(.ARM.Collect$$rtentry$$0000000A) for .ARM.Collect$$rtentry$$0000000A
    __rtentry2.o(.ARM.exidx) refers to __rtentry2.o(.ARM.Collect$$rtentry$$0000000B) for .ARM.Collect$$rtentry$$0000000B
    __rtentry2.o(.ARM.exidx) refers to __rtentry2.o(.ARM.Collect$$rtentry$$0000000D) for .ARM.Collect$$rtentry$$0000000D
    __rtentry4.o(.ARM.Collect$$rtentry$$00000004) refers to sys_stackheap_outer.o(.text) for __user_setup_stackheap
    __rtentry4.o(.ARM.exidx) refers to __rtentry4.o(.ARM.Collect$$rtentry$$00000004) for .ARM.Collect$$rtentry$$00000004
    retnan.o(x$fpl$retnan) refers (Special) to usenofp.o(x$fpl$usenofp) for __I$use$fp
    retnan.o(x$fpl$retnan) refers to trapv.o(x$fpl$trapveneer) for __fpl_cmpreturn
    sys_stackheap_outer.o(.text) refers to libspace.o(.text) for __user_perproc_libspace
    sys_stackheap_outer.o(.text) refers to startup_stm32f103xb.o(.text) for __user_initial_stackheap
    exit.o(.text) refers to rtexit.o(.ARM.Collect$$rtexit$$00000000) for __rt_exit
    libinit.o(.ARM.Collect$$libinit$$00000000) refers (Special) to libinit2.o(.ARM.Collect$$libinit$$0000002E) for __rt_lib_init_alloca_1
    libinit.o(.ARM.Collect$$libinit$$00000000) refers (Special) to libinit2.o(.ARM.Collect$$libinit$$0000002C) for __rt_lib_init_argv_1
    libinit.o(.ARM.Collect$$libinit$$00000000) refers (Special) to libinit2.o(.ARM.Collect$$libinit$$0000001B) for __rt_lib_init_atexit_1
    libinit.o(.ARM.Collect$$libinit$$00000000) refers (Special) to libinit2.o(.ARM.Collect$$libinit$$00000021) for __rt_lib_init_clock_1
    libinit.o(.ARM.Collect$$libinit$$00000000) refers (Special) to libinit2.o(.ARM.Collect$$libinit$$00000032) for __rt_lib_init_cpp_1
    libinit.o(.ARM.Collect$$libinit$$00000000) refers (Special) to libinit2.o(.ARM.Collect$$libinit$$00000030) for __rt_lib_init_exceptions_1
    libinit.o(.ARM.Collect$$libinit$$00000000) refers (Special) to libinit2.o(.ARM.Collect$$libinit$$00000002) for __rt_lib_init_fp_1
    libinit.o(.ARM.Collect$$libinit$$00000000) refers (Special) to libinit2.o(.ARM.Collect$$libinit$$0000001F) for __rt_lib_init_fp_trap_1
    libinit.o(.ARM.Collect$$libinit$$00000000) refers (Special) to libinit2.o(.ARM.Collect$$libinit$$00000023) for __rt_lib_init_getenv_1
    libinit.o(.ARM.Collect$$libinit$$00000000) refers (Special) to libinit2.o(.ARM.Collect$$libinit$$0000000A) for __rt_lib_init_heap_1
    libinit.o(.ARM.Collect$$libinit$$00000000) refers (Special) to libinit2.o(.ARM.Collect$$libinit$$00000011) for __rt_lib_init_lc_collate_1
    libinit.o(.ARM.Collect$$libinit$$00000000) refers (Special) to libinit2.o(.ARM.Collect$$libinit$$00000013) for __rt_lib_init_lc_ctype_1
    libinit.o(.ARM.Collect$$libinit$$00000000) refers (Special) to libinit2.o(.ARM.Collect$$libinit$$00000015) for __rt_lib_init_lc_monetary_1
    libinit.o(.ARM.Collect$$libinit$$00000000) refers (Special) to libinit2.o(.ARM.Collect$$libinit$$00000017) for __rt_lib_init_lc_numeric_1
    libinit.o(.ARM.Collect$$libinit$$00000000) refers (Special) to libinit2.o(.ARM.Collect$$libinit$$00000019) for __rt_lib_init_lc_time_1
    libinit.o(.ARM.Collect$$libinit$$00000000) refers (Special) to libinit2.o(.ARM.Collect$$libinit$$00000004) for __rt_lib_init_preinit_1
    libinit.o(.ARM.Collect$$libinit$$00000000) refers (Special) to libinit2.o(.ARM.Collect$$libinit$$0000000E) for __rt_lib_init_rand_1
    libinit.o(.ARM.Collect$$libinit$$00000000) refers (Special) to libinit2.o(.ARM.Collect$$libinit$$00000033) for __rt_lib_init_return
    libinit.o(.ARM.Collect$$libinit$$00000000) refers (Special) to libinit2.o(.ARM.Collect$$libinit$$0000001D) for __rt_lib_init_signal_1
    libinit.o(.ARM.Collect$$libinit$$00000000) refers (Special) to libinit2.o(.ARM.Collect$$libinit$$00000025) for __rt_lib_init_stdio_1
    libinit.o(.ARM.Collect$$libinit$$00000000) refers (Special) to libinit2.o(.ARM.Collect$$libinit$$0000000C) for __rt_lib_init_user_alloc_1
    trapv.o(x$fpl$trapveneer) refers (Special) to usenofp.o(x$fpl$usenofp) for __I$use$fp
    libspace.o(.text) refers to libspace.o(.bss) for __libspace_start
    rtexit.o(.ARM.Collect$$rtexit$$00000000) refers (Special) to rtexit2.o(.ARM.Collect$$rtexit$$00000004) for __rt_exit_exit
    rtexit.o(.ARM.Collect$$rtexit$$00000000) refers (Special) to rtexit2.o(.ARM.Collect$$rtexit$$00000003) for __rt_exit_ls
    rtexit.o(.ARM.Collect$$rtexit$$00000000) refers (Special) to rtexit2.o(.ARM.Collect$$rtexit$$00000002) for __rt_exit_prels_1
    rtexit.o(.ARM.exidx) refers (Special) to rtexit2.o(.ARM.Collect$$rtexit$$00000004) for __rt_exit_exit
    rtexit.o(.ARM.exidx) refers (Special) to rtexit2.o(.ARM.Collect$$rtexit$$00000003) for __rt_exit_ls
    rtexit.o(.ARM.exidx) refers (Special) to rtexit2.o(.ARM.Collect$$rtexit$$00000002) for __rt_exit_prels_1
    rtexit.o(.ARM.exidx) refers to rtexit.o(.ARM.Collect$$rtexit$$00000000) for .ARM.Collect$$rtexit$$00000000
    libinit2.o(.ARM.Collect$$libinit$$00000010) refers to libinit2.o(.ARM.Collect$$libinit$$0000000F) for .ARM.Collect$$libinit$$0000000F
    libinit2.o(.ARM.Collect$$libinit$$00000012) refers to libinit2.o(.ARM.Collect$$libinit$$0000000F) for .ARM.Collect$$libinit$$0000000F
    libinit2.o(.ARM.Collect$$libinit$$00000014) refers to libinit2.o(.ARM.Collect$$libinit$$0000000F) for .ARM.Collect$$libinit$$0000000F
    libinit2.o(.ARM.Collect$$libinit$$00000016) refers to libinit2.o(.ARM.Collect$$libinit$$0000000F) for .ARM.Collect$$libinit$$0000000F
    libinit2.o(.ARM.Collect$$libinit$$00000018) refers to libinit2.o(.ARM.Collect$$libinit$$0000000F) for .ARM.Collect$$libinit$$0000000F
    libinit2.o(.ARM.Collect$$libinit$$00000026) refers to argv_veneer.o(.emb_text) for __ARM_argv_veneer
    libinit2.o(.ARM.Collect$$libinit$$00000027) refers to argv_veneer.o(.emb_text) for __ARM_argv_veneer
    rtexit2.o(.ARM.Collect$$rtexit$$00000003) refers to libshutdown.o(.ARM.Collect$$libshutdown$$00000000) for __rt_lib_shutdown
    rtexit2.o(.ARM.Collect$$rtexit$$00000004) refers to sys_exit.o(.text) for _sys_exit
    rtexit2.o(.ARM.exidx) refers to rtexit2.o(.ARM.Collect$$rtexit$$00000001) for .ARM.Collect$$rtexit$$00000001
    rtexit2.o(.ARM.exidx) refers to rtexit2.o(.ARM.Collect$$rtexit$$00000003) for .ARM.Collect$$rtexit$$00000003
    rtexit2.o(.ARM.exidx) refers to rtexit2.o(.ARM.Collect$$rtexit$$00000004) for .ARM.Collect$$rtexit$$00000004
    argv_veneer.o(.emb_text) refers to no_argv.o(.text) for __ARM_get_argv
    sys_exit.o(.text) refers (Special) to use_no_semi.o(.text) for __I$use$semihosting
    sys_exit.o(.text) refers (Special) to indicate_semi.o(.text) for __semihosting_library_function
    _get_argv_nomalloc.o(.text) refers (Special) to hrguard.o(.text) for __heap_region$guard
    _get_argv_nomalloc.o(.text) refers to defsig_rtmem_outer.o(.text) for __rt_SIGRTMEM
    _get_argv_nomalloc.o(.text) refers to sys_command.o(.text) for _sys_command_string
    libshutdown.o(.ARM.Collect$$libshutdown$$00000000) refers (Special) to libshutdown2.o(.ARM.Collect$$libshutdown$$00000002) for __rt_lib_shutdown_cpp_1
    libshutdown.o(.ARM.Collect$$libshutdown$$00000000) refers (Special) to libshutdown2.o(.ARM.Collect$$libshutdown$$00000007) for __rt_lib_shutdown_fp_trap_1
    libshutdown.o(.ARM.Collect$$libshutdown$$00000000) refers (Special) to libshutdown2.o(.ARM.Collect$$libshutdown$$0000000F) for __rt_lib_shutdown_heap_1
    libshutdown.o(.ARM.Collect$$libshutdown$$00000000) refers (Special) to libshutdown2.o(.ARM.Collect$$libshutdown$$00000010) for __rt_lib_shutdown_return
    libshutdown.o(.ARM.Collect$$libshutdown$$00000000) refers (Special) to libshutdown2.o(.ARM.Collect$$libshutdown$$0000000A) for __rt_lib_shutdown_signal_1
    libshutdown.o(.ARM.Collect$$libshutdown$$00000000) refers (Special) to libshutdown2.o(.ARM.Collect$$libshutdown$$00000004) for __rt_lib_shutdown_stdio_1
    libshutdown.o(.ARM.Collect$$libshutdown$$00000000) refers (Special) to libshutdown2.o(.ARM.Collect$$libshutdown$$0000000C) for __rt_lib_shutdown_user_alloc_1
    sys_command.o(.text) refers (Special) to use_no_semi.o(.text) for __I$use$semihosting
    sys_command.o(.text) refers (Special) to indicate_semi.o(.text) for __semihosting_library_function
    defsig_rtmem_outer.o(.text) refers to defsig_rtmem_inner.o(.text) for __rt_SIGRTMEM_inner
    defsig_rtmem_outer.o(.text) refers to defsig_exit.o(.text) for __sig_exit
    defsig_rtmem_formal.o(.text) refers to rt_raise.o(.text) for __rt_raise
    rt_raise.o(.text) refers to __raise.o(.text) for __raise
    rt_raise.o(.text) refers to sys_exit.o(.text) for _sys_exit
    defsig_exit.o(.text) refers to sys_exit.o(.text) for _sys_exit
    defsig_rtmem_inner.o(.text) refers to defsig_general.o(.text) for __default_signal_display
    __raise.o(.text) refers to defsig.o(CL$$defsig) for __default_signal_handler
    defsig_general.o(.text) refers to sys_wrch.o(.text) for _ttywrch
    sys_wrch.o(.text) refers (Special) to use_no_semi.o(.text) for __I$use$semihosting
    sys_wrch.o(.text) refers (Special) to indicate_semi.o(.text) for __semihosting_library_function
    defsig.o(CL$$defsig) refers to defsig_rtmem_inner.o(.text) for __rt_SIGRTMEM_inner
    defsig_abrt_inner.o(.text) refers to defsig_general.o(.text) for __default_signal_display
    defsig_fpe_inner.o(.text) refers to defsig_general.o(.text) for __default_signal_display
    defsig_rtred_inner.o(.text) refers to defsig_general.o(.text) for __default_signal_display
    defsig_stak_inner.o(.text) refers to defsig_general.o(.text) for __default_signal_display
    defsig_pvfn_inner.o(.text) refers to defsig_general.o(.text) for __default_signal_display
    defsig_cppl_inner.o(.text) refers to defsig_general.o(.text) for __default_signal_display
    defsig_segv_inner.o(.text) refers to defsig_general.o(.text) for __default_signal_display
    defsig_other.o(.text) refers to defsig_general.o(.text) for __default_signal_display


==============================================================================

Image Symbol Table

    Local Symbols

    Symbol Name                              Value     Ov Type        Size  Object(Section)

    ../Core/Src/main.c                       0x00000000   Number         0  main.o ABSOLUTE
    ../Core/Src/stm32f1xx_hal_msp.c          0x00000000   Number         0  stm32f1xx_hal_msp.o ABSOLUTE
    ../Core/Src/stm32f1xx_it.c               0x00000000   Number         0  stm32f1xx_it.o ABSOLUTE
    ../Core/Src/system_stm32f1xx.c           0x00000000   Number         0  system_stm32f1xx.o ABSOLUTE
    ../Drivers/STM32F1xx_HAL_Driver/Src/stm32f1xx_hal.c 0x00000000   Number         0  stm32f1xx_hal.o ABSOLUTE
    ../Drivers/STM32F1xx_HAL_Driver/Src/stm32f1xx_hal_cortex.c 0x00000000   Number         0  stm32f1xx_hal_cortex.o ABSOLUTE
    ../Drivers/STM32F1xx_HAL_Driver/Src/stm32f1xx_hal_dma.c 0x00000000   Number         0  stm32f1xx_hal_dma.o ABSOLUTE
    ../Drivers/STM32F1xx_HAL_Driver/Src/stm32f1xx_hal_exti.c 0x00000000   Number         0  stm32f1xx_hal_exti.o ABSOLUTE
    ../Drivers/STM32F1xx_HAL_Driver/Src/stm32f1xx_hal_flash.c 0x00000000   Number         0  stm32f1xx_hal_flash.o ABSOLUTE
    ../Drivers/STM32F1xx_HAL_Driver/Src/stm32f1xx_hal_flash_ex.c 0x00000000   Number         0  stm32f1xx_hal_flash_ex.o ABSOLUTE
    ../Drivers/STM32F1xx_HAL_Driver/Src/stm32f1xx_hal_gpio.c 0x00000000   Number         0  stm32f1xx_hal_gpio.o ABSOLUTE
    ../Drivers/STM32F1xx_HAL_Driver/Src/stm32f1xx_hal_gpio_ex.c 0x00000000   Number         0  stm32f1xx_hal_gpio_ex.o ABSOLUTE
    ../Drivers/STM32F1xx_HAL_Driver/Src/stm32f1xx_hal_pwr.c 0x00000000   Number         0  stm32f1xx_hal_pwr.o ABSOLUTE
    ../Drivers/STM32F1xx_HAL_Driver/Src/stm32f1xx_hal_rcc.c 0x00000000   Number         0  stm32f1xx_hal_rcc.o ABSOLUTE
    ../Drivers/STM32F1xx_HAL_Driver/Src/stm32f1xx_hal_rcc_ex.c 0x00000000   Number         0  stm32f1xx_hal_rcc_ex.o ABSOLUTE
    ../Drivers/STM32F1xx_HAL_Driver/Src/stm32f1xx_hal_tim.c 0x00000000   Number         0  stm32f1xx_hal_tim.o ABSOLUTE
    ../Drivers/STM32F1xx_HAL_Driver/Src/stm32f1xx_hal_tim_ex.c 0x00000000   Number         0  stm32f1xx_hal_tim_ex.o ABSOLUTE
    ../Drivers/STM32F1xx_HAL_Driver/Src/stm32f1xx_hal_uart.c 0x00000000   Number         0  stm32f1xx_hal_uart.o ABSOLUTE
    ../clib/angel/boardlib.s                 0x00000000   Number         0  boardinit3.o ABSOLUTE
    ../clib/angel/boardlib.s                 0x00000000   Number         0  boardshut.o ABSOLUTE
    ../clib/angel/boardlib.s                 0x00000000   Number         0  boardinit2.o ABSOLUTE
    ../clib/angel/boardlib.s                 0x00000000   Number         0  boardinit1.o ABSOLUTE
    ../clib/angel/dczerorl2.s                0x00000000   Number         0  __dczerorl2.o ABSOLUTE
    ../clib/angel/handlers.s                 0x00000000   Number         0  __scatter_zi.o ABSOLUTE
    ../clib/angel/kernel.s                   0x00000000   Number         0  rtexit2.o ABSOLUTE
    ../clib/angel/kernel.s                   0x00000000   Number         0  __rtentry.o ABSOLUTE
    ../clib/angel/kernel.s                   0x00000000   Number         0  rtexit.o ABSOLUTE
    ../clib/angel/kernel.s                   0x00000000   Number         0  __rtentry2.o ABSOLUTE
    ../clib/angel/kernel.s                   0x00000000   Number         0  __rtentry4.o ABSOLUTE
    ../clib/angel/rt.s                       0x00000000   Number         0  rt_raise.o ABSOLUTE
    ../clib/angel/scatter.s                  0x00000000   Number         0  __scatter.o ABSOLUTE
    ../clib/angel/startup.s                  0x00000000   Number         0  __main.o ABSOLUTE
    ../clib/angel/sys.s                      0x00000000   Number         0  use_no_semi.o ABSOLUTE
    ../clib/angel/sys.s                      0x00000000   Number         0  indicate_semi.o ABSOLUTE
    ../clib/angel/sys.s                      0x00000000   Number         0  sys_stackheap_outer.o ABSOLUTE
    ../clib/angel/sys.s                      0x00000000   Number         0  libspace.o ABSOLUTE
    ../clib/angel/sysapp.c                   0x00000000   Number         0  sys_exit.o ABSOLUTE
    ../clib/angel/sysapp.c                   0x00000000   Number         0  sys_wrch.o ABSOLUTE
    ../clib/angel/sysapp.c                   0x00000000   Number         0  sys_command.o ABSOLUTE
    ../clib/armsys.c                         0x00000000   Number         0  argv_veneer.o ABSOLUTE
    ../clib/armsys.c                         0x00000000   Number         0  no_argv.o ABSOLUTE
    ../clib/armsys.c                         0x00000000   Number         0  argv_veneer.o ABSOLUTE
    ../clib/armsys.c                         0x00000000   Number         0  _get_argv_nomalloc.o ABSOLUTE
    ../clib/heapalloc.c                      0x00000000   Number         0  hrguard.o ABSOLUTE
    ../clib/heapaux.c                        0x00000000   Number         0  heapauxi.o ABSOLUTE
    ../clib/libinit.s                        0x00000000   Number         0  libinit2.o ABSOLUTE
    ../clib/libinit.s                        0x00000000   Number         0  libshutdown2.o ABSOLUTE
    ../clib/libinit.s                        0x00000000   Number         0  libshutdown.o ABSOLUTE
    ../clib/libinit.s                        0x00000000   Number         0  libinit.o ABSOLUTE
    ../clib/longlong.s                       0x00000000   Number         0  llushr.o ABSOLUTE
    ../clib/signal.c                         0x00000000   Number         0  defsig_rtred_inner.o ABSOLUTE
    ../clib/signal.c                         0x00000000   Number         0  defsig_fpe_inner.o ABSOLUTE
    ../clib/signal.c                         0x00000000   Number         0  defsig_stak_inner.o ABSOLUTE
    ../clib/signal.c                         0x00000000   Number         0  defsig_general.o ABSOLUTE
    ../clib/signal.c                         0x00000000   Number         0  defsig_rtmem_outer.o ABSOLUTE
    ../clib/signal.c                         0x00000000   Number         0  defsig_abrt_inner.o ABSOLUTE
    ../clib/signal.c                         0x00000000   Number         0  defsig_rtmem_formal.o ABSOLUTE
    ../clib/signal.c                         0x00000000   Number         0  defsig_segv_inner.o ABSOLUTE
    ../clib/signal.c                         0x00000000   Number         0  defsig_exit.o ABSOLUTE
    ../clib/signal.c                         0x00000000   Number         0  defsig_other.o ABSOLUTE
    ../clib/signal.c                         0x00000000   Number         0  defsig_rtmem_inner.o ABSOLUTE
    ../clib/signal.c                         0x00000000   Number         0  __raise.o ABSOLUTE
    ../clib/signal.c                         0x00000000   Number         0  defsig_cppl_inner.o ABSOLUTE
    ../clib/signal.c                         0x00000000   Number         0  defsig_pvfn_inner.o ABSOLUTE
    ../clib/signal.s                         0x00000000   Number         0  defsig.o ABSOLUTE
    ../clib/stdlib.c                         0x00000000   Number         0  exit.o ABSOLUTE
    ../fplib/faddsub.s                       0x00000000   Number         0  faddsub_clz.o ABSOLUTE
    ../fplib/fcheck1.s                       0x00000000   Number         0  fcheck1.o ABSOLUTE
    ../fplib/fdiv.s                          0x00000000   Number         0  fdiv.o ABSOLUTE
    ../fplib/ffixu.s                         0x00000000   Number         0  ffixu.o ABSOLUTE
    ../fplib/fflt.s                          0x00000000   Number         0  fflt_clz.o ABSOLUTE
    ../fplib/fnaninf.s                       0x00000000   Number         0  fnaninf.o ABSOLUTE
    ../fplib/fpinit.s                        0x00000000   Number         0  fpinit.o ABSOLUTE
    ../fplib/fretinf.s                       0x00000000   Number         0  fretinf.o ABSOLUTE
    ../fplib/retnan.s                        0x00000000   Number         0  retnan.o ABSOLUTE
    ../fplib/scalbnf.s                       0x00000000   Number         0  scalbnf.o ABSOLUTE
    ../fplib/trapv.s                         0x00000000   Number         0  trapv.o ABSOLUTE
    ../fplib/usenofp.s                       0x00000000   Number         0  usenofp.o ABSOLUTE
    ..\Component\ADC_Handmade.c              0x00000000   Number         0  adc_handmade.o ABSOLUTE
    ..\Component\Bootloader.c                0x00000000   Number         0  bootloader.o ABSOLUTE
    ..\Component\DMA_Handmade.c              0x00000000   Number         0  dma_handmade.o ABSOLUTE
    ..\Component\FlashSTM32.c                0x00000000   Number         0  flashstm32.o ABSOLUTE
    ..\Component\Flash_Handmade.c            0x00000000   Number         0  flash_handmade.o ABSOLUTE
    ..\Component\FreeRTOS_Handmade.c         0x00000000   Number         0  freertos_handmade.o ABSOLUTE
    ..\Component\GPIO_Handmade.c             0x00000000   Number         0  gpio_handmade.o ABSOLUTE
    ..\Component\InitSystemPeripheral.c      0x00000000   Number         0  initsystemperipheral.o ABSOLUTE
    ..\Component\NVIC_Handmade.c             0x00000000   Number         0  nvic_handmade.o ABSOLUTE
    ..\Component\RCC_Handmade.c              0x00000000   Number         0  rcc_handmade.o ABSOLUTE
    ..\Component\SCB_Base.c                  0x00000000   Number         0  scb_base.o ABSOLUTE
    ..\Component\Systick_Handmade.c          0x00000000   Number         0  systick_handmade.o ABSOLUTE
    ..\Component\Timer_Handmade.c            0x00000000   Number         0  timer_handmade.o ABSOLUTE
    ..\Component\UART_Data_Manager.c         0x00000000   Number         0  uart_data_manager.o ABSOLUTE
    ..\Component\UART_Handmade.c             0x00000000   Number         0  uart_handmade.o ABSOLUTE
    ..\Component\cortex_m3.c                 0x00000000   Number         0  cortex_m3.o ABSOLUTE
    ..\Component\switch.asm                  0x00000000   Number         0  switch.o ABSOLUTE
    ..\Core\Src\main.c                       0x00000000   Number         0  main.o ABSOLUTE
    ..\Core\Src\stm32f1xx_hal_msp.c          0x00000000   Number         0  stm32f1xx_hal_msp.o ABSOLUTE
    ..\Core\Src\stm32f1xx_it.c               0x00000000   Number         0  stm32f1xx_it.o ABSOLUTE
    ..\Core\Src\system_stm32f1xx.c           0x00000000   Number         0  system_stm32f1xx.o ABSOLUTE
    ..\Drivers\STM32F1xx_HAL_Driver\Src\stm32f1xx_hal.c 0x00000000   Number         0  stm32f1xx_hal.o ABSOLUTE
    ..\Drivers\STM32F1xx_HAL_Driver\Src\stm32f1xx_hal_cortex.c 0x00000000   Number         0  stm32f1xx_hal_cortex.o ABSOLUTE
    ..\Drivers\STM32F1xx_HAL_Driver\Src\stm32f1xx_hal_dma.c 0x00000000   Number         0  stm32f1xx_hal_dma.o ABSOLUTE
    ..\Drivers\STM32F1xx_HAL_Driver\Src\stm32f1xx_hal_exti.c 0x00000000   Number         0  stm32f1xx_hal_exti.o ABSOLUTE
    ..\Drivers\STM32F1xx_HAL_Driver\Src\stm32f1xx_hal_flash.c 0x00000000   Number         0  stm32f1xx_hal_flash.o ABSOLUTE
    ..\Drivers\STM32F1xx_HAL_Driver\Src\stm32f1xx_hal_flash_ex.c 0x00000000   Number         0  stm32f1xx_hal_flash_ex.o ABSOLUTE
    ..\Drivers\STM32F1xx_HAL_Driver\Src\stm32f1xx_hal_gpio.c 0x00000000   Number         0  stm32f1xx_hal_gpio.o ABSOLUTE
    ..\Drivers\STM32F1xx_HAL_Driver\Src\stm32f1xx_hal_gpio_ex.c 0x00000000   Number         0  stm32f1xx_hal_gpio_ex.o ABSOLUTE
    ..\Drivers\STM32F1xx_HAL_Driver\Src\stm32f1xx_hal_pwr.c 0x00000000   Number         0  stm32f1xx_hal_pwr.o ABSOLUTE
    ..\Drivers\STM32F1xx_HAL_Driver\Src\stm32f1xx_hal_rcc.c 0x00000000   Number         0  stm32f1xx_hal_rcc.o ABSOLUTE
    ..\Drivers\STM32F1xx_HAL_Driver\Src\stm32f1xx_hal_rcc_ex.c 0x00000000   Number         0  stm32f1xx_hal_rcc_ex.o ABSOLUTE
    ..\Drivers\STM32F1xx_HAL_Driver\Src\stm32f1xx_hal_tim.c 0x00000000   Number         0  stm32f1xx_hal_tim.o ABSOLUTE
    ..\Drivers\STM32F1xx_HAL_Driver\Src\stm32f1xx_hal_tim_ex.c 0x00000000   Number         0  stm32f1xx_hal_tim_ex.o ABSOLUTE
    ..\Drivers\STM32F1xx_HAL_Driver\Src\stm32f1xx_hal_uart.c 0x00000000   Number         0  stm32f1xx_hal_uart.o ABSOLUTE
    ..\\Component\\Bootloader.c              0x00000000   Number         0  bootloader.o ABSOLUTE
    ..\\Component\\FlashSTM32.c              0x00000000   Number         0  flashstm32.o ABSOLUTE
    dc.s                                     0x00000000   Number         0  dc.o ABSOLUTE
    startup_stm32f103xb.s                    0x00000000   Number         0  startup_stm32f103xb.o ABSOLUTE
    RESET                                    0x08000000   Section      236  startup_stm32f103xb.o(RESET)
    !!!main                                  0x080000ec   Section        8  __main.o(!!!main)
    !!!scatter                               0x080000f4   Section       52  __scatter.o(!!!scatter)
    !!dczerorl2                              0x08000128   Section       90  __dczerorl2.o(!!dczerorl2)
    !!handler_zi                             0x08000184   Section       28  __scatter_zi.o(!!handler_zi)
    .ARM.Collect$$libinit$$00000000          0x080001a0   Section        2  libinit.o(.ARM.Collect$$libinit$$00000000)
    .ARM.Collect$$libinit$$00000002          0x080001a2   Section        0  libinit2.o(.ARM.Collect$$libinit$$00000002)
    .ARM.Collect$$libinit$$00000004          0x080001a2   Section        0  libinit2.o(.ARM.Collect$$libinit$$00000004)
    .ARM.Collect$$libinit$$0000000A          0x080001a2   Section        0  libinit2.o(.ARM.Collect$$libinit$$0000000A)
    .ARM.Collect$$libinit$$0000000C          0x080001a2   Section        0  libinit2.o(.ARM.Collect$$libinit$$0000000C)
    .ARM.Collect$$libinit$$0000000E          0x080001a2   Section        0  libinit2.o(.ARM.Collect$$libinit$$0000000E)
    .ARM.Collect$$libinit$$00000011          0x080001a2   Section        0  libinit2.o(.ARM.Collect$$libinit$$00000011)
    .ARM.Collect$$libinit$$00000013          0x080001a2   Section        0  libinit2.o(.ARM.Collect$$libinit$$00000013)
    .ARM.Collect$$libinit$$00000015          0x080001a2   Section        0  libinit2.o(.ARM.Collect$$libinit$$00000015)
    .ARM.Collect$$libinit$$00000017          0x080001a2   Section        0  libinit2.o(.ARM.Collect$$libinit$$00000017)
    .ARM.Collect$$libinit$$00000019          0x080001a2   Section        0  libinit2.o(.ARM.Collect$$libinit$$00000019)
    .ARM.Collect$$libinit$$0000001B          0x080001a2   Section        0  libinit2.o(.ARM.Collect$$libinit$$0000001B)
    .ARM.Collect$$libinit$$0000001D          0x080001a2   Section        0  libinit2.o(.ARM.Collect$$libinit$$0000001D)
    .ARM.Collect$$libinit$$0000001F          0x080001a2   Section        0  libinit2.o(.ARM.Collect$$libinit$$0000001F)
    .ARM.Collect$$libinit$$00000021          0x080001a2   Section        0  libinit2.o(.ARM.Collect$$libinit$$00000021)
    .ARM.Collect$$libinit$$00000023          0x080001a2   Section        0  libinit2.o(.ARM.Collect$$libinit$$00000023)
    .ARM.Collect$$libinit$$00000025          0x080001a2   Section        0  libinit2.o(.ARM.Collect$$libinit$$00000025)
    .ARM.Collect$$libinit$$0000002C          0x080001a2   Section        0  libinit2.o(.ARM.Collect$$libinit$$0000002C)
    .ARM.Collect$$libinit$$0000002E          0x080001a2   Section        0  libinit2.o(.ARM.Collect$$libinit$$0000002E)
    .ARM.Collect$$libinit$$00000030          0x080001a2   Section        0  libinit2.o(.ARM.Collect$$libinit$$00000030)
    .ARM.Collect$$libinit$$00000032          0x080001a2   Section        0  libinit2.o(.ARM.Collect$$libinit$$00000032)
    .ARM.Collect$$libinit$$00000033          0x080001a2   Section        2  libinit2.o(.ARM.Collect$$libinit$$00000033)
    .ARM.Collect$$libshutdown$$00000000      0x080001a4   Section        2  libshutdown.o(.ARM.Collect$$libshutdown$$00000000)
    .ARM.Collect$$libshutdown$$00000002      0x080001a6   Section        0  libshutdown2.o(.ARM.Collect$$libshutdown$$00000002)
    .ARM.Collect$$libshutdown$$00000004      0x080001a6   Section        0  libshutdown2.o(.ARM.Collect$$libshutdown$$00000004)
    .ARM.Collect$$libshutdown$$00000007      0x080001a6   Section        0  libshutdown2.o(.ARM.Collect$$libshutdown$$00000007)
    .ARM.Collect$$libshutdown$$0000000A      0x080001a6   Section        0  libshutdown2.o(.ARM.Collect$$libshutdown$$0000000A)
    .ARM.Collect$$libshutdown$$0000000C      0x080001a6   Section        0  libshutdown2.o(.ARM.Collect$$libshutdown$$0000000C)
    .ARM.Collect$$libshutdown$$0000000F      0x080001a6   Section        0  libshutdown2.o(.ARM.Collect$$libshutdown$$0000000F)
    .ARM.Collect$$libshutdown$$00000010      0x080001a6   Section        2  libshutdown2.o(.ARM.Collect$$libshutdown$$00000010)
    .ARM.Collect$$rtentry$$00000000          0x080001a8   Section        0  __rtentry.o(.ARM.Collect$$rtentry$$00000000)
    .ARM.Collect$$rtentry$$00000002          0x080001a8   Section        0  __rtentry2.o(.ARM.Collect$$rtentry$$00000002)
    .ARM.Collect$$rtentry$$00000004          0x080001a8   Section        6  __rtentry4.o(.ARM.Collect$$rtentry$$00000004)
    .ARM.Collect$$rtentry$$00000009          0x080001ae   Section        0  __rtentry2.o(.ARM.Collect$$rtentry$$00000009)
    .ARM.Collect$$rtentry$$0000000A          0x080001ae   Section        4  __rtentry2.o(.ARM.Collect$$rtentry$$0000000A)
    .ARM.Collect$$rtentry$$0000000C          0x080001b2   Section        0  __rtentry2.o(.ARM.Collect$$rtentry$$0000000C)
    .ARM.Collect$$rtentry$$0000000D          0x080001b2   Section        8  __rtentry2.o(.ARM.Collect$$rtentry$$0000000D)
    .ARM.Collect$$rtexit$$00000000           0x080001ba   Section        2  rtexit.o(.ARM.Collect$$rtexit$$00000000)
    .ARM.Collect$$rtexit$$00000002           0x080001bc   Section        0  rtexit2.o(.ARM.Collect$$rtexit$$00000002)
    .ARM.Collect$$rtexit$$00000003           0x080001bc   Section        4  rtexit2.o(.ARM.Collect$$rtexit$$00000003)
    .ARM.Collect$$rtexit$$00000004           0x080001c0   Section        6  rtexit2.o(.ARM.Collect$$rtexit$$00000004)
    .text                                    0x080001c8   Section       64  startup_stm32f103xb.o(.text)
    .text                                    0x08000208   Section        0  heapauxi.o(.text)
    .text                                    0x0800020e   Section       74  sys_stackheap_outer.o(.text)
    .text                                    0x08000258   Section        0  exit.o(.text)
    .text                                    0x0800026c   Section        8  libspace.o(.text)
    .text                                    0x08000274   Section        0  sys_exit.o(.text)
    .text                                    0x08000280   Section        2  use_no_semi.o(.text)
    .text                                    0x08000282   Section        0  indicate_semi.o(.text)
    i.ADC_DMA_Start                          0x08000284   Section        0  adc_handmade.o(i.ADC_DMA_Start)
    i.ADC_EnableClock                        0x080002a8   Section        0  adc_handmade.o(i.ADC_EnableClock)
    i.ADC_Init                               0x080002d0   Section        0  adc_handmade.o(i.ADC_Init)
    i.AddressMemory                          0x08000538   Section        0  dma_handmade.o(i.AddressMemory)
    i.AddressPeripheral                      0x0800054c   Section        0  dma_handmade.o(i.AddressPeripheral)
    i.BusFault_Handler                       0x08000560   Section        0  stm32f1xx_it.o(i.BusFault_Handler)
    i.ControlDevice                          0x08000564   Section        0  uart_data_manager.o(i.ControlDevice)
    i.DMA_Init                               0x080005e4   Section        0  dma_handmade.o(i.DMA_Init)
    i.DMA_Start                              0x0800075c   Section        0  dma_handmade.o(i.DMA_Start)
    i.DebugMon_Handler                       0x08000794   Section        0  stm32f1xx_it.o(i.DebugMon_Handler)
    i.Delay_SysTick                          0x08000798   Section        0  systick_handmade.o(i.Delay_SysTick)
    i.EnableInterrupt_RX_UARTx               0x080007ac   Section        0  uart_handmade.o(i.EnableInterrupt_RX_UARTx)
    i.Enable_Clock_RCC_AHB                   0x080007d8   Section        0  rcc_handmade.o(i.Enable_Clock_RCC_AHB)
    i.Enable_Clock_RCC_APB1                  0x080007f4   Section        0  rcc_handmade.o(i.Enable_Clock_RCC_APB1)
    i.Enable_Clock_RCC_APB2                  0x08000810   Section        0  rcc_handmade.o(i.Enable_Clock_RCC_APB2)
    i.Enable_Intterupt_NVIC                  0x0800082c   Section        0  nvic_handmade.o(i.Enable_Intterupt_NVIC)
    i.Flash_AdjustForCLK                     0x08000848   Section        0  flash_handmade.o(i.Flash_AdjustForCLK)
    i.Flash_ErasePage                        0x080008bc   Section        0  flash_handmade.o(i.Flash_ErasePage)
    i.Flash_Lock                             0x08000938   Section        0  flash_handmade.o(i.Flash_Lock)
    i.Flash_Unlock                           0x08000948   Section        0  flash_handmade.o(i.Flash_Unlock)
    i.Flash_WriteHalfWord                    0x08000960   Section        0  flash_handmade.o(i.Flash_WriteHalfWord)
    i.HAL_IncTick                            0x0800099c   Section        0  stm32f1xx_hal.o(i.HAL_IncTick)
    i.HAL_Init                               0x080009ac   Section        0  stm32f1xx_hal.o(i.HAL_Init)
    i.HAL_InitTick                           0x080009d0   Section        0  stm32f1xx_hal.o(i.HAL_InitTick)
    i.HAL_MspInit                            0x08000a10   Section        0  stm32f1xx_hal_msp.o(i.HAL_MspInit)
    i.HAL_NVIC_SetPriority                   0x08000a4c   Section        0  stm32f1xx_hal_cortex.o(i.HAL_NVIC_SetPriority)
    i.HAL_NVIC_SetPriorityGrouping           0x08000a8c   Section        0  stm32f1xx_hal_cortex.o(i.HAL_NVIC_SetPriorityGrouping)
    i.HAL_SYSTICK_Config                     0x08000ab0   Section        0  stm32f1xx_hal_cortex.o(i.HAL_SYSTICK_Config)
    i.HardFault_Handler                      0x08000ad8   Section        0  stm32f1xx_it.o(i.HardFault_Handler)
    i.InitDataManager                        0x08000adc   Section        0  uart_data_manager.o(i.InitDataManager)
    i.InitDataToESP32                        0x08000b00   Section        0  uart_data_manager.o(i.InitDataToESP32)
    i.InitGPIO                               0x08000bcc   Section        0  gpio_handmade.o(i.InitGPIO)
    i.InitGPIO_Control_Device                0x08000c54   Section        0  initsystemperipheral.o(i.InitGPIO_Control_Device)
    i.InitSystemPeripheral                   0x08000c80   Section        0  initsystemperipheral.o(i.InitSystemPeripheral)
    i.MemManage_Handler                      0x08000cd8   Section        0  stm32f1xx_it.o(i.MemManage_Handler)
    i.NMI_Handler                            0x08000cda   Section        0  stm32f1xx_it.o(i.NMI_Handler)
    i.NVIC_SystemReset_handmade              0x08000cdc   Section        0  scb_base.o(i.NVIC_SystemReset_handmade)
    i.OFF_Led_Hardware                       0x08000cf4   Section        0  gpio_handmade.o(i.OFF_Led_Hardware)
    i.ON_Led_Hardware                        0x08000cfe   Section        0  gpio_handmade.o(i.ON_Led_Hardware)
    i.PendSV_Handler                         0x08000d08   Section        0  stm32f1xx_it.o(i.PendSV_Handler)
    i.ReciveUART                             0x08000d0c   Section        0  uart_data_manager.o(i.ReciveUART)
    i.SVC_Handler                            0x08000d44   Section        0  stm32f1xx_it.o(i.SVC_Handler)
    i.Select_Frequency_CLK                   0x08000d48   Section        0  rcc_handmade.o(i.Select_Frequency_CLK)
    i.Select_Prescaler_RCC                   0x08000e40   Section        0  rcc_handmade.o(i.Select_Prescaler_RCC)
    i.Select_Sources_Clock                   0x08000edc   Section        0  rcc_handmade.o(i.Select_Sources_Clock)
    i.SignalModeNormal_LED                   0x08000f1c   Section        0  uart_data_manager.o(i.SignalModeNormal_LED)
    i.SysTick_Handler                        0x08000f86   Section        0  stm32f1xx_it.o(i.SysTick_Handler)
    i.SysTick_Init                           0x08000f8a   Section        0  systick_handmade.o(i.SysTick_Init)
    i.SystemInit                             0x08000fe0   Section        0  system_stm32f1xx.o(i.SystemInit)
    i.TransmitDataUART                       0x08000fe4   Section        0  uart_handmade.o(i.TransmitDataUART)
    i.UARTInit                               0x08001024   Section        0  uart_handmade.o(i.UARTInit)
    i.UART_Controller                        0x08001248   Section        0  uart_data_manager.o(i.UART_Controller)
    i.USART1_IRQHandler                      0x08001288   Section        0  main.o(i.USART1_IRQHandler)
    i.UsageFault_Handler                     0x08001298   Section        0  stm32f1xx_it.o(i.UsageFault_Handler)
    i.WritePin                               0x0800129c   Section        0  gpio_handmade.o(i.WritePin)
    i.__NVIC_SetPriority                     0x080012e4   Section        0  stm32f1xx_hal_cortex.o(i.__NVIC_SetPriority)
    __NVIC_SetPriority                       0x080012e5   Thumb Code    32  stm32f1xx_hal_cortex.o(i.__NVIC_SetPriority)
    i.getFrequencyAPB1                       0x08001304   Section        0  rcc_handmade.o(i.getFrequencyAPB1)
    i.getFrequencyAPB2                       0x08001324   Section        0  rcc_handmade.o(i.getFrequencyAPB2)
    i.getFrequencyRCC                        0x08001344   Section        0  rcc_handmade.o(i.getFrequencyRCC)
    i.init_RCC                               0x08001350   Section        0  rcc_handmade.o(i.init_RCC)
    i.main                                   0x080013ac   Section        0  main.o(i.main)
    x$fpl$fadd                               0x080013f0   Section      196  faddsub_clz.o(x$fpl$fadd)
    _fadd1                                   0x080013ff   Thumb Code     0  faddsub_clz.o(x$fpl$fadd)
    x$fpl$fcheck1                            0x080014b4   Section       12  fcheck1.o(x$fpl$fcheck1)
    x$fpl$fdiv                               0x080014c0   Section      388  fdiv.o(x$fpl$fdiv)
    _fdiv1                                   0x080014c1   Thumb Code     0  fdiv.o(x$fpl$fdiv)
    x$fpl$ffixu                              0x08001644   Section       62  ffixu.o(x$fpl$ffixu)
    x$fpl$ffltu                              0x08001684   Section       38  fflt_clz.o(x$fpl$ffltu)
    x$fpl$fnaninf                            0x080016aa   Section      140  fnaninf.o(x$fpl$fnaninf)
    x$fpl$fretinf                            0x08001736   Section       10  fretinf.o(x$fpl$fretinf)
    x$fpl$frsb                               0x08001740   Section       20  faddsub_clz.o(x$fpl$frsb)
    x$fpl$fsub                               0x08001754   Section      234  faddsub_clz.o(x$fpl$fsub)
    _fsub1                                   0x08001763   Thumb Code     0  faddsub_clz.o(x$fpl$fsub)
    x$fpl$retnan                             0x0800183e   Section      100  retnan.o(x$fpl$retnan)
    x$fpl$scalbnf                            0x080018a2   Section       76  scalbnf.o(x$fpl$scalbnf)
    x$fpl$trapveneer                         0x080018ee   Section       48  trapv.o(x$fpl$trapveneer)
    x$fpl$usenofp                            0x0800191e   Section        0  usenofp.o(x$fpl$usenofp)
    .constdata                               0x08001920   Section        8  initsystemperipheral.o(.constdata)
    .data                                    0x20000000   Section      124  main.o(.data)
    .data                                    0x2000007c   Section       12  stm32f1xx_hal.o(.data)
    .data                                    0x20000088   Section        4  system_stm32f1xx.o(.data)
    .data                                    0x2000008c   Section       28  gpio_handmade.o(.data)
    GPIO_List                                0x2000008c   Data          28  gpio_handmade.o(.data)
    .data                                    0x200000a8   Section        8  rcc_handmade.o(.data)
    .data                                    0x200000b0   Section        4  systick_handmade.o(.data)
    .data                                    0x200000b4   Section       16  uart_handmade.o(.data)
    idx                                      0x200000b4   Data           1  uart_handmade.o(.data)
    .data                                    0x200000c4   Section      160  initsystemperipheral.o(.data)
    .data                                    0x20000164   Section        4  uart_data_manager.o(.data)
    .bss                                     0x20000168   Section       96  libspace.o(.bss)
    HEAP                                     0x200001c8   Section      512  startup_stm32f103xb.o(HEAP)
    Heap_Mem                                 0x200001c8   Data         512  startup_stm32f103xb.o(HEAP)
    STACK                                    0x200003c8   Section     1024  startup_stm32f103xb.o(STACK)
    Stack_Mem                                0x200003c8   Data        1024  startup_stm32f103xb.o(STACK)
    __initial_sp                             0x200007c8   Data           0  startup_stm32f103xb.o(STACK)

    Global Symbols

    Symbol Name                              Value     Ov Type        Size  Object(Section)

    BuildAttributes$$THM_ISAv4$P$D$K$B$S$PE$A:L22UL41UL21$X:L11$S22US41US21$IEEE1$IW$USESV6$~STKCKD$USESV7$~SHL$OSPACE$ROPI$EBA8$UX$STANDARDLIB$REQ8$PRES8$EABIv2 0x00000000   Number         0  anon$$obj.o ABSOLUTE
    __ARM_use_no_argv                        0x00000000   Number         0  main.o ABSOLUTE
    __ARM_exceptions_init                     - Undefined Weak Reference
    __alloca_initialize                       - Undefined Weak Reference
    __arm_preinit_                            - Undefined Weak Reference
    __cpp_initialize__aeabi_                  - Undefined Weak Reference
    __cxa_finalize                            - Undefined Weak Reference
    __rt_locale                               - Undefined Weak Reference
    __sigvec_lookup                           - Undefined Weak Reference
    _atexit_init                              - Undefined Weak Reference
    _call_atexit_fns                          - Undefined Weak Reference
    _clock_init                               - Undefined Weak Reference
    _fp_trap_init                             - Undefined Weak Reference
    _fp_trap_shutdown                         - Undefined Weak Reference
    _get_lc_collate                           - Undefined Weak Reference
    _get_lc_ctype                             - Undefined Weak Reference
    _get_lc_monetary                          - Undefined Weak Reference
    _get_lc_numeric                           - Undefined Weak Reference
    _get_lc_time                              - Undefined Weak Reference
    _getenv_init                              - Undefined Weak Reference
    _handle_redirection                       - Undefined Weak Reference
    _init_alloc                               - Undefined Weak Reference
    _init_user_alloc                          - Undefined Weak Reference
    _initio                                   - Undefined Weak Reference
    _rand_init                                - Undefined Weak Reference
    _signal_finish                            - Undefined Weak Reference
    _signal_init                              - Undefined Weak Reference
    _terminate_alloc                          - Undefined Weak Reference
    _terminate_user_alloc                     - Undefined Weak Reference
    _terminateio                              - Undefined Weak Reference
    __Vectors_Size                           0x000000ec   Number         0  startup_stm32f103xb.o ABSOLUTE
    __Vectors                                0x08000000   Data           4  startup_stm32f103xb.o(RESET)
    __Vectors_End                            0x080000ec   Data           0  startup_stm32f103xb.o(RESET)
    __main                                   0x080000ed   Thumb Code     8  __main.o(!!!main)
    __scatterload                            0x080000f5   Thumb Code     0  __scatter.o(!!!scatter)
    __scatterload_rt2                        0x080000f5   Thumb Code    44  __scatter.o(!!!scatter)
    __scatterload_rt2_thumb_only             0x080000f5   Thumb Code     0  __scatter.o(!!!scatter)
    __scatterload_null                       0x08000103   Thumb Code     0  __scatter.o(!!!scatter)
    __decompress                             0x08000129   Thumb Code    90  __dczerorl2.o(!!dczerorl2)
    __decompress1                            0x08000129   Thumb Code     0  __dczerorl2.o(!!dczerorl2)
    __scatterload_zeroinit                   0x08000185   Thumb Code    28  __scatter_zi.o(!!handler_zi)
    __rt_lib_init                            0x080001a1   Thumb Code     0  libinit.o(.ARM.Collect$$libinit$$00000000)
    __rt_lib_init_alloca_1                   0x080001a3   Thumb Code     0  libinit2.o(.ARM.Collect$$libinit$$0000002E)
    __rt_lib_init_argv_1                     0x080001a3   Thumb Code     0  libinit2.o(.ARM.Collect$$libinit$$0000002C)
    __rt_lib_init_atexit_1                   0x080001a3   Thumb Code     0  libinit2.o(.ARM.Collect$$libinit$$0000001B)
    __rt_lib_init_clock_1                    0x080001a3   Thumb Code     0  libinit2.o(.ARM.Collect$$libinit$$00000021)
    __rt_lib_init_cpp_1                      0x080001a3   Thumb Code     0  libinit2.o(.ARM.Collect$$libinit$$00000032)
    __rt_lib_init_exceptions_1               0x080001a3   Thumb Code     0  libinit2.o(.ARM.Collect$$libinit$$00000030)
    __rt_lib_init_fp_1                       0x080001a3   Thumb Code     0  libinit2.o(.ARM.Collect$$libinit$$00000002)
    __rt_lib_init_fp_trap_1                  0x080001a3   Thumb Code     0  libinit2.o(.ARM.Collect$$libinit$$0000001F)
    __rt_lib_init_getenv_1                   0x080001a3   Thumb Code     0  libinit2.o(.ARM.Collect$$libinit$$00000023)
    __rt_lib_init_heap_1                     0x080001a3   Thumb Code     0  libinit2.o(.ARM.Collect$$libinit$$0000000A)
    __rt_lib_init_lc_collate_1               0x080001a3   Thumb Code     0  libinit2.o(.ARM.Collect$$libinit$$00000011)
    __rt_lib_init_lc_ctype_1                 0x080001a3   Thumb Code     0  libinit2.o(.ARM.Collect$$libinit$$00000013)
    __rt_lib_init_lc_monetary_1              0x080001a3   Thumb Code     0  libinit2.o(.ARM.Collect$$libinit$$00000015)
    __rt_lib_init_lc_numeric_1               0x080001a3   Thumb Code     0  libinit2.o(.ARM.Collect$$libinit$$00000017)
    __rt_lib_init_lc_time_1                  0x080001a3   Thumb Code     0  libinit2.o(.ARM.Collect$$libinit$$00000019)
    __rt_lib_init_preinit_1                  0x080001a3   Thumb Code     0  libinit2.o(.ARM.Collect$$libinit$$00000004)
    __rt_lib_init_rand_1                     0x080001a3   Thumb Code     0  libinit2.o(.ARM.Collect$$libinit$$0000000E)
    __rt_lib_init_return                     0x080001a3   Thumb Code     0  libinit2.o(.ARM.Collect$$libinit$$00000033)
    __rt_lib_init_signal_1                   0x080001a3   Thumb Code     0  libinit2.o(.ARM.Collect$$libinit$$0000001D)
    __rt_lib_init_stdio_1                    0x080001a3   Thumb Code     0  libinit2.o(.ARM.Collect$$libinit$$00000025)
    __rt_lib_init_user_alloc_1               0x080001a3   Thumb Code     0  libinit2.o(.ARM.Collect$$libinit$$0000000C)
    __rt_lib_shutdown                        0x080001a5   Thumb Code     0  libshutdown.o(.ARM.Collect$$libshutdown$$00000000)
    __rt_lib_shutdown_cpp_1                  0x080001a7   Thumb Code     0  libshutdown2.o(.ARM.Collect$$libshutdown$$00000002)
    __rt_lib_shutdown_fp_trap_1              0x080001a7   Thumb Code     0  libshutdown2.o(.ARM.Collect$$libshutdown$$00000007)
    __rt_lib_shutdown_heap_1                 0x080001a7   Thumb Code     0  libshutdown2.o(.ARM.Collect$$libshutdown$$0000000F)
    __rt_lib_shutdown_return                 0x080001a7   Thumb Code     0  libshutdown2.o(.ARM.Collect$$libshutdown$$00000010)
    __rt_lib_shutdown_signal_1               0x080001a7   Thumb Code     0  libshutdown2.o(.ARM.Collect$$libshutdown$$0000000A)
    __rt_lib_shutdown_stdio_1                0x080001a7   Thumb Code     0  libshutdown2.o(.ARM.Collect$$libshutdown$$00000004)
    __rt_lib_shutdown_user_alloc_1           0x080001a7   Thumb Code     0  libshutdown2.o(.ARM.Collect$$libshutdown$$0000000C)
    __rt_entry                               0x080001a9   Thumb Code     0  __rtentry.o(.ARM.Collect$$rtentry$$00000000)
    __rt_entry_presh_1                       0x080001a9   Thumb Code     0  __rtentry2.o(.ARM.Collect$$rtentry$$00000002)
    __rt_entry_sh                            0x080001a9   Thumb Code     0  __rtentry4.o(.ARM.Collect$$rtentry$$00000004)
    __rt_entry_li                            0x080001af   Thumb Code     0  __rtentry2.o(.ARM.Collect$$rtentry$$0000000A)
    __rt_entry_postsh_1                      0x080001af   Thumb Code     0  __rtentry2.o(.ARM.Collect$$rtentry$$00000009)
    __rt_entry_main                          0x080001b3   Thumb Code     0  __rtentry2.o(.ARM.Collect$$rtentry$$0000000D)
    __rt_entry_postli_1                      0x080001b3   Thumb Code     0  __rtentry2.o(.ARM.Collect$$rtentry$$0000000C)
    __rt_exit                                0x080001bb   Thumb Code     0  rtexit.o(.ARM.Collect$$rtexit$$00000000)
    __rt_exit_ls                             0x080001bd   Thumb Code     0  rtexit2.o(.ARM.Collect$$rtexit$$00000003)
    __rt_exit_prels_1                        0x080001bd   Thumb Code     0  rtexit2.o(.ARM.Collect$$rtexit$$00000002)
    __rt_exit_exit                           0x080001c1   Thumb Code     0  rtexit2.o(.ARM.Collect$$rtexit$$00000004)
    Reset_Handler                            0x080001c9   Thumb Code     8  startup_stm32f103xb.o(.text)
    ADC1_2_IRQHandler                        0x080001e3   Thumb Code     0  startup_stm32f103xb.o(.text)
    CAN1_RX1_IRQHandler                      0x080001e3   Thumb Code     0  startup_stm32f103xb.o(.text)
    CAN1_SCE_IRQHandler                      0x080001e3   Thumb Code     0  startup_stm32f103xb.o(.text)
    DMA1_Channel1_IRQHandler                 0x080001e3   Thumb Code     0  startup_stm32f103xb.o(.text)
    DMA1_Channel2_IRQHandler                 0x080001e3   Thumb Code     0  startup_stm32f103xb.o(.text)
    DMA1_Channel3_IRQHandler                 0x080001e3   Thumb Code     0  startup_stm32f103xb.o(.text)
    DMA1_Channel4_IRQHandler                 0x080001e3   Thumb Code     0  startup_stm32f103xb.o(.text)
    DMA1_Channel5_IRQHandler                 0x080001e3   Thumb Code     0  startup_stm32f103xb.o(.text)
    DMA1_Channel6_IRQHandler                 0x080001e3   Thumb Code     0  startup_stm32f103xb.o(.text)
    DMA1_Channel7_IRQHandler                 0x080001e3   Thumb Code     0  startup_stm32f103xb.o(.text)
    EXTI0_IRQHandler                         0x080001e3   Thumb Code     0  startup_stm32f103xb.o(.text)
    EXTI15_10_IRQHandler                     0x080001e3   Thumb Code     0  startup_stm32f103xb.o(.text)
    EXTI1_IRQHandler                         0x080001e3   Thumb Code     0  startup_stm32f103xb.o(.text)
    EXTI2_IRQHandler                         0x080001e3   Thumb Code     0  startup_stm32f103xb.o(.text)
    EXTI3_IRQHandler                         0x080001e3   Thumb Code     0  startup_stm32f103xb.o(.text)
    EXTI4_IRQHandler                         0x080001e3   Thumb Code     0  startup_stm32f103xb.o(.text)
    EXTI9_5_IRQHandler                       0x080001e3   Thumb Code     0  startup_stm32f103xb.o(.text)
    FLASH_IRQHandler                         0x080001e3   Thumb Code     0  startup_stm32f103xb.o(.text)
    I2C1_ER_IRQHandler                       0x080001e3   Thumb Code     0  startup_stm32f103xb.o(.text)
    I2C1_EV_IRQHandler                       0x080001e3   Thumb Code     0  startup_stm32f103xb.o(.text)
    I2C2_ER_IRQHandler                       0x080001e3   Thumb Code     0  startup_stm32f103xb.o(.text)
    I2C2_EV_IRQHandler                       0x080001e3   Thumb Code     0  startup_stm32f103xb.o(.text)
    PVD_IRQHandler                           0x080001e3   Thumb Code     0  startup_stm32f103xb.o(.text)
    RCC_IRQHandler                           0x080001e3   Thumb Code     0  startup_stm32f103xb.o(.text)
    RTC_Alarm_IRQHandler                     0x080001e3   Thumb Code     0  startup_stm32f103xb.o(.text)
    RTC_IRQHandler                           0x080001e3   Thumb Code     0  startup_stm32f103xb.o(.text)
    SPI1_IRQHandler                          0x080001e3   Thumb Code     0  startup_stm32f103xb.o(.text)
    SPI2_IRQHandler                          0x080001e3   Thumb Code     0  startup_stm32f103xb.o(.text)
    TAMPER_IRQHandler                        0x080001e3   Thumb Code     0  startup_stm32f103xb.o(.text)
    TIM1_BRK_IRQHandler                      0x080001e3   Thumb Code     0  startup_stm32f103xb.o(.text)
    TIM1_CC_IRQHandler                       0x080001e3   Thumb Code     0  startup_stm32f103xb.o(.text)
    TIM1_TRG_COM_IRQHandler                  0x080001e3   Thumb Code     0  startup_stm32f103xb.o(.text)
    TIM1_UP_IRQHandler                       0x080001e3   Thumb Code     0  startup_stm32f103xb.o(.text)
    TIM2_IRQHandler                          0x080001e3   Thumb Code     0  startup_stm32f103xb.o(.text)
    TIM3_IRQHandler                          0x080001e3   Thumb Code     0  startup_stm32f103xb.o(.text)
    TIM4_IRQHandler                          0x080001e3   Thumb Code     0  startup_stm32f103xb.o(.text)
    USART2_IRQHandler                        0x080001e3   Thumb Code     0  startup_stm32f103xb.o(.text)
    USART3_IRQHandler                        0x080001e3   Thumb Code     0  startup_stm32f103xb.o(.text)
    USBWakeUp_IRQHandler                     0x080001e3   Thumb Code     0  startup_stm32f103xb.o(.text)
    USB_HP_CAN1_TX_IRQHandler                0x080001e3   Thumb Code     0  startup_stm32f103xb.o(.text)
    USB_LP_CAN1_RX0_IRQHandler               0x080001e3   Thumb Code     0  startup_stm32f103xb.o(.text)
    WWDG_IRQHandler                          0x080001e3   Thumb Code     0  startup_stm32f103xb.o(.text)
    __user_initial_stackheap                 0x080001e5   Thumb Code     0  startup_stm32f103xb.o(.text)
    __use_two_region_memory                  0x08000209   Thumb Code     2  heapauxi.o(.text)
    __rt_heap_escrow$2region                 0x0800020b   Thumb Code     2  heapauxi.o(.text)
    __rt_heap_expand$2region                 0x0800020d   Thumb Code     2  heapauxi.o(.text)
    __user_setup_stackheap                   0x0800020f   Thumb Code    74  sys_stackheap_outer.o(.text)
    exit                                     0x08000259   Thumb Code    18  exit.o(.text)
    __user_libspace                          0x0800026d   Thumb Code     8  libspace.o(.text)
    __user_perproc_libspace                  0x0800026d   Thumb Code     0  libspace.o(.text)
    __user_perthread_libspace                0x0800026d   Thumb Code     0  libspace.o(.text)
    _sys_exit                                0x08000275   Thumb Code     8  sys_exit.o(.text)
    __I$use$semihosting                      0x08000281   Thumb Code     0  use_no_semi.o(.text)
    __use_no_semihosting_swi                 0x08000281   Thumb Code     2  use_no_semi.o(.text)
    __semihosting_library_function           0x08000283   Thumb Code     0  indicate_semi.o(.text)
    ADC_DMA_Start                            0x08000285   Thumb Code    30  adc_handmade.o(i.ADC_DMA_Start)
    ADC_EnableClock                          0x080002a9   Thumb Code    38  adc_handmade.o(i.ADC_EnableClock)
    ADC_Init                                 0x080002d1   Thumb Code   606  adc_handmade.o(i.ADC_Init)
    AddressMemory                            0x08000539   Thumb Code    16  dma_handmade.o(i.AddressMemory)
    AddressPeripheral                        0x0800054d   Thumb Code    16  dma_handmade.o(i.AddressPeripheral)
    BusFault_Handler                         0x08000561   Thumb Code     2  stm32f1xx_it.o(i.BusFault_Handler)
    ControlDevice                            0x08000565   Thumb Code   122  uart_data_manager.o(i.ControlDevice)
    DMA_Init                                 0x080005e5   Thumb Code   370  dma_handmade.o(i.DMA_Init)
    DMA_Start                                0x0800075d   Thumb Code    52  dma_handmade.o(i.DMA_Start)
    DebugMon_Handler                         0x08000795   Thumb Code     2  stm32f1xx_it.o(i.DebugMon_Handler)
    Delay_SysTick                            0x08000799   Thumb Code    14  systick_handmade.o(i.Delay_SysTick)
    EnableInterrupt_RX_UARTx                 0x080007ad   Thumb Code    38  uart_handmade.o(i.EnableInterrupt_RX_UARTx)
    Enable_Clock_RCC_AHB                     0x080007d9   Thumb Code    22  rcc_handmade.o(i.Enable_Clock_RCC_AHB)
    Enable_Clock_RCC_APB1                    0x080007f5   Thumb Code    22  rcc_handmade.o(i.Enable_Clock_RCC_APB1)
    Enable_Clock_RCC_APB2                    0x08000811   Thumb Code    22  rcc_handmade.o(i.Enable_Clock_RCC_APB2)
    Enable_Intterupt_NVIC                    0x0800082d   Thumb Code    28  nvic_handmade.o(i.Enable_Intterupt_NVIC)
    Flash_AdjustForCLK                       0x08000849   Thumb Code    90  flash_handmade.o(i.Flash_AdjustForCLK)
    Flash_ErasePage                          0x080008bd   Thumb Code   120  flash_handmade.o(i.Flash_ErasePage)
    Flash_Lock                               0x08000939   Thumb Code    12  flash_handmade.o(i.Flash_Lock)
    Flash_Unlock                             0x08000949   Thumb Code    12  flash_handmade.o(i.Flash_Unlock)
    Flash_WriteHalfWord                      0x08000961   Thumb Code    56  flash_handmade.o(i.Flash_WriteHalfWord)
    HAL_IncTick                              0x0800099d   Thumb Code    12  stm32f1xx_hal.o(i.HAL_IncTick)
    HAL_Init                                 0x080009ad   Thumb Code    32  stm32f1xx_hal.o(i.HAL_Init)
    HAL_InitTick                             0x080009d1   Thumb Code    54  stm32f1xx_hal.o(i.HAL_InitTick)
    HAL_MspInit                              0x08000a11   Thumb Code    52  stm32f1xx_hal_msp.o(i.HAL_MspInit)
    HAL_NVIC_SetPriority                     0x08000a4d   Thumb Code    60  stm32f1xx_hal_cortex.o(i.HAL_NVIC_SetPriority)
    HAL_NVIC_SetPriorityGrouping             0x08000a8d   Thumb Code    26  stm32f1xx_hal_cortex.o(i.HAL_NVIC_SetPriorityGrouping)
    HAL_SYSTICK_Config                       0x08000ab1   Thumb Code    40  stm32f1xx_hal_cortex.o(i.HAL_SYSTICK_Config)
    HardFault_Handler                        0x08000ad9   Thumb Code     2  stm32f1xx_it.o(i.HardFault_Handler)
    InitDataManager                          0x08000add   Thumb Code    28  uart_data_manager.o(i.InitDataManager)
    InitDataToESP32                          0x08000b01   Thumb Code   192  uart_data_manager.o(i.InitDataToESP32)
    InitGPIO                                 0x08000bcd   Thumb Code   130  gpio_handmade.o(i.InitGPIO)
    InitGPIO_Control_Device                  0x08000c55   Thumb Code    40  initsystemperipheral.o(i.InitGPIO_Control_Device)
    InitSystemPeripheral                     0x08000c81   Thumb Code    82  initsystemperipheral.o(i.InitSystemPeripheral)
    MemManage_Handler                        0x08000cd9   Thumb Code     2  stm32f1xx_it.o(i.MemManage_Handler)
    NMI_Handler                              0x08000cdb   Thumb Code     2  stm32f1xx_it.o(i.NMI_Handler)
    NVIC_SystemReset_handmade                0x08000cdd   Thumb Code    16  scb_base.o(i.NVIC_SystemReset_handmade)
    OFF_Led_Hardware                         0x08000cf5   Thumb Code    10  gpio_handmade.o(i.OFF_Led_Hardware)
    ON_Led_Hardware                          0x08000cff   Thumb Code    10  gpio_handmade.o(i.ON_Led_Hardware)
    PendSV_Handler                           0x08000d09   Thumb Code     2  stm32f1xx_it.o(i.PendSV_Handler)
    ReciveUART                               0x08000d0d   Thumb Code    52  uart_data_manager.o(i.ReciveUART)
    SVC_Handler                              0x08000d45   Thumb Code     2  stm32f1xx_it.o(i.SVC_Handler)
    Select_Frequency_CLK                     0x08000d49   Thumb Code   216  rcc_handmade.o(i.Select_Frequency_CLK)
    Select_Prescaler_RCC                     0x08000e41   Thumb Code   148  rcc_handmade.o(i.Select_Prescaler_RCC)
    Select_Sources_Clock                     0x08000edd   Thumb Code    58  rcc_handmade.o(i.Select_Sources_Clock)
    SignalModeNormal_LED                     0x08000f1d   Thumb Code   106  uart_data_manager.o(i.SignalModeNormal_LED)
    SysTick_Handler                          0x08000f87   Thumb Code     4  stm32f1xx_it.o(i.SysTick_Handler)
    SysTick_Init                             0x08000f8b   Thumb Code    86  systick_handmade.o(i.SysTick_Init)
    SystemInit                               0x08000fe1   Thumb Code     2  system_stm32f1xx.o(i.SystemInit)
    TransmitDataUART                         0x08000fe5   Thumb Code    58  uart_handmade.o(i.TransmitDataUART)
    UARTInit                                 0x08001025   Thumb Code   544  uart_handmade.o(i.UARTInit)
    UART_Controller                          0x08001249   Thumb Code    58  uart_data_manager.o(i.UART_Controller)
    USART1_IRQHandler                        0x08001289   Thumb Code    10  main.o(i.USART1_IRQHandler)
    UsageFault_Handler                       0x08001299   Thumb Code     2  stm32f1xx_it.o(i.UsageFault_Handler)
    WritePin                                 0x0800129d   Thumb Code    68  gpio_handmade.o(i.WritePin)
    getFrequencyAPB1                         0x08001305   Thumb Code    28  rcc_handmade.o(i.getFrequencyAPB1)
    getFrequencyAPB2                         0x08001325   Thumb Code    28  rcc_handmade.o(i.getFrequencyAPB2)
    getFrequencyRCC                          0x08001345   Thumb Code     6  rcc_handmade.o(i.getFrequencyRCC)
    init_RCC                                 0x08001351   Thumb Code    82  rcc_handmade.o(i.init_RCC)
    main                                     0x080013ad   Thumb Code    58  main.o(i.main)
    __aeabi_fadd                             0x080013f1   Thumb Code     0  faddsub_clz.o(x$fpl$fadd)
    _fadd                                    0x080013f1   Thumb Code   196  faddsub_clz.o(x$fpl$fadd)
    __fpl_fcheck_NaN1                        0x080014b5   Thumb Code     6  fcheck1.o(x$fpl$fcheck1)
    __aeabi_fdiv                             0x080014c1   Thumb Code     0  fdiv.o(x$fpl$fdiv)
    _fdiv                                    0x080014c1   Thumb Code   384  fdiv.o(x$fpl$fdiv)
    __aeabi_f2uiz                            0x08001645   Thumb Code     0  ffixu.o(x$fpl$ffixu)
    _ffixu                                   0x08001645   Thumb Code    62  ffixu.o(x$fpl$ffixu)
    __aeabi_ui2f                             0x08001685   Thumb Code     0  fflt_clz.o(x$fpl$ffltu)
    _ffltu                                   0x08001685   Thumb Code    38  fflt_clz.o(x$fpl$ffltu)
    __fpl_fnaninf                            0x080016ab   Thumb Code   140  fnaninf.o(x$fpl$fnaninf)
    __fpl_fretinf                            0x08001737   Thumb Code    10  fretinf.o(x$fpl$fretinf)
    __aeabi_frsub                            0x08001741   Thumb Code     0  faddsub_clz.o(x$fpl$frsb)
    _frsb                                    0x08001741   Thumb Code    20  faddsub_clz.o(x$fpl$frsb)
    __aeabi_fsub                             0x08001755   Thumb Code     0  faddsub_clz.o(x$fpl$fsub)
    _fsub                                    0x08001755   Thumb Code   234  faddsub_clz.o(x$fpl$fsub)
    __fpl_return_NaN                         0x0800183f   Thumb Code   100  retnan.o(x$fpl$retnan)
    __ARM_scalbnf                            0x080018a3   Thumb Code    76  scalbnf.o(x$fpl$scalbnf)
    __fpl_cmpreturn                          0x080018ef   Thumb Code    48  trapv.o(x$fpl$trapveneer)
    __I$use$fp                               0x0800191e   Number         0  usenofp.o(x$fpl$usenofp)
    Region$$Table$$Base                      0x08001928   Number         0  anon$$obj.o(Region$$Table)
    Region$$Table$$Limit                     0x08001948   Number         0  anon$$obj.o(Region$$Table)
    Data_Manager                             0x20000000   Data         124  main.o(.data)
    uwTickFreq                               0x2000007c   Data           1  stm32f1xx_hal.o(.data)
    uwTickPrio                               0x20000080   Data           4  stm32f1xx_hal.o(.data)
    uwTick                                   0x20000084   Data           4  stm32f1xx_hal.o(.data)
    SystemCoreClock                          0x20000088   Data           4  system_stm32f1xx.o(.data)
    PPRE1_Prescaler                          0x200000a8   Data           1  rcc_handmade.o(.data)
    PPRE2_Prescaler                          0x200000a9   Data           1  rcc_handmade.o(.data)
    HPRE_Prescaler                           0x200000aa   Data           1  rcc_handmade.o(.data)
    Frequency_RCC                            0x200000ac   Data           4  rcc_handmade.o(.data)
    SysTick_ms                               0x200000b0   Data           4  systick_handmade.o(.data)
    UART_List                                0x200000b8   Data          12  uart_handmade.o(.data)
    LED_Hardware                             0x200000c4   Data           4  initsystemperipheral.o(.data)
    _Data_Manager                            0x200000c8   Data           4  initsystemperipheral.o(.data)
    SysTickConfigDefault                     0x200000cc   Data           8  initsystemperipheral.o(.data)
    rccconfigDefault                         0x200000d4   Data           8  initsystemperipheral.o(.data)
    uartConfigDefault                        0x200000dc   Data          52  initsystemperipheral.o(.data)
    ADC_Config_5_SENSOR                      0x20000110   Data          58  initsystemperipheral.o(.data)
    DMA_ADC_5_SENSOR                         0x2000014c   Data          24  initsystemperipheral.o(.data)
    DataManager                              0x20000164   Data           4  uart_data_manager.o(.data)
    __libspace_start                         0x20000168   Data          96  libspace.o(.bss)
    __temporary_stack_top$libspace           0x200001c8   Data           0  libspace.o(.bss)



==============================================================================

Memory Map of the image

  Image Entry point : 0x080000ed

  Load Region LR_IROM1 (Base: 0x08000000, Size: 0x00001ab0, Max: 0x00010000, ABSOLUTE, COMPRESSED[0x000019a4])

    Execution Region ER_IROM1 (Exec base: 0x08000000, Load base: 0x08000000, Size: 0x00001948, Max: 0x00010000, ABSOLUTE)

    Exec Addr    Load Addr    Size         Type   Attr      Idx    E Section Name        Object

    0x08000000   0x08000000   0x000000ec   Data   RO            3    RESET               startup_stm32f103xb.o
    0x080000ec   0x080000ec   0x00000008   Code   RO         2411  * !!!main             c_w.l(__main.o)
    0x080000f4   0x080000f4   0x00000034   Code   RO         2603    !!!scatter          c_w.l(__scatter.o)
    0x08000128   0x08000128   0x0000005a   Code   RO         2601    !!dczerorl2         c_w.l(__dczerorl2.o)
    0x08000182   0x08000182   0x00000002   PAD
    0x08000184   0x08000184   0x0000001c   Code   RO         2605    !!handler_zi        c_w.l(__scatter_zi.o)
    0x080001a0   0x080001a0   0x00000002   Code   RO         2469    .ARM.Collect$$libinit$$00000000  c_w.l(libinit.o)
    0x080001a2   0x080001a2   0x00000000   Code   RO         2478    .ARM.Collect$$libinit$$00000002  c_w.l(libinit2.o)
    0x080001a2   0x080001a2   0x00000000   Code   RO         2480    .ARM.Collect$$libinit$$00000004  c_w.l(libinit2.o)
    0x080001a2   0x080001a2   0x00000000   Code   RO         2483    .ARM.Collect$$libinit$$0000000A  c_w.l(libinit2.o)
    0x080001a2   0x080001a2   0x00000000   Code   RO         2485    .ARM.Collect$$libinit$$0000000C  c_w.l(libinit2.o)
    0x080001a2   0x080001a2   0x00000000   Code   RO         2487    .ARM.Collect$$libinit$$0000000E  c_w.l(libinit2.o)
    0x080001a2   0x080001a2   0x00000000   Code   RO         2490    .ARM.Collect$$libinit$$00000011  c_w.l(libinit2.o)
    0x080001a2   0x080001a2   0x00000000   Code   RO         2492    .ARM.Collect$$libinit$$00000013  c_w.l(libinit2.o)
    0x080001a2   0x080001a2   0x00000000   Code   RO         2494    .ARM.Collect$$libinit$$00000015  c_w.l(libinit2.o)
    0x080001a2   0x080001a2   0x00000000   Code   RO         2496    .ARM.Collect$$libinit$$00000017  c_w.l(libinit2.o)
    0x080001a2   0x080001a2   0x00000000   Code   RO         2498    .ARM.Collect$$libinit$$00000019  c_w.l(libinit2.o)
    0x080001a2   0x080001a2   0x00000000   Code   RO         2500    .ARM.Collect$$libinit$$0000001B  c_w.l(libinit2.o)
    0x080001a2   0x080001a2   0x00000000   Code   RO         2502    .ARM.Collect$$libinit$$0000001D  c_w.l(libinit2.o)
    0x080001a2   0x080001a2   0x00000000   Code   RO         2504    .ARM.Collect$$libinit$$0000001F  c_w.l(libinit2.o)
    0x080001a2   0x080001a2   0x00000000   Code   RO         2506    .ARM.Collect$$libinit$$00000021  c_w.l(libinit2.o)
    0x080001a2   0x080001a2   0x00000000   Code   RO         2508    .ARM.Collect$$libinit$$00000023  c_w.l(libinit2.o)
    0x080001a2   0x080001a2   0x00000000   Code   RO         2510    .ARM.Collect$$libinit$$00000025  c_w.l(libinit2.o)
    0x080001a2   0x080001a2   0x00000000   Code   RO         2514    .ARM.Collect$$libinit$$0000002C  c_w.l(libinit2.o)
    0x080001a2   0x080001a2   0x00000000   Code   RO         2516    .ARM.Collect$$libinit$$0000002E  c_w.l(libinit2.o)
    0x080001a2   0x080001a2   0x00000000   Code   RO         2518    .ARM.Collect$$libinit$$00000030  c_w.l(libinit2.o)
    0x080001a2   0x080001a2   0x00000000   Code   RO         2520    .ARM.Collect$$libinit$$00000032  c_w.l(libinit2.o)
    0x080001a2   0x080001a2   0x00000002   Code   RO         2521    .ARM.Collect$$libinit$$00000033  c_w.l(libinit2.o)
    0x080001a4   0x080001a4   0x00000002   Code   RO         2541    .ARM.Collect$$libshutdown$$00000000  c_w.l(libshutdown.o)
    0x080001a6   0x080001a6   0x00000000   Code   RO         2554    .ARM.Collect$$libshutdown$$00000002  c_w.l(libshutdown2.o)
    0x080001a6   0x080001a6   0x00000000   Code   RO         2556    .ARM.Collect$$libshutdown$$00000004  c_w.l(libshutdown2.o)
    0x080001a6   0x080001a6   0x00000000   Code   RO         2559    .ARM.Collect$$libshutdown$$00000007  c_w.l(libshutdown2.o)
    0x080001a6   0x080001a6   0x00000000   Code   RO         2562    .ARM.Collect$$libshutdown$$0000000A  c_w.l(libshutdown2.o)
    0x080001a6   0x080001a6   0x00000000   Code   RO         2564    .ARM.Collect$$libshutdown$$0000000C  c_w.l(libshutdown2.o)
    0x080001a6   0x080001a6   0x00000000   Code   RO         2567    .ARM.Collect$$libshutdown$$0000000F  c_w.l(libshutdown2.o)
    0x080001a6   0x080001a6   0x00000002   Code   RO         2568    .ARM.Collect$$libshutdown$$00000010  c_w.l(libshutdown2.o)
    0x080001a8   0x080001a8   0x00000000   Code   RO         2435    .ARM.Collect$$rtentry$$00000000  c_w.l(__rtentry.o)
    0x080001a8   0x080001a8   0x00000000   Code   RO         2444    .ARM.Collect$$rtentry$$00000002  c_w.l(__rtentry2.o)
    0x080001a8   0x080001a8   0x00000006   Code   RO         2456    .ARM.Collect$$rtentry$$00000004  c_w.l(__rtentry4.o)
    0x080001ae   0x080001ae   0x00000000   Code   RO         2446    .ARM.Collect$$rtentry$$00000009  c_w.l(__rtentry2.o)
    0x080001ae   0x080001ae   0x00000004   Code   RO         2447    .ARM.Collect$$rtentry$$0000000A  c_w.l(__rtentry2.o)
    0x080001b2   0x080001b2   0x00000000   Code   RO         2449    .ARM.Collect$$rtentry$$0000000C  c_w.l(__rtentry2.o)
    0x080001b2   0x080001b2   0x00000008   Code   RO         2450    .ARM.Collect$$rtentry$$0000000D  c_w.l(__rtentry2.o)
    0x080001ba   0x080001ba   0x00000002   Code   RO         2475    .ARM.Collect$$rtexit$$00000000  c_w.l(rtexit.o)
    0x080001bc   0x080001bc   0x00000000   Code   RO         2523    .ARM.Collect$$rtexit$$00000002  c_w.l(rtexit2.o)
    0x080001bc   0x080001bc   0x00000004   Code   RO         2524    .ARM.Collect$$rtexit$$00000003  c_w.l(rtexit2.o)
    0x080001c0   0x080001c0   0x00000006   Code   RO         2525    .ARM.Collect$$rtexit$$00000004  c_w.l(rtexit2.o)
    0x080001c6   0x080001c6   0x00000002   PAD
    0x080001c8   0x080001c8   0x00000040   Code   RO            4    .text               startup_stm32f103xb.o
    0x08000208   0x08000208   0x00000006   Code   RO         2409    .text               c_w.l(heapauxi.o)
    0x0800020e   0x0800020e   0x0000004a   Code   RO         2460    .text               c_w.l(sys_stackheap_outer.o)
    0x08000258   0x08000258   0x00000012   Code   RO         2462    .text               c_w.l(exit.o)
    0x0800026a   0x0800026a   0x00000002   PAD
    0x0800026c   0x0800026c   0x00000008   Code   RO         2472    .text               c_w.l(libspace.o)
    0x08000274   0x08000274   0x0000000c   Code   RO         2533    .text               c_w.l(sys_exit.o)
    0x08000280   0x08000280   0x00000002   Code   RO         2544    .text               c_w.l(use_no_semi.o)
    0x08000282   0x08000282   0x00000000   Code   RO         2546    .text               c_w.l(indicate_semi.o)
    0x08000282   0x08000282   0x00000002   PAD
    0x08000284   0x08000284   0x00000024   Code   RO         1735    i.ADC_DMA_Start     adc_handmade.o
    0x080002a8   0x080002a8   0x00000026   Code   RO         1736    i.ADC_EnableClock   adc_handmade.o
    0x080002ce   0x080002ce   0x00000002   PAD
    0x080002d0   0x080002d0   0x00000268   Code   RO         1737    i.ADC_Init          adc_handmade.o
    0x08000538   0x08000538   0x00000014   Code   RO         1778    i.AddressMemory     dma_handmade.o
    0x0800054c   0x0800054c   0x00000014   Code   RO         1779    i.AddressPeripheral  dma_handmade.o
    0x08000560   0x08000560   0x00000002   Code   RO          176    i.BusFault_Handler  stm32f1xx_it.o
    0x08000562   0x08000562   0x00000002   PAD
    0x08000564   0x08000564   0x00000080   Code   RO         2154    i.ControlDevice     uart_data_manager.o
    0x080005e4   0x080005e4   0x00000178   Code   RO         1780    i.DMA_Init          dma_handmade.o
    0x0800075c   0x0800075c   0x00000038   Code   RO         1781    i.DMA_Start         dma_handmade.o
    0x08000794   0x08000794   0x00000002   Code   RO          177    i.DebugMon_Handler  stm32f1xx_it.o
    0x08000796   0x08000796   0x00000002   PAD
    0x08000798   0x08000798   0x00000014   Code   RO         2016    i.Delay_SysTick     systick_handmade.o
    0x080007ac   0x080007ac   0x0000002c   Code   RO         2078    i.EnableInterrupt_RX_UARTx  uart_handmade.o
    0x080007d8   0x080007d8   0x0000001c   Code   RO         1935    i.Enable_Clock_RCC_AHB  rcc_handmade.o
    0x080007f4   0x080007f4   0x0000001c   Code   RO         1936    i.Enable_Clock_RCC_APB1  rcc_handmade.o
    0x08000810   0x08000810   0x0000001c   Code   RO         1937    i.Enable_Clock_RCC_APB2  rcc_handmade.o
    0x0800082c   0x0800082c   0x0000001c   Code   RO         1912    i.Enable_Intterupt_NVIC  nvic_handmade.o
    0x08000848   0x08000848   0x00000074   Code   RO         1808    i.Flash_AdjustForCLK  flash_handmade.o
    0x080008bc   0x080008bc   0x0000007c   Code   RO         1809    i.Flash_ErasePage   flash_handmade.o
    0x08000938   0x08000938   0x00000010   Code   RO         1810    i.Flash_Lock        flash_handmade.o
    0x08000948   0x08000948   0x00000018   Code   RO         1811    i.Flash_Unlock      flash_handmade.o
    0x08000960   0x08000960   0x0000003c   Code   RO         1813    i.Flash_WriteHalfWord  flash_handmade.o
    0x0800099c   0x0800099c   0x00000010   Code   RO          740    i.HAL_IncTick       stm32f1xx_hal.o
    0x080009ac   0x080009ac   0x00000024   Code   RO          741    i.HAL_Init          stm32f1xx_hal.o
    0x080009d0   0x080009d0   0x00000040   Code   RO          742    i.HAL_InitTick      stm32f1xx_hal.o
    0x08000a10   0x08000a10   0x0000003c   Code   RO          252    i.HAL_MspInit       stm32f1xx_hal_msp.o
    0x08000a4c   0x08000a4c   0x00000040   Code   RO         1206    i.HAL_NVIC_SetPriority  stm32f1xx_hal_cortex.o
    0x08000a8c   0x08000a8c   0x00000024   Code   RO         1207    i.HAL_NVIC_SetPriorityGrouping  stm32f1xx_hal_cortex.o
    0x08000ab0   0x08000ab0   0x00000028   Code   RO         1211    i.HAL_SYSTICK_Config  stm32f1xx_hal_cortex.o
    0x08000ad8   0x08000ad8   0x00000002   Code   RO          178    i.HardFault_Handler  stm32f1xx_it.o
    0x08000ada   0x08000ada   0x00000002   PAD
    0x08000adc   0x08000adc   0x00000024   Code   RO         2155    i.InitDataManager   uart_data_manager.o
    0x08000b00   0x08000b00   0x000000cc   Code   RO         2156    i.InitDataToESP32   uart_data_manager.o
    0x08000bcc   0x08000bcc   0x00000088   Code   RO         1849    i.InitGPIO          gpio_handmade.o
    0x08000c54   0x08000c54   0x0000002c   Code   RO         2129    i.InitGPIO_Control_Device  initsystemperipheral.o
    0x08000c80   0x08000c80   0x00000058   Code   RO         2130    i.InitSystemPeripheral  initsystemperipheral.o
    0x08000cd8   0x08000cd8   0x00000002   Code   RO          179    i.MemManage_Handler  stm32f1xx_it.o
    0x08000cda   0x08000cda   0x00000002   Code   RO          180    i.NMI_Handler       stm32f1xx_it.o
    0x08000cdc   0x08000cdc   0x00000018   Code   RO         2311    i.NVIC_SystemReset_handmade  scb_base.o
    0x08000cf4   0x08000cf4   0x0000000a   Code   RO         1850    i.OFF_Led_Hardware  gpio_handmade.o
    0x08000cfe   0x08000cfe   0x0000000a   Code   RO         1851    i.ON_Led_Hardware   gpio_handmade.o
    0x08000d08   0x08000d08   0x00000002   Code   RO          181    i.PendSV_Handler    stm32f1xx_it.o
    0x08000d0a   0x08000d0a   0x00000002   PAD
    0x08000d0c   0x08000d0c   0x00000038   Code   RO         2157    i.ReciveUART        uart_data_manager.o
    0x08000d44   0x08000d44   0x00000002   Code   RO          182    i.SVC_Handler       stm32f1xx_it.o
    0x08000d46   0x08000d46   0x00000002   PAD
    0x08000d48   0x08000d48   0x000000f8   Code   RO         1939    i.Select_Frequency_CLK  rcc_handmade.o
    0x08000e40   0x08000e40   0x0000009c   Code   RO         1940    i.Select_Prescaler_RCC  rcc_handmade.o
    0x08000edc   0x08000edc   0x00000040   Code   RO         1941    i.Select_Sources_Clock  rcc_handmade.o
    0x08000f1c   0x08000f1c   0x0000006a   Code   RO         2158    i.SignalModeNormal_LED  uart_data_manager.o
    0x08000f86   0x08000f86   0x00000004   Code   RO          183    i.SysTick_Handler   stm32f1xx_it.o
    0x08000f8a   0x08000f8a   0x00000056   Code   RO         2017    i.SysTick_Init      systick_handmade.o
    0x08000fe0   0x08000fe0   0x00000002   Code   RO         1701    i.SystemInit        system_stm32f1xx.o
    0x08000fe2   0x08000fe2   0x00000002   PAD
    0x08000fe4   0x08000fe4   0x00000040   Code   RO         2081    i.TransmitDataUART  uart_handmade.o
    0x08001024   0x08001024   0x00000224   Code   RO         2082    i.UARTInit          uart_handmade.o
    0x08001248   0x08001248   0x00000040   Code   RO         2159    i.UART_Controller   uart_data_manager.o
    0x08001288   0x08001288   0x00000010   Code   RO           13    i.USART1_IRQHandler  main.o
    0x08001298   0x08001298   0x00000002   Code   RO          184    i.UsageFault_Handler  stm32f1xx_it.o
    0x0800129a   0x0800129a   0x00000002   PAD
    0x0800129c   0x0800129c   0x00000048   Code   RO         1856    i.WritePin          gpio_handmade.o
    0x080012e4   0x080012e4   0x00000020   Code   RO         1213    i.__NVIC_SetPriority  stm32f1xx_hal_cortex.o
    0x08001304   0x08001304   0x00000020   Code   RO         1943    i.getFrequencyAPB1  rcc_handmade.o
    0x08001324   0x08001324   0x00000020   Code   RO         1944    i.getFrequencyAPB2  rcc_handmade.o
    0x08001344   0x08001344   0x0000000c   Code   RO         1945    i.getFrequencyRCC   rcc_handmade.o
    0x08001350   0x08001350   0x0000005c   Code   RO         1946    i.init_RCC          rcc_handmade.o
    0x080013ac   0x080013ac   0x00000044   Code   RO           14    i.main              main.o
    0x080013f0   0x080013f0   0x000000c4   Code   RO         2413    x$fpl$fadd          fz_ws.l(faddsub_clz.o)
    0x080014b4   0x080014b4   0x0000000c   Code   RO         2436    x$fpl$fcheck1       fz_ws.l(fcheck1.o)
    0x080014c0   0x080014c0   0x00000184   Code   RO         2420    x$fpl$fdiv          fz_ws.l(fdiv.o)
    0x08001644   0x08001644   0x0000003e   Code   RO         2423    x$fpl$ffixu         fz_ws.l(ffixu.o)
    0x08001682   0x08001682   0x00000002   PAD
    0x08001684   0x08001684   0x00000026   Code   RO         2427    x$fpl$ffltu         fz_ws.l(fflt_clz.o)
    0x080016aa   0x080016aa   0x0000008c   Code   RO         2438    x$fpl$fnaninf       fz_ws.l(fnaninf.o)
    0x08001736   0x08001736   0x0000000a   Code   RO         2440    x$fpl$fretinf       fz_ws.l(fretinf.o)
    0x08001740   0x08001740   0x00000014   Code   RO         2414    x$fpl$frsb          fz_ws.l(faddsub_clz.o)
    0x08001754   0x08001754   0x000000ea   Code   RO         2415    x$fpl$fsub          fz_ws.l(faddsub_clz.o)
    0x0800183e   0x0800183e   0x00000064   Code   RO         2458    x$fpl$retnan        fz_ws.l(retnan.o)
    0x080018a2   0x080018a2   0x0000004c   Code   RO         2433    x$fpl$scalbnf       fz_ws.l(scalbnf.o)
    0x080018ee   0x080018ee   0x00000030   Code   RO         2470    x$fpl$trapveneer    fz_ws.l(trapv.o)
    0x0800191e   0x0800191e   0x00000000   Code   RO         2442    x$fpl$usenofp       fz_ws.l(usenofp.o)
    0x0800191e   0x0800191e   0x00000002   PAD
    0x08001920   0x08001920   0x00000008   Data   RO         2132    .constdata          initsystemperipheral.o
    0x08001928   0x08001928   0x00000020   Data   RO         2599    Region$$Table       anon$$obj.o


    Execution Region RW_IRAM1 (Exec base: 0x20000000, Load base: 0x08001948, Size: 0x000007c8, Max: 0x00005000, ABSOLUTE, COMPRESSED[0x0000005c])

    Exec Addr    Load Addr    Size         Type   Attr      Idx    E Section Name        Object

    0x20000000   COMPRESSED   0x0000007c   Data   RW           16    .data               main.o
    0x2000007c   COMPRESSED   0x0000000c   Data   RW          748    .data               stm32f1xx_hal.o
    0x20000088   COMPRESSED   0x00000004   Data   RW         1704    .data               system_stm32f1xx.o
    0x2000008c   COMPRESSED   0x0000001c   Data   RW         1858    .data               gpio_handmade.o
    0x200000a8   COMPRESSED   0x00000008   Data   RW         1947    .data               rcc_handmade.o
    0x200000b0   COMPRESSED   0x00000004   Data   RW         2019    .data               systick_handmade.o
    0x200000b4   COMPRESSED   0x00000010   Data   RW         2085    .data               uart_handmade.o
    0x200000c4   COMPRESSED   0x000000a0   Data   RW         2133    .data               initsystemperipheral.o
    0x20000164   COMPRESSED   0x00000004   Data   RW         2160    .data               uart_data_manager.o
    0x20000168        -       0x00000060   Zero   RW         2473    .bss                c_w.l(libspace.o)
    0x200001c8        -       0x00000200   Zero   RW            2    HEAP                startup_stm32f103xb.o
    0x200003c8        -       0x00000400   Zero   RW            1    STACK               startup_stm32f103xb.o

